Archive member included to satisfy reference by file (symbol)

c:/nxp/mcuxpressoide_11.2.0_4120/ide/plugins/com.nxp.mcuxpresso.tools.win32_11.2.0.202001021529/tools/bin/../lib/gcc/arm-none-eabi/9.2.1/../../../../arm-none-eabi/lib/thumb/v6-m/nofp\libcr_nohost_nf.a(__ciob.o)
                              ./source/readasync_baremetal.o (symbol from plugin) (__Ciob)
c:/nxp/mcuxpressoide_11.2.0_4120/ide/plugins/com.nxp.mcuxpresso.tools.win32_11.2.0.202001021529/tools/bin/../lib/gcc/arm-none-eabi/9.2.1/../../../../arm-none-eabi/lib/thumb/v6-m/nofp\libcr_nohost_nf.a(_cr__main.o)
                              ./startup/startup_mkl25z4.o (symbol from plugin) (__main)
c:/nxp/mcuxpressoide_11.2.0_4120/ide/plugins/com.nxp.mcuxpresso.tools.win32_11.2.0.202001021529/tools/bin/../lib/gcc/arm-none-eabi/9.2.1/../../../../arm-none-eabi/lib/thumb/v6-m/nofp\libcr_c.a(memcpy.o)
                              ./drivers/fsl_flash.o (symbol from plugin) (memcpy)
c:/nxp/mcuxpressoide_11.2.0_4120/ide/plugins/com.nxp.mcuxpresso.tools.win32_11.2.0.202001021529/tools/bin/../lib/gcc/arm-none-eabi/9.2.1/../../../../arm-none-eabi/lib/thumb/v6-m/nofp\libcr_c.a(memmove.o)
                              ./source/serial_reader_l3.o (symbol from plugin) (memmove)
c:/nxp/mcuxpressoide_11.2.0_4120/ide/plugins/com.nxp.mcuxpresso.tools.win32_11.2.0.202001021529/tools/bin/../lib/gcc/arm-none-eabi/9.2.1/../../../../arm-none-eabi/lib/thumb/v6-m/nofp\libcr_c.a(memset.o)
                              ./source/serial_reader.o (symbol from plugin) (memset)
c:/nxp/mcuxpressoide_11.2.0_4120/ide/plugins/com.nxp.mcuxpresso.tools.win32_11.2.0.202001021529/tools/bin/../lib/gcc/arm-none-eabi/9.2.1/../../../../arm-none-eabi/lib/thumb/v6-m/nofp\libcr_c.a(alloc.o)
                              ./source/serial_reader.o (symbol from plugin) (malloc)
c:/nxp/mcuxpressoide_11.2.0_4120/ide/plugins/com.nxp.mcuxpresso.tools.win32_11.2.0.202001021529/tools/bin/../lib/gcc/arm-none-eabi/9.2.1/../../../../arm-none-eabi/lib/thumb/v6-m/nofp\libcr_c.a(initio.o)
                              c:/nxp/mcuxpressoide_11.2.0_4120/ide/plugins/com.nxp.mcuxpresso.tools.win32_11.2.0.202001021529/tools/bin/../lib/gcc/arm-none-eabi/9.2.1/../../../../arm-none-eabi/lib/thumb/v6-m/nofp\libcr_nohost_nf.a(_cr__main.o) (_initio)
c:/nxp/mcuxpressoide_11.2.0_4120/ide/plugins/com.nxp.mcuxpresso.tools.win32_11.2.0.202001021529/tools/bin/../lib/gcc/arm-none-eabi/9.2.1/../../../../arm-none-eabi/lib/thumb/v6-m/nofp\libcr_c.a(printf.o)
                              ./source/readasync_baremetal.o (symbol from plugin) (_fprintf)
c:/nxp/mcuxpressoide_11.2.0_4120/ide/plugins/com.nxp.mcuxpresso.tools.win32_11.2.0.202001021529/tools/bin/../lib/gcc/arm-none-eabi/9.2.1/../../../../arm-none-eabi/lib/thumb/v6-m/nofp\libcr_c.a(setvbuf.o)
                              c:/nxp/mcuxpressoide_11.2.0_4120/ide/plugins/com.nxp.mcuxpresso.tools.win32_11.2.0.202001021529/tools/bin/../lib/gcc/arm-none-eabi/9.2.1/../../../../arm-none-eabi/lib/thumb/v6-m/nofp\libcr_c.a(initio.o) (setvbuf)
c:/nxp/mcuxpressoide_11.2.0_4120/ide/plugins/com.nxp.mcuxpresso.tools.win32_11.2.0.202001021529/tools/bin/../lib/gcc/arm-none-eabi/9.2.1/../../../../arm-none-eabi/lib/thumb/v6-m/nofp\libcr_c.a(strcmp.o)
                              ./source/readasync_baremetal.o (symbol from plugin) (strcmp)
c:/nxp/mcuxpressoide_11.2.0_4120/ide/plugins/com.nxp.mcuxpresso.tools.win32_11.2.0.202001021529/tools/bin/../lib/gcc/arm-none-eabi/9.2.1/../../../../arm-none-eabi/lib/thumb/v6-m/nofp\libcr_c.a(strlen.o)
                              c:/nxp/mcuxpressoide_11.2.0_4120/ide/plugins/com.nxp.mcuxpresso.tools.win32_11.2.0.202001021529/tools/bin/../lib/gcc/arm-none-eabi/9.2.1/../../../../arm-none-eabi/lib/thumb/v6-m/nofp\libcr_c.a(printf.o) (strlen)
c:/nxp/mcuxpressoide_11.2.0_4120/ide/plugins/com.nxp.mcuxpresso.tools.win32_11.2.0.202001021529/tools/bin/../lib/gcc/arm-none-eabi/9.2.1/../../../../arm-none-eabi/lib/thumb/v6-m/nofp\libcr_c.a(strncmp.o)
                              ./source/tm_reader.o (symbol from plugin) (strncmp)
c:/nxp/mcuxpressoide_11.2.0_4120/ide/plugins/com.nxp.mcuxpresso.tools.win32_11.2.0.202001021529/tools/bin/../lib/gcc/arm-none-eabi/9.2.1/../../../../arm-none-eabi/lib/thumb/v6-m/nofp\libcr_c.a(strncpy.o)
                              ./source/tm_reader.o (symbol from plugin) (strncpy)
c:/nxp/mcuxpressoide_11.2.0_4120/ide/plugins/com.nxp.mcuxpresso.tools.win32_11.2.0.202001021529/tools/bin/../lib/gcc/arm-none-eabi/9.2.1/../../../../arm-none-eabi/lib/thumb/v6-m/nofp\libcr_c.a(strtok.o)
                              ./source/readasync_baremetal.o (symbol from plugin) (strtok)
c:/nxp/mcuxpressoide_11.2.0_4120/ide/plugins/com.nxp.mcuxpresso.tools.win32_11.2.0.202001021529/tools/bin/../lib/gcc/arm-none-eabi/9.2.1/../../../../arm-none-eabi/lib/thumb/v6-m/nofp\libcr_c.a(__init_alloc.o)
[...]
Memory Configuration

Name             Origin             Length             Attributes
PROGRAM_FLASH    0x00000000         0x00020000         xr
SRAM             0x1ffff000         0x00004000         xrw
*default*        0x00000000         0xffffffff

Linker script and memory map

LOAD C:\Users\apanchal\AppData\Local\Temp\FRDMKL25Z.axf.EfWto3.ltrans0.ltrans.o
LOAD C:\Users\apanchal\AppData\Local\Temp\ccFtfbhs.debug.temp.o
LOAD C:\Users\apanchal\AppData\Local\Temp\ccK3ZoQW.debug.temp.o
LOAD C:\Users\apanchal\AppData\Local\Temp\ccZmlflr.debug.temp.o
LOAD C:\Users\apanchal\AppData\Local\Temp\ccWKRnWW.debug.temp.o
LOAD C:\Users\apanchal\AppData\Local\Temp\cc1MERss.debug.temp.o
LOAD C:\Users\apanchal\AppData\Local\Temp\ccGN1IRX.debug.temp.o
LOAD C:\Users\apanchal\AppData\Local\Temp\ccvxZcct.debug.temp.o
LOAD C:\Users\apanchal\AppData\Local\Temp\ccodKNmY.debug.temp.o
LOAD C:\Users\apanchal\AppData\Local\Temp\ccbgQmUw.debug.temp.o
LOAD C:\Users\apanchal\AppData\Local\Temp\cc6Yfyn5.debug.temp.o
LOAD C:\Users\apanchal\AppData\Local\Temp\ccbrgmMD.debug.temp.o
LOAD C:\Users\apanchal\AppData\Local\Temp\ccKeOV7b.debug.temp.o
LOAD C:\Users\apanchal\AppData\Local\Temp\ccrIF7oK.debug.temp.o
LOAD C:\Users\apanchal\AppData\Local\Temp\ccgQNEBi.debug.temp.o
LOAD C:\Users\apanchal\AppData\Local\Temp\ccpq7qFQ.debug.temp.o
LOAD C:\Users\apanchal\AppData\Local\Temp\ccaiOZJp.debug.temp.o
LOAD C:\Users\apanchal\AppData\Local\Temp\cc7VmbKY.debug.temp.o
LOAD C:\Users\apanchal\AppData\Local\Temp\cciRekBx.debug.temp.o
LOAD C:\Users\apanchal\AppData\Local\Temp\ccX7Dep6.debug.temp.o
LOAD C:\Users\apanchal\AppData\Local\Temp\ccWQeo4E.debug.temp.o
LOAD C:\Users\apanchal\AppData\Local\Temp\ccFB6Ppc.debug.temp.o
LOAD C:\Users\apanchal\AppData\Local\Temp\ccizaMFJ.debug.temp.o
LOAD C:\Users\apanchal\AppData\Local\Temp\ccj5XXMg.debug.temp.o
LOAD C:\Users\apanchal\AppData\Local\Temp\ccukmMPN.debug.temp.o
START GROUP
LOAD c:/nxp/mcuxpressoide_11.2.0_4120/ide/plugins/com.nxp.mcuxpresso.tools.win32_11.2.0.202001021529/tools/bin/../lib/gcc/arm-none-eabi/9.2.1/../../../../arm-none-eabi/lib/thumb/v6-m/nofp\libcr_nohost_nf.a
LOAD c:/nxp/mcuxpressoide_11.2.0_4120/ide/plugins/com.nxp.mcuxpresso.tools.win32_11.2.0.202001021529/tools/bin/../lib/gcc/arm-none-eabi/9.2.1/../../../../arm-none-eabi/lib/thumb/v6-m/nofp\libcr_c.a
LOAD c:/nxp/mcuxpressoide_11.2.0_4120/ide/plugins/com.nxp.mcuxpresso.tools.win32_11.2.0.202001021529/tools/bin/../lib/gcc/arm-none-eabi/9.2.1/thumb/v6-m/nofp\libcr_eabihelpers.a
LOAD c:/nxp/mcuxpressoide_11.2.0_4120/ide/plugins/com.nxp.mcuxpresso.tools.win32_11.2.0.202001021529/tools/bin/../lib/gcc/arm-none-eabi/9.2.1/thumb/v6-m/nofp\libgcc.a
END GROUP
                0x00000000                __base_PROGRAM_FLASH = 0x0
                0x00000000                __base_Flash = 0x0
                0x00020000                __top_PROGRAM_FLASH = 0x20000
                0x00020000                __top_Flash = 0x20000
                0x1ffff000                __base_SRAM = 0x1ffff000
                0x1ffff000                __base_RAM = 0x1ffff000
                0x20003000                __top_SRAM = 0x20003000
                0x20003000                __top_RAM = 0x20003000

.text           0x00000000     0x562c
 FILL mask 0xff
                0x00000000                __vectors_start__ = ABSOLUTE (.)
 *(SORT_BY_ALIGNMENT(.isr_vector))
 .isr_vector    0x00000000       0xc0 C:\Users\apanchal\AppData\Local\Temp\FRDMKL25Z.axf.EfWto3.ltrans0.ltrans.o
                0x00000000                g_pfnVectors
                0x000000c0                . = ALIGN (0x4)
                0x000000c0                __section_table_start = .
                0x000000c0                __data_section_table = .
                0x000000c0        0x4 LONG 0x562c LOADADDR (.data)
                0x000000c4        0x4 LONG 0x1ffff000 ADDR (.data)
                0x000000c8        0x4 LONG 0x8 SIZEOF (.data)
                0x000000cc                __data_section_table_end = .
                0x000000cc                __bss_section_table = .
                0x000000cc        0x4 LONG 0x1ffff008 ADDR (.bss)
                0x000000d0        0x4 LONG 0x41c SIZEOF (.bss)
                0x000000d4                __bss_section_table_end = .
                0x000000d4                __section_table_end = .
 *(SORT_BY_ALIGNMENT(.after_vectors*))
 .after_vectors.reset
                0x000000d4       0x4c C:\Users\apanchal\AppData\Local\Temp\FRDMKL25Z.axf.EfWto3.ltrans0.ltrans.o
                0x000000d4                ResetISR
 .after_vectors
                0x00000120      0x102 C:\Users\apanchal\AppData\Local\Temp\FRDMKL25Z.axf.EfWto3.ltrans0.ltrans.o
 .after_vectors.init_bss
                0x00000222       0x10 C:\Users\apanchal\AppData\Local\Temp\FRDMKL25Z.axf.EfWto3.ltrans0.ltrans.o
 .after_vectors.init_data
                0x00000232       0x12 C:\Users\apanchal\AppData\Local\Temp\FRDMKL25Z.axf.EfWto3.ltrans0.ltrans.o
                0x00000400                . = 0x400
 *fill*         0x00000244      0x1bc ff
                0x00000400                PROVIDE (__FLASH_CONFIG_START__ = .)
 *(SORT_BY_ALIGNMENT(.FlashConfig))
 .FlashConfig   0x00000400       0x10 C:\Users\apanchal\AppData\Local\Temp\FRDMKL25Z.axf.EfWto3.ltrans0.ltrans.o
                0x00000400                Flash_Config
                0x00000410                PROVIDE (__FLASH_CONFIG_END__ = .)
                0x00000001                ASSERT (! ((__FLASH_CONFIG_START__ == __FLASH_CONFIG_END__)), Linker Flash Config Support Enabled, but no .FlashConfig section provided within application)
 *(SORT_BY_ALIGNMENT(.text*))
 .text          0x00000410     0x2e4c C:\Users\apanchal\AppData\Local\Temp\FRDMKL25Z.axf.EfWto3.ltrans0.ltrans.o
 .text.startup  0x0000325c      0x910 C:\Users\apanchal\AppData\Local\Temp\FRDMKL25Z.axf.EfWto3.ltrans0.ltrans.o
                0x0000325c                main
 .text.malloc   0x00003b6c       0xd0 c:/nxp/mcuxpressoide_11.2.0_4120/ide/plugins/com.nxp.mcuxpresso.tools.win32_11.2.0.202001021529/tools/bin/../lib/gcc/arm-none-eabi/9.2.1/../../../../arm-none-eabi/lib/thumb/v6-m/nofp\libcr_c.a(alloc.o)
                0x00003b6c                malloc
 .text._Csys_alloc
                0x00003c3c       0x20 c:/nxp/mcuxpressoide_11.2.0_4120/ide/plugins/com.nxp.mcuxpresso.tools.win32_11.2.0.202001021529/tools/bin/../lib/gcc/arm-none-eabi/9.2.1/../../../../arm-none-eabi/lib/thumb/v6-m/nofp\libcr_c.a(alloc.o)
                0x00003c3c                _Csys_alloc
 .text._initio  0x00003c5c       0x7c c:/nxp/mcuxpressoide_11.2.0_4120/ide/plugins/com.nxp.mcuxpresso.tools.win32_11.2.0.202001021529/tools/bin/../lib/gcc/arm-none-eabi/9.2.1/../../../../arm-none-eabi/lib/thumb/v6-m/nofp\libcr_c.a(initio.o)
                0x00003c5c                _initio
 .text.__vfprintf
                0x00003cd8      0xd40 c:/nxp/mcuxpressoide_11.2.0_4120/ide/plugins/com.nxp.mcuxpresso.tools.win32_11.2.0.202001021529/tools/bin/../lib/gcc/arm-none-eabi/9.2.1/../../../../arm-none-eabi/lib/thumb/v6-m/nofp\libcr_c.a(printf.o)
                0x00003cd8                __vfprintf
 .text._sprintf
                0x00004a18       0x6c c:/nxp/mcuxpressoide_11.2.0_4120/ide/plugins/com.nxp.mcuxpresso.tools.win32_11.2.0.202001021529/tools/bin/../lib/gcc/arm-none-eabi/9.2.1/../../../../arm-none-eabi/lib/thumb/v6-m/nofp\libcr_c.a(printf.o)
                0x00004a18                _sprintf
 .text._vsnprintf
                0x00004a84       0x70 c:/nxp/mcuxpressoide_11.2.0_4120/ide/plugins/com.nxp.mcuxpresso.tools.win32_11.2.0.202001021529/tools/bin/../lib/gcc/arm-none-eabi/9.2.1/../../../../arm-none-eabi/lib/thumb/v6-m/nofp\libcr_c.a(printf.o)
                0x00004a84                _vsnprintf
 .text._printf  0x00004af4       0x50 c:/nxp/mcuxpressoide_11.2.0_4120/ide/plugins/com.nxp.mcuxpresso.tools.win32_11.2.0.202001021529/tools/bin/../lib/gcc/arm-none-eabi/9.2.1/../../../../arm-none-eabi/lib/thumb/v6-m/nofp\libcr_c.a(printf.o)
                0x00004af4                _printf
 .text.setvbuf  0x00004b44       0x4c c:/nxp/mcuxpressoide_11.2.0_4120/ide/plugins/com.nxp.mcuxpresso.tools.win32_11.2.0.202001021529/tools/bin/../lib/gcc/arm-none-eabi/9.2.1/../../../../arm-none-eabi/lib/thumb/v6-m/nofp\libcr_c.a(setvbuf.o)
                0x00004b44                setvbuf
 .text.strcmp   0x00004b90       0x44 c:/nxp/mcuxpressoide_11.2.0_4120/ide/plugins/com.nxp.mcuxpresso.tools.win32_11.2.0.202001021529/tools/bin/../lib/gcc/arm-none-eabi/9.2.1/../../../../arm-none-eabi/lib/thumb/v6-m/nofp\libcr_c.a(strcmp.o)
                0x00004b90                strcmp
 .text.strlen   0x00004bd4       0x58 c:/nxp/mcuxpressoide_11.2.0_4120/ide/plugins/com.nxp.mcuxpresso.tools.win32_11.2.0.202001021529/tools/bin/../lib/gcc/arm-none-eabi/9.2.1/../../../../arm-none-eabi/lib/thumb/v6-m/nofp\libcr_c.a(strlen.o)
                0x00004bd4                strlen
 .text.strncmp  0x00004c2c       0x50 c:/nxp/mcuxpressoide_11.2.0_4120/ide/plugins/com.nxp.mcuxpresso.tools.win32_11.2.0.202001021529/tools/bin/../lib/gcc/arm-none-eabi/9.2.1/../../../../arm-none-eabi/lib/thumb/v6-m/nofp\libcr_c.a(strncmp.o)
                0x00004c2c                strncmp
 .text.strncpy  0x00004c7c       0x58 c:/nxp/mcuxpressoide_11.2.0_4120/ide/plugins/com.nxp.mcuxpresso.tools.win32_11.2.0.202001021529/tools/bin/../lib/gcc/arm-none-eabi/9.2.1/../../../../arm-none-eabi/lib/thumb/v6-m/nofp\libcr_c.a(strncpy.o)
                0x00004c7c                strncpy
 .text.strtok   0x00004cd4       0x44 c:/nxp/mcuxpressoide_11.2.0_4120/ide/plugins/com.nxp.mcuxpresso.tools.win32_11.2.0.202001021529/tools/bin/../lib/gcc/arm-none-eabi/9.2.1/../../../../arm-none-eabi/lib/thumb/v6-m/nofp\libcr_c.a(strtok.o)
                0x00004cd4                strtok
 .text._sbrk    0x00004d18       0x44 c:/nxp/mcuxpressoide_11.2.0_4120/ide/plugins/com.nxp.mcuxpresso.tools.win32_11.2.0.202001021529/tools/bin/../lib/gcc/arm-none-eabi/9.2.1/../../../../arm-none-eabi/lib/thumb/v6-m/nofp\libcr_c.a(_cr_sbrk.o)
                0x00004d18                _sbrk
 .text._deferredlazyseek
                0x00004d5c       0x40 c:/nxp/mcuxpressoide_11.2.0_4120/ide/plugins/com.nxp.mcuxpresso.tools.win32_11.2.0.202001021529/tools/bin/../lib/gcc/arm-none-eabi/9.2.1/../../../../arm-none-eabi/lib/thumb/v6-m/nofp\libcr_c.a(_deferredlazyseek.o)
                0x00004d5c                _deferredlazyseek
 .text.__flsbuf
                0x00004d9c      0x150 c:/nxp/mcuxpressoide_11.2.0_4120/ide/plugins/com.nxp.mcuxpresso.tools.win32_11.2.0.202001021529/tools/bin/../lib/gcc/arm-none-eabi/9.2.1/../../../../arm-none-eabi/lib/thumb/v6-m/nofp\libcr_c.a(_deferredlazyseek.o)
                0x00004d9c                __flsbuf
 .text._fdopen  0x00004eec       0x74 c:/nxp/mcuxpressoide_11.2.0_4120/ide/plugins/com.nxp.mcuxpresso.tools.win32_11.2.0.202001021529/tools/bin/../lib/gcc/arm-none-eabi/9.2.1/../../../../arm-none-eabi/lib/thumb/v6-m/nofp\libcr_c.a(_fdopen.o)
                0x00004eec                _fdopen
 .text._fflush  0x00004f60       0x60 c:/nxp/mcuxpressoide_11.2.0_4120/ide/plugins/com.nxp.mcuxpresso.tools.win32_11.2.0.202001021529/tools/bin/../lib/gcc/arm-none-eabi/9.2.1/../../../../arm-none-eabi/lib/thumb/v6-m/nofp\libcr_c.a(_fflush.o)
                0x00004f60                _fflush
 .text._Cwritebuf
                0x00004fc0       0x68 c:/nxp/mcuxpressoide_11.2.0_4120/ide/plugins/com.nxp.mcuxpresso.tools.win32_11.2.0.202001021529/tools/bin/../lib/gcc/arm-none-eabi/9.2.1/../../../../arm-none-eabi/lib/thumb/v6-m/nofp\libcr_c.a(_writebuf.o)
                0x00004fc0                _Cwritebuf
 .text.fclose   0x00005028       0x5c c:/nxp/mcuxpressoide_11.2.0_4120/ide/plugins/com.nxp.mcuxpresso.tools.win32_11.2.0.202001021529/tools/bin/../lib/gcc/arm-none-eabi/9.2.1/../../../../arm-none-eabi/lib/thumb/v6-m/nofp\libcr_c.a(fclose.o)
                0x00005028                fclose
 .text.fflush   0x00005084       0x44 c:/nxp/mcuxpressoide_11.2.0_4120/ide/plugins/com.nxp.mcuxpresso.tools.win32_11.2.0.202001021529/tools/bin/../lib/gcc/arm-none-eabi/9.2.1/../../../../arm-none-eabi/lib/thumb/v6-m/nofp\libcr_c.a(fflush.o)
                0x00005084                fflush
 .text.fseek    0x000050c8       0xf4 c:/nxp/mcuxpressoide_11.2.0_4120/ide/plugins/com.nxp.mcuxpresso.tools.win32_11.2.0.202001021529/tools/bin/../lib/gcc/arm-none-eabi/9.2.1/../../../../arm-none-eabi/lib/thumb/v6-m/nofp\libcr_c.a(fseek.o)
                0x000050c8                fseek
 .text.ftell    0x000051bc       0x48 c:/nxp/mcuxpressoide_11.2.0_4120/ide/plugins/com.nxp.mcuxpresso.tools.win32_11.2.0.202001021529/tools/bin/../lib/gcc/arm-none-eabi/9.2.1/../../../../arm-none-eabi/lib/thumb/v6-m/nofp\libcr_c.a(ftell.o)
                0x000051bc                ftell
 .text.__check_heap_overflow
                0x00005204       0x14 c:/nxp/mcuxpressoide_11.2.0_4120/ide/plugins/com.nxp.mcuxpresso.tools.win32_11.2.0.202001021529/tools/bin/../lib/gcc/arm-none-eabi/9.2.1/../../../../arm-none-eabi/lib/thumb/v6-m/nofp\libcr_c.a(_cr_check_heap.o)
                0x00005204                __check_heap_overflow
 .text._do_fflush
                0x00005218       0x48 c:/nxp/mcuxpressoide_11.2.0_4120/ide/plugins/com.nxp.mcuxpresso.tools.win32_11.2.0.202001021529/tools/bin/../lib/gcc/arm-none-eabi/9.2.1/../../../../arm-none-eabi/lib/thumb/v6-m/nofp\libcr_c.a(_do_fflush.o)
                0x00005218                _do_fflush
 .text.__main   0x00005260        0xc c:/nxp/mcuxpressoide_11.2.0_4120/ide/plugins/com.nxp.mcuxpresso.tools.win32_11.2.0.202001021529/tools/bin/../lib/gcc/arm-none-eabi/9.2.1/../../../../arm-none-eabi/lib/thumb/v6-m/nofp\libcr_nohost_nf.a(_cr__main.o)
                0x00005260                __main
 .text.memcpy   0x0000526c        0x8 c:/nxp/mcuxpressoide_11.2.0_4120/ide/plugins/com.nxp.mcuxpresso.tools.win32_11.2.0.202001021529/tools/bin/../lib/gcc/arm-none-eabi/9.2.1/../../../../arm-none-eabi/lib/thumb/v6-m/nofp\libcr_c.a(memcpy.o)
                0x0000526c                memcpy
 .text.memmove  0x00005274        0x8 c:/nxp/mcuxpressoide_11.2.0_4120/ide/plugins/com.nxp.mcuxpresso.tools.win32_11.2.0.202001021529/tools/bin/../lib/gcc/arm-none-eabi/9.2.1/../../../../arm-none-eabi/lib/thumb/v6-m/nofp\libcr_c.a(memmove.o)
                0x00005274                memmove
 .text.memset   0x0000527c        0x8 c:/nxp/mcuxpressoide_11.2.0_4120/ide/plugins/com.nxp.mcuxpresso.tools.win32_11.2.0.202001021529/tools/bin/../lib/gcc/arm-none-eabi/9.2.1/../../../../arm-none-eabi/lib/thumb/v6-m/nofp\libcr_c.a(memset.o)
                0x0000527c                memset
 .text.free     0x00005284       0x2c c:/nxp/mcuxpressoide_11.2.0_4120/ide/plugins/com.nxp.mcuxpresso.tools.win32_11.2.0.202001021529/tools/bin/../lib/gcc/arm-none-eabi/9.2.1/../../../../arm-none-eabi/lib/thumb/v6-m/nofp\libcr_c.a(alloc.o)
                0x00005284                free
 .text.no_fp_display
                0x000052b0        0x4 c:/nxp/mcuxpressoide_11.2.0_4120/ide/plugins/com.nxp.mcuxpresso.tools.win32_11.2.0.202001021529/tools/bin/../lib/gcc/arm-none-eabi/9.2.1/../../../../arm-none-eabi/lib/thumb/v6-m/nofp\libcr_c.a(printf.o)
 .text.remove   0x000052b4       0x12 c:/nxp/mcuxpressoide_11.2.0_4120/ide/plugins/com.nxp.mcuxpresso.tools.win32_11.2.0.202001021529/tools/bin/../lib/gcc/arm-none-eabi/9.2.1/../../../../arm-none-eabi/lib/thumb/v6-m/nofp\libcr_c.a(remove.o)
                0x000052b4                remove
 .text.strcspn  0x000052c6       0x22 c:/nxp/mcuxpressoide_11.2.0_4120/ide/plugins/com.nxp.mcuxpresso.tools.win32_11.2.0.202001021529/tools/bin/../lib/gcc/arm-none-eabi/9.2.1/../../../../arm-none-eabi/lib/thumb/v6-m/nofp\libcr_c.a(strcspn.o)
                0x000052c6                strcspn
 .text.strspn   0x000052e8       0x22 c:/nxp/mcuxpressoide_11.2.0_4120/ide/plugins/com.nxp.mcuxpresso.tools.win32_11.2.0.202001021529/tools/bin/../lib/gcc/arm-none-eabi/9.2.1/../../../../arm-none-eabi/lib/thumb/v6-m/nofp\libcr_c.a(strspn.o)
                0x000052e8                strspn
 .text.__aeabi_llong_lmul
                0x0000530a       0x2e c:/nxp/mcuxpressoide_11.2.0_4120/ide/plugins/com.nxp.mcuxpresso.tools.win32_11.2.0.202001021529/tools/bin/../lib/gcc/arm-none-eabi/9.2.1/thumb/v6-m/nofp\libcr_eabihelpers.a(llong.o)
                0x0000530a                __aeabi_lmul
 .text.__aeabi_memcpy
                0x00005338       0x2c c:/nxp/mcuxpressoide_11.2.0_4120/ide/plugins/com.nxp.mcuxpresso.tools.win32_11.2.0.202001021529/tools/bin/../lib/gcc/arm-none-eabi/9.2.1/thumb/v6-m/nofp\libcr_eabihelpers.a(memcpy.o)
                0x00005338                __aeabi_memcpy4
                0x00005338                __aeabi_memcpy8
                0x00005338                __aeabi_memcpy
 .text.__aeabi_memmove
                0x00005364       0x1c c:/nxp/mcuxpressoide_11.2.0_4120/ide/plugins/com.nxp.mcuxpresso.tools.win32_11.2.0.202001021529/tools/bin/../lib/gcc/arm-none-eabi/9.2.1/thumb/v6-m/nofp\libcr_eabihelpers.a(memcpy.o)
                0x00005364                __aeabi_memmove
                0x00005364                __aeabi_memmove4
                0x00005364                __aeabi_memmove8
 .text.__aeabi_memset_lowlevel
                0x00005380       0x2a c:/nxp/mcuxpressoide_11.2.0_4120/ide/plugins/com.nxp.mcuxpresso.tools.win32_11.2.0.202001021529/tools/bin/../lib/gcc/arm-none-eabi/9.2.1/thumb/v6-m/nofp\libcr_eabihelpers.a(memcpy.o)
                0x00005380                __aeabi_lowlevel_memset
 .text.__gnu_thumb1_case_uqi
                0x000053aa       0x10 c:/nxp/mcuxpressoide_11.2.0_4120/ide/plugins/com.nxp.mcuxpresso.tools.win32_11.2.0.202001021529/tools/bin/../lib/gcc/arm-none-eabi/9.2.1/thumb/v6-m/nofp\libcr_eabihelpers.a(thumb1_switch_helpers.o)
                0x000053aa                __gnu_thumb1_case_uqi
 .text.__gnu_thumb1_case_shi
                0x000053ba       0x10 c:/nxp/mcuxpressoide_11.2.0_4120/ide/plugins/com.nxp.mcuxpresso.tools.win32_11.2.0.202001021529/tools/bin/../lib/gcc/arm-none-eabi/9.2.1/thumb/v6-m/nofp\libcr_eabihelpers.a(thumb1_switch_helpers.o)
                0x000053ba                __gnu_thumb1_case_shi
 .text.__gnu_thumb1_case_uhi
                0x000053ca       0x10 c:/nxp/mcuxpressoide_11.2.0_4120/ide/plugins/com.nxp.mcuxpresso.tools.win32_11.2.0.202001021529/tools/bin/../lib/gcc/arm-none-eabi/9.2.1/thumb/v6-m/nofp\libcr_eabihelpers.a(thumb1_switch_helpers.o)
                0x000053ca                __gnu_thumb1_case_uhi
 .text.__aeabi_division_idivmod
                0x000053da       0x78 c:/nxp/mcuxpressoide_11.2.0_4120/ide/plugins/com.nxp.mcuxpresso.tools.win32_11.2.0.202001021529/tools/bin/../lib/gcc/arm-none-eabi/9.2.1/thumb/v6-m/nofp\libcr_eabihelpers.a(division_32.o)
                0x000053da                __aeabi_idivmod
                0x000053da                __aeabi_idiv
                0x000053e0                __aeabi_uidivmod
                0x000053e0                __aeabi_uidiv
 .text.__aeabi_division_idiv0
                0x00005452        0x2 c:/nxp/mcuxpressoide_11.2.0_4120/ide/plugins/com.nxp.mcuxpresso.tools.win32_11.2.0.202001021529/tools/bin/../lib/gcc/arm-none-eabi/9.2.1/thumb/v6-m/nofp\libcr_eabihelpers.a(division_idiv0.o)
                0x00005452                __aeabi_idiv0
 .text.__sys_appexit
                0x00005454        0x2 c:/nxp/mcuxpressoide_11.2.0_4120/ide/plugins/com.nxp.mcuxpresso.tools.win32_11.2.0.202001021529/tools/bin/../lib/gcc/arm-none-eabi/9.2.1/../../../../arm-none-eabi/lib/thumb/v6-m/nofp\libcr_nohost_nf.a(__sys_appexit.o)
                0x00005454                __sys_appexit
                0x00005454                __exit
 .text.__sys_close
                0x00005456        0x6 c:/nxp/mcuxpressoide_11.2.0_4120/ide/plugins/com.nxp.mcuxpresso.tools.win32_11.2.0.202001021529/tools/bin/../lib/gcc/arm-none-eabi/9.2.1/../../../../arm-none-eabi/lib/thumb/v6-m/nofp\libcr_nohost_nf.a(__sys_close.o)
                0x00005456                __sys_close
 .text.__sys_flen
                0x0000545c        0x6 c:/nxp/mcuxpressoide_11.2.0_4120/ide/plugins/com.nxp.mcuxpresso.tools.win32_11.2.0.202001021529/tools/bin/../lib/gcc/arm-none-eabi/9.2.1/../../../../arm-none-eabi/lib/thumb/v6-m/nofp\libcr_nohost_nf.a(__sys_flen.o)
                0x0000545c                __sys_flen
 .text.__sys_istty
                0x00005462        0x6 c:/nxp/mcuxpressoide_11.2.0_4120/ide/plugins/com.nxp.mcuxpresso.tools.win32_11.2.0.202001021529/tools/bin/../lib/gcc/arm-none-eabi/9.2.1/../../../../arm-none-eabi/lib/thumb/v6-m/nofp\libcr_nohost_nf.a(__sys_istty.o)
                0x00005462                __sys_istty
 .text.__sys_remove
                0x00005468        0x6 c:/nxp/mcuxpressoide_11.2.0_4120/ide/plugins/com.nxp.mcuxpresso.tools.win32_11.2.0.202001021529/tools/bin/../lib/gcc/arm-none-eabi/9.2.1/../../../../arm-none-eabi/lib/thumb/v6-m/nofp\libcr_nohost_nf.a(__sys_remove.o)
                0x00005468                __sys_remove
 .text.__sys_seek
                0x0000546e        0x6 c:/nxp/mcuxpressoide_11.2.0_4120/ide/plugins/com.nxp.mcuxpresso.tools.win32_11.2.0.202001021529/tools/bin/../lib/gcc/arm-none-eabi/9.2.1/../../../../arm-none-eabi/lib/thumb/v6-m/nofp\libcr_nohost_nf.a(__sys_seek.o)
                0x0000546e                __sys_seek
 .text.__sys_tmpnam
                0x00005474        0x6 c:/nxp/mcuxpressoide_11.2.0_4120/ide/plugins/com.nxp.mcuxpresso.tools.win32_11.2.0.202001021529/tools/bin/../lib/gcc/arm-none-eabi/9.2.1/../../../../arm-none-eabi/lib/thumb/v6-m/nofp\libcr_nohost_nf.a(__sys_tmpnam.o)
                0x00005474                __sys_tmpnam
 .text.__sys_write
                0x0000547a        0x4 c:/nxp/mcuxpressoide_11.2.0_4120/ide/plugins/com.nxp.mcuxpresso.tools.win32_11.2.0.202001021529/tools/bin/../lib/gcc/arm-none-eabi/9.2.1/../../../../arm-none-eabi/lib/thumb/v6-m/nofp\libcr_nohost_nf.a(__sys_write.o)
                0x0000547a                __sys_write
 *(SORT_BY_ALIGNMENT(.rodata) SORT_BY_ALIGNMENT(.rodata.*) SORT_BY_ALIGNMENT(.constdata) SORT_BY_ALIGNMENT(.constdata.*))
 *fill*         0x0000547e        0x2 ff
 .rodata        0x00005480       0x64 C:\Users\apanchal\AppData\Local\Temp\FRDMKL25Z.axf.EfWto3.ltrans0.ltrans.o
 .rodata.__num_Ciob_streams
                0x000054e4        0x4 c:/nxp/mcuxpressoide_11.2.0_4120/ide/plugins/com.nxp.mcuxpresso.tools.win32_11.2.0.202001021529/tools/bin/../lib/gcc/arm-none-eabi/9.2.1/../../../../arm-none-eabi/lib/thumb/v6-m/nofp\libcr_nohost_nf.a(__ciob.o)
                0x000054e4                __num_Ciob_streams
 .rodata.str1.1
                0x000054e8       0xf2 C:\Users\apanchal\AppData\Local\Temp\FRDMKL25Z.axf.EfWto3.ltrans0.ltrans.o
 .rodata._Csys_alloc.str1.1
                0x000055da       0x18 c:/nxp/mcuxpressoide_11.2.0_4120/ide/plugins/com.nxp.mcuxpresso.tools.win32_11.2.0.202001021529/tools/bin/../lib/gcc/arm-none-eabi/9.2.1/../../../../arm-none-eabi/lib/thumb/v6-m/nofp\libcr_c.a(alloc.o)
 .rodata._initio.str1.1
                0x000055f2        0x2 c:/nxp/mcuxpressoide_11.2.0_4120/ide/plugins/com.nxp.mcuxpresso.tools.win32_11.2.0.202001021529/tools/bin/../lib/gcc/arm-none-eabi/9.2.1/../../../../arm-none-eabi/lib/thumb/v6-m/nofp\libcr_c.a(initio.o)
                                  0x4 (size before relaxing)
 .rodata.__vfprintf.str1.1
                0x000055f4       0x35 c:/nxp/mcuxpressoide_11.2.0_4120/ide/plugins/com.nxp.mcuxpresso.tools.win32_11.2.0.202001021529/tools/bin/../lib/gcc/arm-none-eabi/9.2.1/../../../../arm-none-eabi/lib/thumb/v6-m/nofp\libcr_c.a(printf.o)
                                 0x38 (size before relaxing)
 .rodata.str1.1
                0x00005629        0x1 c:/nxp/mcuxpressoide_11.2.0_4120/ide/plugins/com.nxp.mcuxpresso.tools.win32_11.2.0.202001021529/tools/bin/../lib/gcc/arm-none-eabi/9.2.1/../../../../arm-none-eabi/lib/thumb/v6-m/nofp\libcr_c.a(strtok.o)
                0x0000562c                . = ALIGN (0x4)
 *fill*         0x00005629        0x3 ff

.glue_7         0x0000562c        0x0
 .glue_7        0x0000562c        0x0 linker stubs

.glue_7t        0x0000562c        0x0
 .glue_7t       0x0000562c        0x0 linker stubs

.vfp11_veneer   0x0000562c        0x0
 .vfp11_veneer  0x0000562c        0x0 linker stubs

.v4_bx          0x0000562c        0x0
 .v4_bx         0x0000562c        0x0 linker stubs

.iplt           0x0000562c        0x0
 .iplt          0x0000562c        0x0 c:/nxp/mcuxpressoide_11.2.0_4120/ide/plugins/com.nxp.mcuxpresso.tools.win32_11.2.0.202001021529/tools/bin/../lib/gcc/arm-none-eabi/9.2.1/../../../../arm-none-eabi/lib/thumb/v6-m/nofp\libcr_nohost_nf.a(_cr__main.o)

.rel.dyn        0x0000562c        0x0
 .rel.iplt      0x0000562c        0x0 c:/nxp/mcuxpressoide_11.2.0_4120/ide/plugins/com.nxp.mcuxpresso.tools.win32_11.2.0.202001021529/tools/bin/../lib/gcc/arm-none-eabi/9.2.1/../../../../arm-none-eabi/lib/thumb/v6-m/nofp\libcr_nohost_nf.a(_cr__main.o)

.ARM.extab
 *(SORT_BY_ALIGNMENT(.ARM.extab*) SORT_BY_ALIGNMENT(.gnu.linkonce.armextab.*))

.ARM.exidx      0x0000562c        0x0
                0x0000562c                __exidx_start = .
 *(SORT_BY_ALIGNMENT(.ARM.exidx*) SORT_BY_ALIGNMENT(.gnu.linkonce.armexidx.*))
                0x0000562c                __exidx_end = .
                0x0000562c                _etext = .

.m_usb_data
 *(SORT_BY_ALIGNMENT(m_usb_bdt))

.mtb_buffer_default
 *(SORT_BY_ALIGNMENT(.mtb*))

.uninit_RESERVED
                0x1ffff000        0x0
                0x1ffff000                _start_uninit_RESERVED = .
 *(SORT_BY_ALIGNMENT(.bss.$RESERVED*))
                0x1ffff000                . = ALIGN (0x4)
                0x1ffff000                _end_uninit_RESERVED = .

.data           0x1ffff000        0x8 load address 0x0000562c
 FILL mask 0xff
                0x1ffff000                _data = .
                [!provide]                PROVIDE (__start_data_RAM = .)
                [!provide]                PROVIDE (__start_data_SRAM = .)
 *(SORT_BY_ALIGNMENT(vtable))
 *(SORT_BY_ALIGNMENT(.ramfunc*))
 *(SORT_BY_ALIGNMENT(CodeQuickAccess))
 *(SORT_BY_ALIGNMENT(DataQuickAccess))
 *(SORT_BY_ALIGNMENT(RamFunction))
 *(SORT_BY_ALIGNMENT(.data*))
 .data          0x1ffff000        0x4 C:\Users\apanchal\AppData\Local\Temp\FRDMKL25Z.axf.EfWto3.ltrans0.ltrans.o
 .data.saves1.3879
                0x1ffff004        0x4 c:/nxp/mcuxpressoide_11.2.0_4120/ide/plugins/com.nxp.mcuxpresso.tools.win32_11.2.0.202001021529/tools/bin/../lib/gcc/arm-none-eabi/9.2.1/../../../../arm-none-eabi/lib/thumb/v6-m/nofp\libcr_c.a(strtok.o)
                0x1ffff008                . = ALIGN (0x4)
                0x1ffff008                _edata = .
                [!provide]                PROVIDE (__end_data_RAM = .)
                [!provide]                PROVIDE (__end_data_SRAM = .)

.igot.plt       0x1ffff008        0x0 load address 0x00005634
 .igot.plt      0x1ffff008        0x0 c:/nxp/mcuxpressoide_11.2.0_4120/ide/plugins/com.nxp.mcuxpresso.tools.win32_11.2.0.202001021529/tools/bin/../lib/gcc/arm-none-eabi/9.2.1/../../../../arm-none-eabi/lib/thumb/v6-m/nofp\libcr_nohost_nf.a(_cr__main.o)

.bss            0x1ffff008      0x41c
                0x1ffff008                _bss = .
                [!provide]                PROVIDE (__start_bss_RAM = .)
                [!provide]                PROVIDE (__start_bss_SRAM = .)
 *(SORT_BY_ALIGNMENT(.bss*))
 .bss           0x1ffff008      0x35c C:\Users\apanchal\AppData\Local\Temp\FRDMKL25Z.axf.EfWto3.ltrans0.ltrans.o
 .bss.__Ciob    0x1ffff364       0xb4 c:/nxp/mcuxpressoide_11.2.0_4120/ide/plugins/com.nxp.mcuxpresso.tools.win32_11.2.0.202001021529/tools/bin/../lib/gcc/arm-none-eabi/9.2.1/../../../../arm-none-eabi/lib/thumb/v6-m/nofp\libcr_nohost_nf.a(__ciob.o)
                0x1ffff364                __Ciob
 .bss.__end_of_heap
                0x1ffff418        0x4 c:/nxp/mcuxpressoide_11.2.0_4120/ide/plugins/com.nxp.mcuxpresso.tools.win32_11.2.0.202001021529/tools/bin/../lib/gcc/arm-none-eabi/9.2.1/../../../../arm-none-eabi/lib/thumb/v6-m/nofp\libcr_c.a(__init_alloc.o)
                0x1ffff418                __end_of_heap
 .bss.__heaps   0x1ffff41c        0x4 c:/nxp/mcuxpressoide_11.2.0_4120/ide/plugins/com.nxp.mcuxpresso.tools.win32_11.2.0.202001021529/tools/bin/../lib/gcc/arm-none-eabi/9.2.1/../../../../arm-none-eabi/lib/thumb/v6-m/nofp\libcr_c.a(__init_alloc.o)
                0x1ffff41c                __heaps
 .bss.errno     0x1ffff420        0x4 c:/nxp/mcuxpressoide_11.2.0_4120/ide/plugins/com.nxp.mcuxpresso.tools.win32_11.2.0.202001021529/tools/bin/../lib/gcc/arm-none-eabi/9.2.1/../../../../arm-none-eabi/lib/thumb/v6-m/nofp\libcr_c.a(errno.o)
                0x1ffff420                errno
 *(SORT_BY_ALIGNMENT(COMMON))
                0x1ffff424                . = ALIGN (0x4)
                0x1ffff424                _ebss = .
                [!provide]                PROVIDE (__end_bss_RAM = .)
                [!provide]                PROVIDE (__end_bss_SRAM = .)
                [!provide]                PROVIDE (end = .)

.noinit         0x1ffff424        0x0
                0x1ffff424                _noinit = .
                [!provide]                PROVIDE (__start_noinit_RAM = .)
                [!provide]                PROVIDE (__start_noinit_SRAM = .)
 *(SORT_BY_ALIGNMENT(.noinit*))
                0x1ffff424                . = ALIGN (0x4)
                0x1ffff424                _end_noinit = .
                [!provide]                PROVIDE (__end_noinit_RAM = .)
                [!provide]                PROVIDE (__end_noinit_SRAM = .)
                0x00000400                _HeapSize = 0x400

.heap           0x1ffff424      0x400
                0x1ffff424                _pvHeapStart = .
                0x1ffff824                . = (. + _HeapSize)
 *fill*         0x1ffff424      0x400 
                0x1ffff824                . = ALIGN (0x4)
                0x1ffff824                _pvHeapLimit = .
                0x00000400                _StackSize = 0x400

.heap2stackfill
                0x1ffff824      0x400
                0x1ffffc24                . = (. + _StackSize)
 *fill*         0x1ffff824      0x400 

.stack          0x20002c00        0x0
                0x20002c00                _vStackBase = .
                0x20002c00                . = ALIGN (0x4)
                0x20003000                _vStackTop = (. + _StackSize)
                0x00000000                _image_start = LOADADDR (.text)
                0x00005634                _image_end = (LOADADDR (.data) + SIZEOF (.data))
                0x00005634                _image_size = (_image_end - _image_start)
OUTPUT(FRDMKL25Z.axf elf32-littlearm)

.comment        0x00000000       0x79
 .comment       0x00000000       0x7a C:\Users\apanchal\AppData\Local\Temp\FRDMKL25Z.axf.EfWto3.ltrans0.ltrans.o
 .comment       0x00000000       0x79 c:/nxp/mcuxpressoide_11.2.0_4120/ide/plugins/com.nxp.mcuxpresso.tools.win32_11.2.0.202001021529/tools/bin/../lib/gcc/arm-none-eabi/9.2.1/../../../../arm-none-eabi/lib/thumb/v6-m/nofp\libcr_nohost_nf.a(__ciob.o)
                                 0x7a (size before relaxing)
 .comment       0x00000079       0x7a c:/nxp/mcuxpressoide_11.2.0_4120/ide/plugins/com.nxp.mcuxpresso.tools.win32_11.2.0.202001021529/tools/bin/../lib/gcc/arm-none-eabi/9.2.1/../../../../arm-none-eabi/lib/thumb/v6-m/nofp\libcr_nohost_nf.a(_cr__main.o)
 .comment       0x00000079       0x7a c:/nxp/mcuxpressoide_11.2.0_4120/ide/plugins/com.nxp.mcuxpresso.tools.win32_11.2.0.202001021529/tools/bin/../lib/gcc/arm-none-eabi/9.2.1/../../../../arm-none-eabi/lib/thumb/v6-m/nofp\libcr_c.a(memcpy.o)
 .comment       0x00000079       0x7a c:/nxp/mcuxpressoide_11.2.0_4120/ide/plugins/com.nxp.mcuxpresso.tools.win32_11.2.0.202001021529/tools/bin/../lib/gcc/arm-none-eabi/9.2.1/../../../../arm-none-eabi/lib/thumb/v6-m/nofp\libcr_c.a(memmove.o)
 .comment       0x00000079       0x7a c:/nxp/mcuxpressoide_11.2.0_4120/ide/plugins/com.nxp.mcuxpresso.tools.win32_11.2.0.202001021529/tools/bin/../lib/gcc/arm-none-eabi/9.2.1/../../../../arm-none-eabi/lib/thumb/v6-m/nofp\libcr_c.a(memset.o)
 .comment       0x00000079       0x7a c:/nxp/mcuxpressoide_11.2.0_4120/ide/plugins/com.nxp.mcuxpresso.tools.win32_11.2.0.202001021529/tools/bin/../lib/gcc/arm-none-eabi/9.2.1/../../../../arm-none-eabi/lib/thumb/v6-m/nofp\libcr_c.a(alloc.o)
 .comment       0x00000079       0x7a c:/nxp/mcuxpressoide_11.2.0_4120/ide/plugins/com.nxp.mcuxpresso.tools.win32_11.2.0.202001021529/tools/bin/../lib/gcc/arm-none-eabi/9.2.1/../../../../arm-none-eabi/lib/thumb/v6-m/nofp\libcr_c.a(initio.o)
 .comment       0x00000079       0x7a c:/nxp/mcuxpressoide_11.2.0_4120/ide/plugins/com.nxp.mcuxpresso.tools.win32_11.2.0.202001021529/tools/bin/../lib/gcc/arm-none-eabi/9.2.1/../../../../arm-none-eabi/lib/thumb/v6-m/nofp\libcr_c.a(printf.o)
 .comment       0x00000079       0x7a c:/nxp/mcuxpressoide_11.2.0_4120/ide/plugins/com.nxp.mcuxpresso.tools.win32_11.2.0.202001021529/tools/bin/../lib/gcc/arm-none-eabi/9.2.1/../../../../arm-none-eabi/lib/thumb/v6-m/nofp\libcr_c.a(setvbuf.o)
 .comment       0x00000079       0x7a c:/nxp/mcuxpressoide_11.2.0_4120/ide/plugins/com.nxp.mcuxpresso.tools.win32_11.2.0.202001021529/tools/bin/../lib/gcc/arm-none-eabi/9.2.1/../../../../arm-none-eabi/lib/thumb/v6-m/nofp\libcr_c.a(strcmp.o)
 .comment       0x00000079       0x7a c:/nxp/mcuxpressoide_11.2.0_4120/ide/plugins/com.nxp.mcuxpresso.tools.win32_11.2.0.202001021529/tools/bin/../lib/gcc/arm-none-eabi/9.2.1/../../../../arm-none-eabi/lib/thumb/v6-m/nofp\libcr_c.a(strlen.o)
 .comment       0x00000079       0x7a c:/nxp/mcuxpressoide_11.2.0_4120/ide/plugins/com.nxp.mcuxpresso.tools.win32_11.2.0.202001021529/tools/bin/../lib/gcc/arm-none-eabi/9.2.1/../../../../arm-none-eabi/lib/thumb/v6-m/nofp\libcr_c.a(strncmp.o)
 .comment       0x00000079       0x7a c:/nxp/mcuxpressoide_11.2.0_4120/ide/plugins/com.nxp.mcuxpresso.tools.win32_11.2.0.202001021529/tools/bin/../lib/gcc/arm-none-eabi/9.2.1/../../../../arm-none-eabi/lib/thumb/v6-m/nofp\libcr_c.a(strncpy.o)
 .comment       0x00000079       0x7a c:/nxp/mcuxpressoide_11.2.0_4120/ide/plugins/com.nxp.mcuxpresso.tools.win32_11.2.0.202001021529/tools/bin/../lib/gcc/arm-none-eabi/9.2.1/../../../../arm-none-eabi/lib/thumb/v6-m/nofp\libcr_c.a(strtok.o)
 .comment       0x00000079       0x7a c:/nxp/mcuxpressoide_11.2.0_4120/ide/plugins/com.nxp.mcuxpresso.tools.win32_11.2.0.202001021529/tools/bin/../lib/gcc/arm-none-eabi/9.2.1/../../../../arm-none-eabi/lib/thumb/v6-m/nofp\libcr_c.a(__init_alloc.o)
 .comment       0x00000079       0x7a c:/nxp/mcuxpressoide_11.2.0_4120/ide/plugins/com.nxp.mcuxpresso.tools.win32_11.2.0.202001021529/tools/bin/../lib/gcc/arm-none-eabi/9.2.1/../../../../arm-none-eabi/lib/thumb/v6-m/nofp\libcr_c.a(_cr_sbrk.o)
 .comment       0x00000079       0x7a c:/nxp/mcuxpressoide_11.2.0_4120/ide/plugins/com.nxp.mcuxpresso.tools.win32_11.2.0.202001021529/tools/bin/../lib/gcc/arm-none-eabi/9.2.1/../../../../arm-none-eabi/lib/thumb/v6-m/nofp\libcr_c.a(_deferredlazyseek.o)
 .comment       0x00000079       0x7a c:/nxp/mcuxpressoide_11.2.0_4120/ide/plugins/com.nxp.mcuxpresso.tools.win32_11.2.0.202001021529/tools/bin/../lib/gcc/arm-none-eabi/9.2.1/../../../../arm-none-eabi/lib/thumb/v6-m/nofp\libcr_c.a(_fdopen.o)
 .comment       0x00000079       0x7a c:/nxp/mcuxpressoide_11.2.0_4120/ide/plugins/com.nxp.mcuxpresso.tools.win32_11.2.0.202001021529/tools/bin/../lib/gcc/arm-none-eabi/9.2.1/../../../../arm-none-eabi/lib/thumb/v6-m/nofp\libcr_c.a(_fflush.o)
 .comment       0x00000079       0x7a c:/nxp/mcuxpressoide_11.2.0_4120/ide/plugins/com.nxp.mcuxpresso.tools.win32_11.2.0.202001021529/tools/bin/../lib/gcc/arm-none-eabi/9.2.1/../../../../arm-none-eabi/lib/thumb/v6-m/nofp\libcr_c.a(_writebuf.o)
 .comment       0x00000079       0x7a c:/nxp/mcuxpressoide_11.2.0_4120/ide/plugins/com.nxp.mcuxpresso.tools.win32_11.2.0.202001021529/tools/bin/../lib/gcc/arm-none-eabi/9.2.1/../../../../arm-none-eabi/lib/thumb/v6-m/nofp\libcr_c.a(errno.o)
 .comment       0x00000079       0x7a c:/nxp/mcuxpressoide_11.2.0_4120/ide/plugins/com.nxp.mcuxpresso.tools.win32_11.2.0.202001021529/tools/bin/../lib/gcc/arm-none-eabi/9.2.1/../../../../arm-none-eabi/lib/thumb/v6-m/nofp\libcr_c.a(fclose.o)
 .comment       0x00000079       0x7a c:/nxp/mcuxpressoide_11.2.0_4120/ide/plugins/com.nxp.mcuxpresso.tools.win32_11.2.0.202001021529/tools/bin/../lib/gcc/arm-none-eabi/9.2.1/../../../../arm-none-eabi/lib/thumb/v6-m/nofp\libcr_c.a(fflush.o)
 .comment       0x00000079       0x7a c:/nxp/mcuxpressoide_11.2.0_4120/ide/plugins/com.nxp.mcuxpresso.tools.win32_11.2.0.202001021529/tools/bin/../lib/gcc/arm-none-eabi/9.2.1/../../../../arm-none-eabi/lib/thumb/v6-m/nofp\libcr_c.a(fseek.o)
 .comment       0x00000079       0x7a c:/nxp/mcuxpressoide_11.2.0_4120/ide/plugins/com.nxp.mcuxpresso.tools.win32_11.2.0.202001021529/tools/bin/../lib/gcc/arm-none-eabi/9.2.1/../../../../arm-none-eabi/lib/thumb/v6-m/nofp\libcr_c.a(ftell.o)
 .comment       0x00000079       0x7a c:/nxp/mcuxpressoide_11.2.0_4120/ide/plugins/com.nxp.mcuxpresso.tools.win32_11.2.0.202001021529/tools/bin/../lib/gcc/arm-none-eabi/9.2.1/../../../../arm-none-eabi/lib/thumb/v6-m/nofp\libcr_c.a(remove.o)
 .comment       0x00000079       0x7a c:/nxp/mcuxpressoide_11.2.0_4120/ide/plugins/com.nxp.mcuxpresso.tools.win32_11.2.0.202001021529/tools/bin/../lib/gcc/arm-none-eabi/9.2.1/../../../../arm-none-eabi/lib/thumb/v6-m/nofp\libcr_c.a(strcspn.o)
 .comment       0x00000079       0x7a c:/nxp/mcuxpressoide_11.2.0_4120/ide/plugins/com.nxp.mcuxpresso.tools.win32_11.2.0.202001021529/tools/bin/../lib/gcc/arm-none-eabi/9.2.1/../../../../arm-none-eabi/lib/thumb/v6-m/nofp\libcr_c.a(strspn.o)
 .comment       0x00000079       0x7a c:/nxp/mcuxpressoide_11.2.0_4120/ide/plugins/com.nxp.mcuxpresso.tools.win32_11.2.0.202001021529/tools/bin/../lib/gcc/arm-none-eabi/9.2.1/../../../../arm-none-eabi/lib/thumb/v6-m/nofp\libcr_c.a(_cr_check_heap.o)
 .comment       0x00000079       0x7a c:/nxp/mcuxpressoide_11.2.0_4120/ide/plugins/com.nxp.mcuxpresso.tools.win32_11.2.0.202001021529/tools/bin/../lib/gcc/arm-none-eabi/9.2.1/../../../../arm-none-eabi/lib/thumb/v6-m/nofp\libcr_c.a(_do_fflush.o)
 .comment       0x00000079       0x7a c:/nxp/mcuxpressoide_11.2.0_4120/ide/plugins/com.nxp.mcuxpresso.tools.win32_11.2.0.202001021529/tools/bin/../lib/gcc/arm-none-eabi/9.2.1/../../../../arm-none-eabi/lib/thumb/v6-m/nofp\libcr_nohost_nf.a(__sys_appexit.o)
 .comment       0x00000079       0x7a c:/nxp/mcuxpressoide_11.2.0_4120/ide/plugins/com.nxp.mcuxpresso.tools.win32_11.2.0.202001021529/tools/bin/../lib/gcc/arm-none-eabi/9.2.1/../../../../arm-none-eabi/lib/thumb/v6-m/nofp\libcr_nohost_nf.a(__sys_close.o)
 .comment       0x00000079       0x7a c:/nxp/mcuxpressoide_11.2.0_4120/ide/plugins/com.nxp.mcuxpresso.tools.win32_11.2.0.202001021529/tools/bin/../lib/gcc/arm-none-eabi/9.2.1/../../../../arm-none-eabi/lib/thumb/v6-m/nofp\libcr_nohost_nf.a(__sys_flen.o)
 .comment       0x00000079       0x7a c:/nxp/mcuxpressoide_11.2.0_4120/ide/plugins/com.nxp.mcuxpresso.tools.win32_11.2.0.202001021529/tools/bin/../lib/gcc/arm-none-eabi/9.2.1/../../../../arm-none-eabi/lib/thumb/v6-m/nofp\libcr_nohost_nf.a(__sys_istty.o)
 .comment       0x00000079       0x7a c:/nxp/mcuxpressoide_11.2.0_4120/ide/plugins/com.nxp.mcuxpresso.tools.win32_11.2.0.202001021529/tools/bin/../lib/gcc/arm-none-eabi/9.2.1/../../../../arm-none-eabi/lib/thumb/v6-m/nofp\libcr_nohost_nf.a(__sys_remove.o)
 .comment       0x00000079       0x7a c:/nxp/mcuxpressoide_11.2.0_4120/ide/plugins/com.nxp.mcuxpresso.tools.win32_11.2.0.202001021529/tools/bin/../lib/gcc/arm-none-eabi/9.2.1/../../../../arm-none-eabi/lib/thumb/v6-m/nofp\libcr_nohost_nf.a(__sys_seek.o)
 .comment       0x00000079       0x7a c:/nxp/mcuxpressoide_11.2.0_4120/ide/plugins/com.nxp.mcuxpresso.tools.win32_11.2.0.202001021529/tools/bin/../lib/gcc/arm-none-eabi/9.2.1/../../../../arm-none-eabi/lib/thumb/v6-m/nofp\libcr_nohost_nf.a(__sys_tmpnam.o)
 .comment       0x00000079       0x7a c:/nxp/mcuxpressoide_11.2.0_4120/ide/plugins/com.nxp.mcuxpresso.tools.win32_11.2.0.202001021529/tools/bin/../lib/gcc/arm-none-eabi/9.2.1/../../../../arm-none-eabi/lib/thumb/v6-m/nofp\libcr_nohost_nf.a(__sys_write.o)

.ARM.attributes
                0x00000000       0x2a
 .ARM.attributes
                0x00000000       0x2a C:\Users\apanchal\AppData\Local\Temp\FRDMKL25Z.axf.EfWto3.ltrans0.ltrans.o
 .ARM.attributes
                0x0000002a       0x31 c:/nxp/mcuxpressoide_11.2.0_4120/ide/plugins/com.nxp.mcuxpresso.tools.win32_11.2.0.202001021529/tools/bin/../lib/gcc/arm-none-eabi/9.2.1/../../../../arm-none-eabi/lib/thumb/v6-m/nofp\libcr_nohost_nf.a(__ciob.o)
 .ARM.attributes
                0x0000005b       0x2c c:/nxp/mcuxpressoide_11.2.0_4120/ide/plugins/com.nxp.mcuxpresso.tools.win32_11.2.0.202001021529/tools/bin/../lib/gcc/arm-none-eabi/9.2.1/../../../../arm-none-eabi/lib/thumb/v6-m/nofp\libcr_nohost_nf.a(_cr__main.o)
 .ARM.attributes
                0x00000087       0x2c c:/nxp/mcuxpressoide_11.2.0_4120/ide/plugins/com.nxp.mcuxpresso.tools.win32_11.2.0.202001021529/tools/bin/../lib/gcc/arm-none-eabi/9.2.1/../../../../arm-none-eabi/lib/thumb/v6-m/nofp\libcr_c.a(memcpy.o)
 .ARM.attributes
                0x000000b3       0x2c c:/nxp/mcuxpressoide_11.2.0_4120/ide/plugins/com.nxp.mcuxpresso.tools.win32_11.2.0.202001021529/tools/bin/../lib/gcc/arm-none-eabi/9.2.1/../../../../arm-none-eabi/lib/thumb/v6-m/nofp\libcr_c.a(memmove.o)
 .ARM.attributes
                0x000000df       0x2c c:/nxp/mcuxpressoide_11.2.0_4120/ide/plugins/com.nxp.mcuxpresso.tools.win32_11.2.0.202001021529/tools/bin/../lib/gcc/arm-none-eabi/9.2.1/../../../../arm-none-eabi/lib/thumb/v6-m/nofp\libcr_c.a(memset.o)
 .ARM.attributes
                0x0000010b       0x2c c:/nxp/mcuxpressoide_11.2.0_4120/ide/plugins/com.nxp.mcuxpresso.tools.win32_11.2.0.202001021529/tools/bin/../lib/gcc/arm-none-eabi/9.2.1/../../../../arm-none-eabi/lib/thumb/v6-m/nofp\libcr_c.a(alloc.o)
 .ARM.attributes
                0x00000137       0x2c c:/nxp/mcuxpressoide_11.2.0_4120/ide/plugins/com.nxp.mcuxpresso.tools.win32_11.2.0.202001021529/tools/bin/../lib/gcc/arm-none-eabi/9.2.1/../../../../arm-none-eabi/lib/thumb/v6-m/nofp\libcr_c.a(initio.o)
 .ARM.attributes
                0x00000163       0x2c c:/nxp/mcuxpressoide_11.2.0_4120/ide/plugins/com.nxp.mcuxpresso.tools.win32_11.2.0.202001021529/tools/bin/../lib/gcc/arm-none-eabi/9.2.1/../../../../arm-none-eabi/lib/thumb/v6-m/nofp\libcr_c.a(printf.o)
 .ARM.attributes
                0x0000018f       0x2c c:/nxp/mcuxpressoide_11.2.0_4120/ide/plugins/com.nxp.mcuxpresso.tools.win32_11.2.0.202001021529/tools/bin/../lib/gcc/arm-none-eabi/9.2.1/../../../../arm-none-eabi/lib/thumb/v6-m/nofp\libcr_c.a(setvbuf.o)
 .ARM.attributes
                0x000001bb       0x2c c:/nxp/mcuxpressoide_11.2.0_4120/ide/plugins/com.nxp.mcuxpresso.tools.win32_11.2.0.202001021529/tools/bin/../lib/gcc/arm-none-eabi/9.2.1/../../../../arm-none-eabi/lib/thumb/v6-m/nofp\libcr_c.a(strcmp.o)
 .ARM.attributes
                0x000001e7       0x2c c:/nxp/mcuxpressoide_11.2.0_4120/ide/plugins/com.nxp.mcuxpresso.tools.win32_11.2.0.202001021529/tools/bin/../lib/gcc/arm-none-eabi/9.2.1/../../../../arm-none-eabi/lib/thumb/v6-m/nofp\libcr_c.a(strlen.o)
 .ARM.attributes
                0x00000213       0x2c c:/nxp/mcuxpressoide_11.2.0_4120/ide/plugins/com.nxp.mcuxpresso.tools.win32_11.2.0.202001021529/tools/bin/../lib/gcc/arm-none-eabi/9.2.1/../../../../arm-none-eabi/lib/thumb/v6-m/nofp\libcr_c.a(strncmp.o)
 .ARM.attributes
                0x0000023f       0x2c c:/nxp/mcuxpressoide_11.2.0_4120/ide/plugins/com.nxp.mcuxpresso.tools.win32_11.2.0.202001021529/tools/bin/../lib/gcc/arm-none-eabi/9.2.1/../../../../arm-none-eabi/lib/thumb/v6-m/nofp\libcr_c.a(strncpy.o)
 .ARM.attributes
                0x0000026b       0x2c c:/nxp/mcuxpressoide_11.2.0_4120/ide/plugins/com.nxp.mcuxpresso.tools.win32_11.2.0.202001021529/tools/bin/../lib/gcc/arm-none-eabi/9.2.1/../../../../arm-none-eabi/lib/thumb/v6-m/nofp\libcr_c.a(strtok.o)
 .ARM.attributes
                0x00000297       0x2c c:/nxp/mcuxpressoide_11.2.0_4120/ide/plugins/com.nxp.mcuxpresso.tools.win32_11.2.0.202001021529/tools/bin/../lib/gcc/arm-none-eabi/9.2.1/../../../../arm-none-eabi/lib/thumb/v6-m/nofp\libcr_c.a(__init_alloc.o)
 .ARM.attributes
                0x000002c3       0x2c c:/nxp/mcuxpressoide_11.2.0_4120/ide/plugins/com.nxp.mcuxpresso.tools.win32_11.2.0.202001021529/tools/bin/../lib/gcc/arm-none-eabi/9.2.1/../../../../arm-none-eabi/lib/thumb/v6-m/nofp\libcr_c.a(_cr_sbrk.o)
 .ARM.attributes
                0x000002ef       0x2c c:/nxp/mcuxpressoide_11.2.0_4120/ide/plugins/com.nxp.mcuxpresso.tools.win32_11.2.0.202001021529/tools/bin/../lib/gcc/arm-none-eabi/9.2.1/../../../../arm-none-eabi/lib/thumb/v6-m/nofp\libcr_c.a(_deferredlazyseek.o)
 .ARM.attributes
                0x0000031b       0x2c c:/nxp/mcuxpressoide_11.2.0_4120/ide/plugins/com.nxp.mcuxpresso.tools.win32_11.2.0.202001021529/tools/bin/../lib/gcc/arm-none-eabi/9.2.1/../../../../arm-none-eabi/lib/thumb/v6-m/nofp\libcr_c.a(_fdopen.o)
 .ARM.attributes
                0x00000347       0x2c c:/nxp/mcuxpressoide_11.2.0_4120/ide/plugins/com.nxp.mcuxpresso.tools.win32_11.2.0.202001021529/tools/bin/../lib/gcc/arm-none-eabi/9.2.1/../../../../arm-none-eabi/lib/thumb/v6-m/nofp\libcr_c.a(_fflush.o)
 .ARM.attributes
                0x00000373       0x2c c:/nxp/mcuxpressoide_11.2.0_4120/ide/plugins/com.nxp.mcuxpresso.tools.win32_11.2.0.202001021529/tools/bin/../lib/gcc/arm-none-eabi/9.2.1/../../../../arm-none-eabi/lib/thumb/v6-m/nofp\libcr_c.a(_writebuf.o)
 .ARM.attributes
                0x0000039f       0x31 c:/nxp/mcuxpressoide_11.2.0_4120/ide/plugins/com.nxp.mcuxpresso.tools.win32_11.2.0.202001021529/tools/bin/../lib/gcc/arm-none-eabi/9.2.1/../../../../arm-none-eabi/lib/thumb/v6-m/nofp\libcr_c.a(errno.o)
 .ARM.attributes
                0x000003d0       0x2c c:/nxp/mcuxpressoide_11.2.0_4120/ide/plugins/com.nxp.mcuxpresso.tools.win32_11.2.0.202001021529/tools/bin/../lib/gcc/arm-none-eabi/9.2.1/../../../../arm-none-eabi/lib/thumb/v6-m/nofp\libcr_c.a(fclose.o)
 .ARM.attributes
                0x000003fc       0x2c c:/nxp/mcuxpressoide_11.2.0_4120/ide/plugins/com.nxp.mcuxpresso.tools.win32_11.2.0.202001021529/tools/bin/../lib/gcc/arm-none-eabi/9.2.1/../../../../arm-none-eabi/lib/thumb/v6-m/nofp\libcr_c.a(fflush.o)
 .ARM.attributes
                0x00000428       0x2c c:/nxp/mcuxpressoide_11.2.0_4120/ide/plugins/com.nxp.mcuxpresso.tools.win32_11.2.0.202001021529/tools/bin/../lib/gcc/arm-none-eabi/9.2.1/../../../../arm-none-eabi/lib/thumb/v6-m/nofp\libcr_c.a(fseek.o)
 .ARM.attributes
                0x00000454       0x2c c:/nxp/mcuxpressoide_11.2.0_4120/ide/plugins/com.nxp.mcuxpresso.tools.win32_11.2.0.202001021529/tools/bin/../lib/gcc/arm-none-eabi/9.2.1/../../../../arm-none-eabi/lib/thumb/v6-m/nofp\libcr_c.a(ftell.o)
 .ARM.attributes
                0x00000480       0x2c c:/nxp/mcuxpressoide_11.2.0_4120/ide/plugins/com.nxp.mcuxpresso.tools.win32_11.2.0.202001021529/tools/bin/../lib/gcc/arm-none-eabi/9.2.1/../../../../arm-none-eabi/lib/thumb/v6-m/nofp\libcr_c.a(remove.o)
 .ARM.attributes
                0x000004ac       0x2c c:/nxp/mcuxpressoide_11.2.0_4120/ide/plugins/com.nxp.mcuxpresso.tools.win32_11.2.0.202001021529/tools/bin/../lib/gcc/arm-none-eabi/9.2.1/../../../../arm-none-eabi/lib/thumb/v6-m/nofp\libcr_c.a(strcspn.o)
 .ARM.attributes
                0x000004d8       0x2c c:/nxp/mcuxpressoide_11.2.0_4120/ide/plugins/com.nxp.mcuxpresso.tools.win32_11.2.0.202001021529/tools/bin/../lib/gcc/arm-none-eabi/9.2.1/../../../../arm-none-eabi/lib/thumb/v6-m/nofp\libcr_c.a(strspn.o)
 .ARM.attributes
                0x00000504       0x2c c:/nxp/mcuxpressoide_11.2.0_4120/ide/plugins/com.nxp.mcuxpresso.tools.win32_11.2.0.202001021529/tools/bin/../lib/gcc/arm-none-eabi/9.2.1/../../../../arm-none-eabi/lib/thumb/v6-m/nofp\libcr_c.a(_cr_check_heap.o)
 .ARM.attributes
                0x00000530       0x2c c:/nxp/mcuxpressoide_11.2.0_4120/ide/plugins/com.nxp.mcuxpresso.tools.win32_11.2.0.202001021529/tools/bin/../lib/gcc/arm-none-eabi/9.2.1/../../../../arm-none-eabi/lib/thumb/v6-m/nofp\libcr_c.a(_do_fflush.o)
 .ARM.attributes
                0x0000055c       0x1c c:/nxp/mcuxpressoide_11.2.0_4120/ide/plugins/com.nxp.mcuxpresso.tools.win32_11.2.0.202001021529/tools/bin/../lib/gcc/arm-none-eabi/9.2.1/thumb/v6-m/nofp\libcr_eabihelpers.a(llong.o)
 .ARM.attributes
                0x00000578       0x1c c:/nxp/mcuxpressoide_11.2.0_4120/ide/plugins/com.nxp.mcuxpresso.tools.win32_11.2.0.202001021529/tools/bin/../lib/gcc/arm-none-eabi/9.2.1/thumb/v6-m/nofp\libcr_eabihelpers.a(memcpy.o)
 .ARM.attributes
                0x00000594       0x1c c:/nxp/mcuxpressoide_11.2.0_4120/ide/plugins/com.nxp.mcuxpresso.tools.win32_11.2.0.202001021529/tools/bin/../lib/gcc/arm-none-eabi/9.2.1/thumb/v6-m/nofp\libcr_eabihelpers.a(thumb1_switch_helpers.o)
 .ARM.attributes
                0x000005b0       0x1c c:/nxp/mcuxpressoide_11.2.0_4120/ide/plugins/com.nxp.mcuxpresso.tools.win32_11.2.0.202001021529/tools/bin/../lib/gcc/arm-none-eabi/9.2.1/thumb/v6-m/nofp\libcr_eabihelpers.a(division_32.o)
 .ARM.attributes
                0x000005cc       0x1c c:/nxp/mcuxpressoide_11.2.0_4120/ide/plugins/com.nxp.mcuxpresso.tools.win32_11.2.0.202001021529/tools/bin/../lib/gcc/arm-none-eabi/9.2.1/thumb/v6-m/nofp\libcr_eabihelpers.a(division_idiv0.o)
 .ARM.attributes
                0x000005e8       0x2c c:/nxp/mcuxpressoide_11.2.0_4120/ide/plugins/com.nxp.mcuxpresso.tools.win32_11.2.0.202001021529/tools/bin/../lib/gcc/arm-none-eabi/9.2.1/../../../../arm-none-eabi/lib/thumb/v6-m/nofp\libcr_nohost_nf.a(__sys_appexit.o)
 .ARM.attributes
                0x00000614       0x2c c:/nxp/mcuxpressoide_11.2.0_4120/ide/plugins/com.nxp.mcuxpresso.tools.win32_11.2.0.202001021529/tools/bin/../lib/gcc/arm-none-eabi/9.2.1/../../../../arm-none-eabi/lib/thumb/v6-m/nofp\libcr_nohost_nf.a(__sys_close.o)
 .ARM.attributes
                0x00000640       0x2c c:/nxp/mcuxpressoide_11.2.0_4120/ide/plugins/com.nxp.mcuxpresso.tools.win32_11.2.0.202001021529/tools/bin/../lib/gcc/arm-none-eabi/9.2.1/../../../../arm-none-eabi/lib/thumb/v6-m/nofp\libcr_nohost_nf.a(__sys_flen.o)
 .ARM.attributes
                0x0000066c       0x2c c:/nxp/mcuxpressoide_11.2.0_4120/ide/plugins/com.nxp.mcuxpresso.tools.win32_11.2.0.202001021529/tools/bin/../lib/gcc/arm-none-eabi/9.2.1/../../../../arm-none-eabi/lib/thumb/v6-m/nofp\libcr_nohost_nf.a(__sys_istty.o)
 .ARM.attributes
                0x00000698       0x2c c:/nxp/mcuxpressoide_11.2.0_4120/ide/plugins/com.nxp.mcuxpresso.tools.win32_11.2.0.202001021529/tools/bin/../lib/gcc/arm-none-eabi/9.2.1/../../../../arm-none-eabi/lib/thumb/v6-m/nofp\libcr_nohost_nf.a(__sys_remove.o)
 .ARM.attributes
                0x000006c4       0x2c c:/nxp/mcuxpressoide_11.2.0_4120/ide/plugins/com.nxp.mcuxpresso.tools.win32_11.2.0.202001021529/tools/bin/../lib/gcc/arm-none-eabi/9.2.1/../../../../arm-none-eabi/lib/thumb/v6-m/nofp\libcr_nohost_nf.a(__sys_seek.o)
 .ARM.attributes
                0x000006f0       0x2c c:/nxp/mcuxpressoide_11.2.0_4120/ide/plugins/com.nxp.mcuxpresso.tools.win32_11.2.0.202001021529/tools/bin/../lib/gcc/arm-none-eabi/9.2.1/../../../../arm-none-eabi/lib/thumb/v6-m/nofp\libcr_nohost_nf.a(__sys_tmpnam.o)
 .ARM.attributes
                0x0000071c       0x2c c:/nxp/mcuxpressoide_11.2.0_4120/ide/plugins/com.nxp.mcuxpresso.tools.win32_11.2.0.202001021529/tools/bin/../lib/gcc/arm-none-eabi/9.2.1/../../../../arm-none-eabi/lib/thumb/v6-m/nofp\libcr_nohost_nf.a(__sys_write.o)

Cross Reference Table

Symbol                                            File
ADC0_DriverIRQHandler                             ./startup/startup_mkl25z4.o (symbol from plugin)
ADC0_IRQHandler                                   ./startup/startup_mkl25z4.o (symbol from plugin)
BOARD_BootClockRUN                                ./board/clock_config.o (symbol from plugin)
                                                  C:\Users\apanchal\AppData\Local\Temp\ccodKNmY.debug.temp.o
                                                  ./source/serial_transport_KL2xZ.o (symbol from plugin)
BOARD_BootClockVLPR                               ./board/clock_config.o (symbol from plugin)
BOARD_InitDebugConsole                            ./board/board.o (symbol from plugin)
BOARD_InitPins                                    ./board/pin_mux.o (symbol from plugin)
                                                  C:\Users\apanchal\AppData\Local\Temp\ccodKNmY.debug.temp.o
                                                  ./source/serial_transport_KL2xZ.o (symbol from plugin)
CLOCK_BootToBlpeMode                              ./drivers/fsl_clock.o (symbol from plugin)
CLOCK_BootToBlpiMode                              ./drivers/fsl_clock.o (symbol from plugin)
                                                  C:\Users\apanchal\AppData\Local\Temp\ccizaMFJ.debug.temp.o
                                                  ./board/clock_config.o (symbol from plugin)
CLOCK_BootToFeeMode                               ./drivers/fsl_clock.o (symbol from plugin)
CLOCK_BootToFeiMode                               ./drivers/fsl_clock.o (symbol from plugin)
CLOCK_BootToPeeMode                               ./drivers/fsl_clock.o (symbol from plugin)
                                                  C:\Users\apanchal\AppData\Local\Temp\ccizaMFJ.debug.temp.o
                                                  ./board/clock_config.o (symbol from plugin)
CLOCK_CalcPllDiv                                  ./drivers/fsl_clock.o (symbol from plugin)
CLOCK_ClearStatusFlags                            ./drivers/fsl_clock.o (symbol from plugin)
CLOCK_DeinitOsc0                                  ./drivers/fsl_clock.o (symbol from plugin)
CLOCK_EnablePll0                                  ./drivers/fsl_clock.o (symbol from plugin)
CLOCK_EnableUsbfs0Clock                           ./drivers/fsl_clock.o (symbol from plugin)
CLOCK_ExternalModeToFbeModeQuick                  ./drivers/fsl_clock.o (symbol from plugin)
CLOCK_FllStableDelay                              ./drivers/fsl_clock.o (symbol from plugin)
CLOCK_GetBusClkFreq                               ./drivers/fsl_clock.o (symbol from plugin)
CLOCK_GetCoreSysClkFreq                           ./drivers/fsl_clock.o (symbol from plugin)
CLOCK_GetEr32kClkFreq                             ./drivers/fsl_clock.o (symbol from plugin)
CLOCK_GetFixedFreqClkFreq                         ./drivers/fsl_clock.o (symbol from plugin)
CLOCK_GetFlashClkFreq                             ./drivers/fsl_clock.o (symbol from plugin)
CLOCK_GetFllFreq                                  ./drivers/fsl_clock.o (symbol from plugin)
CLOCK_GetFreq                                     ./drivers/fsl_clock.o (symbol from plugin)
                                                  C:\Users\apanchal\AppData\Local\Temp\ccodKNmY.debug.temp.o
                                                  ./source/serial_transport_KL2xZ.o (symbol from plugin)
CLOCK_GetInternalRefClkFreq                       ./drivers/fsl_clock.o (symbol from plugin)
CLOCK_GetMode                                     ./drivers/fsl_clock.o (symbol from plugin)
CLOCK_GetOsc0ErClkFreq                            ./drivers/fsl_clock.o (symbol from plugin)
CLOCK_GetOutClkFreq                               ./drivers/fsl_clock.o (symbol from plugin)
CLOCK_GetPlatClkFreq                              ./drivers/fsl_clock.o (symbol from plugin)
CLOCK_GetPll0Freq                                 ./drivers/fsl_clock.o (symbol from plugin)
CLOCK_GetPllFllSelClkFreq                         ./drivers/fsl_clock.o (symbol from plugin)
                                                  C:\Users\apanchal\AppData\Local\Temp\ccFB6Ppc.debug.temp.o
                                                  ./board/board.o (symbol from plugin)
CLOCK_GetStatusFlags                              ./drivers/fsl_clock.o (symbol from plugin)
CLOCK_InitOsc0                                    ./drivers/fsl_clock.o (symbol from plugin)
                                                  C:\Users\apanchal\AppData\Local\Temp\ccizaMFJ.debug.temp.o
                                                  ./board/clock_config.o (symbol from plugin)
CLOCK_InternalModeToFbiModeQuick                  ./drivers/fsl_clock.o (symbol from plugin)
CLOCK_SetBlpeMode                                 ./drivers/fsl_clock.o (symbol from plugin)
CLOCK_SetBlpiMode                                 ./drivers/fsl_clock.o (symbol from plugin)
CLOCK_SetExternalRefClkConfig                     ./drivers/fsl_clock.o (symbol from plugin)
CLOCK_SetFbeMode                                  ./drivers/fsl_clock.o (symbol from plugin)
CLOCK_SetFbiMode                                  ./drivers/fsl_clock.o (symbol from plugin)
CLOCK_SetFeeMode                                  ./drivers/fsl_clock.o (symbol from plugin)
CLOCK_SetFeiMode                                  ./drivers/fsl_clock.o (symbol from plugin)
CLOCK_SetInternalRefClkConfig                     ./drivers/fsl_clock.o (symbol from plugin)
                                                  C:\Users\apanchal\AppData\Local\Temp\ccizaMFJ.debug.temp.o
                                                  ./board/clock_config.o (symbol from plugin)
CLOCK_SetMcgConfig                                ./drivers/fsl_clock.o (symbol from plugin)
CLOCK_SetOsc0MonitorMode                          ./drivers/fsl_clock.o (symbol from plugin)
CLOCK_SetPbeMode                                  ./drivers/fsl_clock.o (symbol from plugin)
CLOCK_SetPeeMode                                  ./drivers/fsl_clock.o (symbol from plugin)
CLOCK_SetPll0MonitorMode                          ./drivers/fsl_clock.o (symbol from plugin)
CLOCK_SetSimConfig                                ./drivers/fsl_clock.o (symbol from plugin)
                                                  C:\Users\apanchal\AppData\Local\Temp\ccizaMFJ.debug.temp.o
                                                  ./board/clock_config.o (symbol from plugin)
CLOCK_TrimInternalRefClk                          ./drivers/fsl_clock.o (symbol from plugin)
CMP0_DriverIRQHandler                             ./startup/startup_mkl25z4.o (symbol from plugin)
CMP0_IRQHandler                                   ./startup/startup_mkl25z4.o (symbol from plugin)
DAC0_DriverIRQHandler                             ./startup/startup_mkl25z4.o (symbol from plugin)
DAC0_IRQHandler                                   ./startup/startup_mkl25z4.o (symbol from plugin)
DMA0_DriverIRQHandler                             ./startup/startup_mkl25z4.o (symbol from plugin)
DMA0_IRQHandler                                   ./startup/startup_mkl25z4.o (symbol from plugin)
DMA1_DriverIRQHandler                             ./startup/startup_mkl25z4.o (symbol from plugin)
DMA1_IRQHandler                                   ./startup/startup_mkl25z4.o (symbol from plugin)
DMA2_DriverIRQHandler                             ./startup/startup_mkl25z4.o (symbol from plugin)
DMA2_IRQHandler                                   ./startup/startup_mkl25z4.o (symbol from plugin)
DMA3_DriverIRQHandler                             ./startup/startup_mkl25z4.o (symbol from plugin)
DMA3_IRQHandler                                   ./startup/startup_mkl25z4.o (symbol from plugin)
DbgConsole_Deinit                                 ./utilities/fsl_debug_console.o (symbol from plugin)
DbgConsole_Getchar                                ./utilities/fsl_debug_console.o (symbol from plugin)
DbgConsole_Init                                   ./utilities/fsl_debug_console.o (symbol from plugin)
                                                  C:\Users\apanchal\AppData\Local\Temp\ccFB6Ppc.debug.temp.o
                                                  ./board/board.o (symbol from plugin)
DbgConsole_Printf                                 ./utilities/fsl_debug_console.o (symbol from plugin)
                                                  C:\Users\apanchal\AppData\Local\Temp\ccpq7qFQ.debug.temp.o
                                                  ./drivers/fsl_common.o (symbol from plugin)
DbgConsole_Putchar                                ./utilities/fsl_debug_console.o (symbol from plugin)
DbgConsole_Scanf                                  ./utilities/fsl_debug_console.o (symbol from plugin)
FLASH_Erase                                       ./drivers/fsl_flash.o (symbol from plugin)
FLASH_EraseAll                                    ./drivers/fsl_flash.o (symbol from plugin)
FLASH_EraseAllExecuteOnlySegments                 ./drivers/fsl_flash.o (symbol from plugin)
FLASH_GetProperty                                 ./drivers/fsl_flash.o (symbol from plugin)
FLASH_GetSecurityState                            ./drivers/fsl_flash.o (symbol from plugin)
FLASH_Init                                        ./drivers/fsl_flash.o (symbol from plugin)
FLASH_IsExecuteOnly                               ./drivers/fsl_flash.o (symbol from plugin)
FLASH_IsProtected                                 ./drivers/fsl_flash.o (symbol from plugin)
FLASH_PflashGetPrefetchSpeculation                ./drivers/fsl_flash.o (symbol from plugin)
FLASH_PflashGetProtection                         ./drivers/fsl_flash.o (symbol from plugin)
FLASH_PflashSetPrefetchSpeculation                ./drivers/fsl_flash.o (symbol from plugin)
                                                  C:\Users\apanchal\AppData\Local\Temp\ccX7Dep6.debug.temp.o
                                                  ./drivers/fsl_smc.o (symbol from plugin)
FLASH_PflashSetProtection                         ./drivers/fsl_flash.o (symbol from plugin)
FLASH_PrepareExecuteInRamFunctions                ./drivers/fsl_flash.o (symbol from plugin)
FLASH_Program                                     ./drivers/fsl_flash.o (symbol from plugin)
FLASH_ProgramOnce                                 ./drivers/fsl_flash.o (symbol from plugin)
FLASH_ReadOnce                                    ./drivers/fsl_flash.o (symbol from plugin)
FLASH_ReadResource                                ./drivers/fsl_flash.o (symbol from plugin)
FLASH_SecurityBypass                              ./drivers/fsl_flash.o (symbol from plugin)
FLASH_SetCallback                                 ./drivers/fsl_flash.o (symbol from plugin)
FLASH_SetProperty                                 ./drivers/fsl_flash.o (symbol from plugin)
FLASH_VerifyErase                                 ./drivers/fsl_flash.o (symbol from plugin)
FLASH_VerifyEraseAll                              ./drivers/fsl_flash.o (symbol from plugin)
FLASH_VerifyEraseAllExecuteOnlySegments           ./drivers/fsl_flash.o (symbol from plugin)
FLASH_VerifyProgram                               ./drivers/fsl_flash.o (symbol from plugin)
FTFA_DriverIRQHandler                             ./startup/startup_mkl25z4.o (symbol from plugin)
FTFA_IRQHandler                                   ./startup/startup_mkl25z4.o (symbol from plugin)
Flash_Config                                      C:\Users\apanchal\AppData\Local\Temp\FRDMKL25Z.axf.EfWto3.ltrans0.ltrans.o
                                                  ./startup/startup_mkl25z4.o (symbol from plugin)
GPIO_ClearPinsInterruptFlags                      ./drivers/fsl_gpio.o (symbol from plugin)
GPIO_GetPinsInterruptFlags                        ./drivers/fsl_gpio.o (symbol from plugin)
GPIO_PinInit                                      ./drivers/fsl_gpio.o (symbol from plugin)
HardFault_Handler                                 ./startup/startup_mkl25z4.o (symbol from plugin)
I2C0_DriverIRQHandler                             ./startup/startup_mkl25z4.o (symbol from plugin)
I2C0_IRQHandler                                   ./startup/startup_mkl25z4.o (symbol from plugin)
I2C1_DriverIRQHandler                             ./startup/startup_mkl25z4.o (symbol from plugin)
I2C1_IRQHandler                                   ./startup/startup_mkl25z4.o (symbol from plugin)
InstallIRQHandler                                 ./drivers/fsl_common.o (symbol from plugin)
IntDefaultHandler                                 ./startup/startup_mkl25z4.o (symbol from plugin)
LLWU_DriverIRQHandler                             ./startup/startup_mkl25z4.o (symbol from plugin)
LLWU_IRQHandler                                   ./startup/startup_mkl25z4.o (symbol from plugin)
LPSCI_ClearStatusFlags                            ./drivers/fsl_lpsci.o (symbol from plugin)
LPSCI_Deinit                                      ./drivers/fsl_lpsci.o (symbol from plugin)
                                                  C:\Users\apanchal\AppData\Local\Temp\ccFtfbhs.debug.temp.o
                                                  ./utilities/fsl_debug_console.o (symbol from plugin)
LPSCI_DisableInterrupts                           ./drivers/fsl_lpsci.o (symbol from plugin)
LPSCI_EnableInterrupts                            ./drivers/fsl_lpsci.o (symbol from plugin)
LPSCI_GetDefaultConfig                            ./drivers/fsl_lpsci.o (symbol from plugin)
                                                  C:\Users\apanchal\AppData\Local\Temp\ccFtfbhs.debug.temp.o
                                                  ./utilities/fsl_debug_console.o (symbol from plugin)
LPSCI_GetEnabledInterrupts                        ./drivers/fsl_lpsci.o (symbol from plugin)
LPSCI_GetInstance                                 ./drivers/fsl_lpsci.o (symbol from plugin)
LPSCI_GetStatusFlags                              ./drivers/fsl_lpsci.o (symbol from plugin)
LPSCI_Init                                        ./drivers/fsl_lpsci.o (symbol from plugin)
                                                  C:\Users\apanchal\AppData\Local\Temp\ccFtfbhs.debug.temp.o
                                                  ./utilities/fsl_debug_console.o (symbol from plugin)
LPSCI_ReadBlocking                                ./drivers/fsl_lpsci.o (symbol from plugin)
                                                  C:\Users\apanchal\AppData\Local\Temp\ccFtfbhs.debug.temp.o
                                                  ./utilities/fsl_debug_console.o (symbol from plugin)
LPSCI_SetBaudRate                                 ./drivers/fsl_lpsci.o (symbol from plugin)
LPSCI_TransferAbortReceive                        ./drivers/fsl_lpsci.o (symbol from plugin)
LPSCI_TransferAbortSend                           ./drivers/fsl_lpsci.o (symbol from plugin)
LPSCI_TransferCreateHandle                        ./drivers/fsl_lpsci.o (symbol from plugin)
LPSCI_TransferGetReceiveCount                     ./drivers/fsl_lpsci.o (symbol from plugin)
LPSCI_TransferGetSendCount                        ./drivers/fsl_lpsci.o (symbol from plugin)
LPSCI_TransferHandleErrorIRQ                      ./drivers/fsl_lpsci.o (symbol from plugin)
LPSCI_TransferHandleIRQ                           ./drivers/fsl_lpsci.o (symbol from plugin)
LPSCI_TransferReceiveNonBlocking                  ./drivers/fsl_lpsci.o (symbol from plugin)
LPSCI_TransferSendNonBlocking                     ./drivers/fsl_lpsci.o (symbol from plugin)
LPSCI_TransferStartRingBuffer                     ./drivers/fsl_lpsci.o (symbol from plugin)
LPSCI_TransferStopRingBuffer                      ./drivers/fsl_lpsci.o (symbol from plugin)
LPSCI_WriteBlocking                               ./drivers/fsl_lpsci.o (symbol from plugin)
                                                  C:\Users\apanchal\AppData\Local\Temp\ccFtfbhs.debug.temp.o
                                                  ./utilities/fsl_debug_console.o (symbol from plugin)
LPTMR0_DriverIRQHandler                           ./startup/startup_mkl25z4.o (symbol from plugin)
LPTMR0_IRQHandler                                 ./startup/startup_mkl25z4.o (symbol from plugin)
LVD_LVW_DriverIRQHandler                          ./startup/startup_mkl25z4.o (symbol from plugin)
LVD_LVW_IRQHandler                                ./startup/startup_mkl25z4.o (symbol from plugin)
LastDSPMicro                                      ./source/serial_reader_l3.o (symbol from plugin)
                                                  C:\Users\apanchal\AppData\Local\Temp\ccGN1IRX.debug.temp.o
                                                  ./source/serial_reader.o (symbol from plugin)
MCG_DriverIRQHandler                              ./startup/startup_mkl25z4.o (symbol from plugin)
MCG_IRQHandler                                    ./startup/startup_mkl25z4.o (symbol from plugin)
NMI_Handler                                       ./startup/startup_mkl25z4.o (symbol from plugin)
PIT_DriverIRQHandler                              ./startup/startup_mkl25z4.o (symbol from plugin)
PIT_IRQHandler                                    ./startup/startup_mkl25z4.o (symbol from plugin)
PORTA_DriverIRQHandler                            ./startup/startup_mkl25z4.o (symbol from plugin)
PORTA_IRQHandler                                  ./startup/startup_mkl25z4.o (symbol from plugin)
PORTD_DriverIRQHandler                            ./startup/startup_mkl25z4.o (symbol from plugin)
PORTD_IRQHandler                                  ./startup/startup_mkl25z4.o (symbol from plugin)
PendSV_Handler                                    ./startup/startup_mkl25z4.o (symbol from plugin)
PrevSysTime                                       ./source/serial_reader.o (symbol from plugin)
RTC_DriverIRQHandler                              ./startup/startup_mkl25z4.o (symbol from plugin)
RTC_IRQHandler                                    ./startup/startup_mkl25z4.o (symbol from plugin)
RTC_Seconds_DriverIRQHandler                      ./startup/startup_mkl25z4.o (symbol from plugin)
RTC_Seconds_IRQHandler                            ./startup/startup_mkl25z4.o (symbol from plugin)
Reserved20_DriverIRQHandler                       ./startup/startup_mkl25z4.o (symbol from plugin)
Reserved20_IRQHandler                             ./startup/startup_mkl25z4.o (symbol from plugin)
Reserved39_DriverIRQHandler                       ./startup/startup_mkl25z4.o (symbol from plugin)
Reserved39_IRQHandler                             ./startup/startup_mkl25z4.o (symbol from plugin)
Reserved45_DriverIRQHandler                       ./startup/startup_mkl25z4.o (symbol from plugin)
Reserved45_IRQHandler                             ./startup/startup_mkl25z4.o (symbol from plugin)
ResetISR                                          C:\Users\apanchal\AppData\Local\Temp\FRDMKL25Z.axf.EfWto3.ltrans0.ltrans.o
                                                  ./startup/startup_mkl25z4.o (symbol from plugin)
SMC_PostExitStopModes                             ./drivers/fsl_smc.o (symbol from plugin)
SMC_PreEnterStopModes                             ./drivers/fsl_smc.o (symbol from plugin)
SMC_SetPowerModeLls                               ./drivers/fsl_smc.o (symbol from plugin)
SMC_SetPowerModeRun                               ./drivers/fsl_smc.o (symbol from plugin)
SMC_SetPowerModeStop                              ./drivers/fsl_smc.o (symbol from plugin)
SMC_SetPowerModeVlls                              ./drivers/fsl_smc.o (symbol from plugin)
SMC_SetPowerModeVlpr                              ./drivers/fsl_smc.o (symbol from plugin)
                                                  C:\Users\apanchal\AppData\Local\Temp\ccizaMFJ.debug.temp.o
                                                  ./board/clock_config.o (symbol from plugin)
SMC_SetPowerModeVlps                              ./drivers/fsl_smc.o (symbol from plugin)
SMC_SetPowerModeVlpw                              ./drivers/fsl_smc.o (symbol from plugin)
SMC_SetPowerModeWait                              ./drivers/fsl_smc.o (symbol from plugin)
SPI0_DriverIRQHandler                             ./startup/startup_mkl25z4.o (symbol from plugin)
SPI0_IRQHandler                                   ./startup/startup_mkl25z4.o (symbol from plugin)
SPI1_DriverIRQHandler                             ./startup/startup_mkl25z4.o (symbol from plugin)
SPI1_IRQHandler                                   ./startup/startup_mkl25z4.o (symbol from plugin)
SVC_Handler                                       ./startup/startup_mkl25z4.o (symbol from plugin)
SysTick_Handler                                   ./source/osdep_KL2xZ.o (symbol from plugin)
                                                  ./startup/startup_mkl25z4.o (symbol from plugin)
SystemCoreClock                                   ./CMSIS/system_MKL25Z4.o (symbol from plugin)
                                                  C:\Users\apanchal\AppData\Local\Temp\ccizaMFJ.debug.temp.o
                                                  C:\Users\apanchal\AppData\Local\Temp\ccWKRnWW.debug.temp.o
                                                  ./board/clock_config.o (symbol from plugin)
                                                  ./source/osdep_KL2xZ.o (symbol from plugin)
SystemCoreClockUpdate                             ./CMSIS/system_MKL25Z4.o (symbol from plugin)
SystemInit                                        ./CMSIS/system_MKL25Z4.o (symbol from plugin)
                                                  C:\Users\apanchal\AppData\Local\Temp\ccK3ZoQW.debug.temp.o
                                                  ./startup/startup_mkl25z4.o (symbol from plugin)
TMR_GPITR_init_enable                             ./source/tm_reader.o (symbol from plugin)
TMR_RP_init_multi                                 ./source/tm_reader.o (symbol from plugin)
TMR_RP_init_simple                                ./source/tm_reader.o (symbol from plugin)
                                                  C:\Users\apanchal\AppData\Local\Temp\ccvxZcct.debug.temp.o
                                                  C:\Users\apanchal\AppData\Local\Temp\ccGN1IRX.debug.temp.o
                                                  C:\Users\apanchal\AppData\Local\Temp\cc1MERss.debug.temp.o
                                                  ./source/serial_reader_l3.o (symbol from plugin)
                                                  ./source/serial_reader.o (symbol from plugin)
                                                  ./source/readasync_baremetal.o (symbol from plugin)
TMR_RP_set_enableAutonomousRead                   ./source/tm_reader.o (symbol from plugin)
TMR_RP_set_enableTriggerRead                      ./source/tm_reader.o (symbol from plugin)
TMR_RP_set_filter                                 ./source/tm_reader.o (symbol from plugin)
TMR_RP_set_stopTrigger                            ./source/tm_reader.o (symbol from plugin)
TMR_RP_set_tagop                                  ./source/tm_reader.o (symbol from plugin)
TMR_SR_SerialReader_init                          ./source/serial_reader.o (symbol from plugin)
                                                  C:\Users\apanchal\AppData\Local\Temp\ccbgQmUw.debug.temp.o
                                                  ./source/tm_reader.o (symbol from plugin)
TMR_SR_SerialTransportNativeInit                  ./source/serial_transport_KL2xZ.o (symbol from plugin)
                                                  C:\Users\apanchal\AppData\Local\Temp\ccbgQmUw.debug.temp.o
                                                  ./source/tm_reader.o (symbol from plugin)
TMR_SR_addTagOp                                   ./source/serial_reader.o (symbol from plugin)
TMR_SR_callSendCmd                                ./source/serial_reader_l3.o (symbol from plugin)
TMR_SR_cmdAntennaDetect                           ./source/serial_reader_l3.o (symbol from plugin)
                                                  C:\Users\apanchal\AppData\Local\Temp\ccGN1IRX.debug.temp.o
                                                  ./source/serial_reader.o (symbol from plugin)
TMR_SR_cmdBootBootloader                          ./source/serial_reader_l3.o (symbol from plugin)
TMR_SR_cmdBootFirmware                            ./source/serial_reader_l3.o (symbol from plugin)
                                                  C:\Users\apanchal\AppData\Local\Temp\ccGN1IRX.debug.temp.o
                                                  ./source/serial_reader.o (symbol from plugin)
TMR_SR_cmdClearTagBuffer                          ./source/serial_reader_l3.o (symbol from plugin)
                                                  C:\Users\apanchal\AppData\Local\Temp\ccGN1IRX.debug.temp.o
                                                  ./source/serial_reader.o (symbol from plugin)
TMR_SR_cmdEraseFlash                              ./source/serial_reader_l3.o (symbol from plugin)
TMR_SR_cmdGetAvailableProtocols                   ./source/serial_reader_l3.o (symbol from plugin)
                                                  C:\Users\apanchal\AppData\Local\Temp\ccGN1IRX.debug.temp.o
                                                  ./source/serial_reader.o (symbol from plugin)
TMR_SR_cmdGetAvailableRegions                     ./source/serial_reader_l3.o (symbol from plugin)
                                                  C:\Users\apanchal\AppData\Local\Temp\ccGN1IRX.debug.temp.o
                                                  ./source/serial_reader.o (symbol from plugin)
TMR_SR_cmdGetCurrentProgram                       ./source/serial_reader_l3.o (symbol from plugin)
                                                  C:\Users\apanchal\AppData\Local\Temp\ccGN1IRX.debug.temp.o
                                                  ./source/serial_reader.o (symbol from plugin)
TMR_SR_cmdGetCurrentProtocol                      ./source/serial_reader_l3.o (symbol from plugin)
                                                  C:\Users\apanchal\AppData\Local\Temp\ccGN1IRX.debug.temp.o
                                                  ./source/serial_reader.o (symbol from plugin)
TMR_SR_cmdGetGPIO                                 ./source/serial_reader_l3.o (symbol from plugin)
                                                  C:\Users\apanchal\AppData\Local\Temp\ccGN1IRX.debug.temp.o
                                                  ./source/serial_reader.o (symbol from plugin)
TMR_SR_cmdGetGPIODirection                        ./source/serial_reader_l3.o (symbol from plugin)
                                                  C:\Users\apanchal\AppData\Local\Temp\ccGN1IRX.debug.temp.o
                                                  ./source/serial_reader.o (symbol from plugin)
TMR_SR_cmdGetHardwareVersion                      ./source/serial_reader_l3.o (symbol from plugin)
                                                  C:\Users\apanchal\AppData\Local\Temp\ccGN1IRX.debug.temp.o
                                                  ./source/serial_reader.o (symbol from plugin)
TMR_SR_cmdGetPowerMode                            ./source/serial_reader_l3.o (symbol from plugin)
                                                  C:\Users\apanchal\AppData\Local\Temp\ccGN1IRX.debug.temp.o
                                                  ./source/serial_reader.o (symbol from plugin)
TMR_SR_cmdGetProtocolConfiguration                ./source/serial_reader_l3.o (symbol from plugin)
                                                  C:\Users\apanchal\AppData\Local\Temp\ccGN1IRX.debug.temp.o
                                                  ./source/serial_reader.o (symbol from plugin)
TMR_SR_cmdGetProtocolList                         ./source/serial_reader_l3.o (symbol from plugin)
                                                  C:\Users\apanchal\AppData\Local\Temp\ccGN1IRX.debug.temp.o
                                                  ./source/serial_reader.o (symbol from plugin)
TMR_SR_cmdGetReadTxPower                          ./source/serial_reader_l3.o (symbol from plugin)
                                                  C:\Users\apanchal\AppData\Local\Temp\ccGN1IRX.debug.temp.o
                                                  ./source/serial_reader.o (symbol from plugin)
TMR_SR_cmdGetReadTxPowerWithLimits                ./source/serial_reader_l3.o (symbol from plugin)
                                                  C:\Users\apanchal\AppData\Local\Temp\ccGN1IRX.debug.temp.o
                                                  ./source/serial_reader.o (symbol from plugin)
TMR_SR_cmdGetReadWriteTxPower                     ./source/serial_reader_l3.o (symbol from plugin)
TMR_SR_cmdGetReaderConfiguration                  ./source/serial_reader_l3.o (symbol from plugin)
                                                  C:\Users\apanchal\AppData\Local\Temp\ccGN1IRX.debug.temp.o
                                                  ./source/serial_reader.o (symbol from plugin)
TMR_SR_cmdGetReaderStats                          ./source/serial_reader_l3.o (symbol from plugin)
                                                  C:\Users\apanchal\AppData\Local\Temp\ccGN1IRX.debug.temp.o
                                                  ./source/serial_reader.o (symbol from plugin)
TMR_SR_cmdGetRegion                               ./source/serial_reader_l3.o (symbol from plugin)
                                                  C:\Users\apanchal\AppData\Local\Temp\ccGN1IRX.debug.temp.o
                                                  ./source/serial_reader.o (symbol from plugin)
TMR_SR_cmdGetTagsRemaining                        ./source/serial_reader_l3.o (symbol from plugin)
                                                  C:\Users\apanchal\AppData\Local\Temp\ccGN1IRX.debug.temp.o
                                                  ./source/serial_reader.o (symbol from plugin)
TMR_SR_cmdGetTemperature                          ./source/serial_reader_l3.o (symbol from plugin)
                                                  C:\Users\apanchal\AppData\Local\Temp\ccGN1IRX.debug.temp.o
                                                  ./source/serial_reader.o (symbol from plugin)
TMR_SR_cmdGetTxRxPorts                            ./source/serial_reader_l3.o (symbol from plugin)
TMR_SR_cmdGetWriteTxPower                         ./source/serial_reader_l3.o (symbol from plugin)
                                                  C:\Users\apanchal\AppData\Local\Temp\ccGN1IRX.debug.temp.o
                                                  ./source/serial_reader.o (symbol from plugin)
TMR_SR_cmdMultipleProtocolSearch                  ./source/serial_reader_l3.o (symbol from plugin)
                                                  C:\Users\apanchal\AppData\Local\Temp\ccGN1IRX.debug.temp.o
                                                  ./source/serial_reader.o (symbol from plugin)
TMR_SR_cmdPassThrough                             ./source/serial_reader_l3.o (symbol from plugin)
                                                  C:\Users\apanchal\AppData\Local\Temp\ccGN1IRX.debug.temp.o
                                                  ./source/serial_reader.o (symbol from plugin)
TMR_SR_cmdProbeBaudRate                           ./source/serial_reader.o (symbol from plugin)
                                                  C:\Users\apanchal\AppData\Local\Temp\ccvxZcct.debug.temp.o
                                                  ./source/serial_reader_l3.o (symbol from plugin)
TMR_SR_cmdReadMemory                              ./source/serial_reader_l3.o (symbol from plugin)
                                                  C:\Users\apanchal\AppData\Local\Temp\ccGN1IRX.debug.temp.o
                                                  ./source/serial_reader.o (symbol from plugin)
TMR_SR_cmdReadTagMultiple                         ./source/serial_reader_l3.o (symbol from plugin)
                                                  C:\Users\apanchal\AppData\Local\Temp\ccGN1IRX.debug.temp.o
                                                  ./source/serial_reader.o (symbol from plugin)
TMR_SR_cmdResetReaderStats                        ./source/serial_reader_l3.o (symbol from plugin)
                                                  C:\Users\apanchal\AppData\Local\Temp\ccGN1IRX.debug.temp.o
                                                  ./source/serial_reader.o (symbol from plugin)
TMR_SR_cmdSetAntennaSearchList                    ./source/serial_reader_l3.o (symbol from plugin)
                                                  C:\Users\apanchal\AppData\Local\Temp\ccGN1IRX.debug.temp.o
                                                  ./source/serial_reader.o (symbol from plugin)
TMR_SR_cmdSetBaudRate                             ./source/serial_reader_l3.o (symbol from plugin)
                                                  C:\Users\apanchal\AppData\Local\Temp\ccGN1IRX.debug.temp.o
                                                  ./source/serial_reader.o (symbol from plugin)
TMR_SR_cmdSetGPIO                                 ./source/serial_reader_l3.o (symbol from plugin)
                                                  C:\Users\apanchal\AppData\Local\Temp\ccGN1IRX.debug.temp.o
                                                  ./source/serial_reader.o (symbol from plugin)
TMR_SR_cmdSetGPIODirection                        ./source/serial_reader_l3.o (symbol from plugin)
                                                  C:\Users\apanchal\AppData\Local\Temp\ccGN1IRX.debug.temp.o
                                                  ./source/serial_reader.o (symbol from plugin)
TMR_SR_cmdSetMode                                 ./source/serial_reader_l3.o (symbol from plugin)
TMR_SR_cmdSetPowerMode                            ./source/serial_reader_l3.o (symbol from plugin)
                                                  C:\Users\apanchal\AppData\Local\Temp\ccGN1IRX.debug.temp.o
                                                  ./source/serial_reader.o (symbol from plugin)
TMR_SR_cmdSetProtocol                             ./source/serial_reader_l3.o (symbol from plugin)
                                                  C:\Users\apanchal\AppData\Local\Temp\ccGN1IRX.debug.temp.o
                                                  ./source/serial_reader.o (symbol from plugin)
TMR_SR_cmdSetProtocolConfiguration                ./source/serial_reader_l3.o (symbol from plugin)
                                                  C:\Users\apanchal\AppData\Local\Temp\ccGN1IRX.debug.temp.o
                                                  ./source/serial_reader.o (symbol from plugin)
TMR_SR_cmdSetProtocolLicenseKey                   ./source/serial_reader_l3.o (symbol from plugin)
                                                  C:\Users\apanchal\AppData\Local\Temp\ccGN1IRX.debug.temp.o
                                                  ./source/serial_reader.o (symbol from plugin)
TMR_SR_cmdSetProtocolList                         ./source/serial_reader_l3.o (symbol from plugin)
                                                  C:\Users\apanchal\AppData\Local\Temp\ccGN1IRX.debug.temp.o
                                                  ./source/serial_reader.o (symbol from plugin)
TMR_SR_cmdSetReadTxPower                          ./source/serial_reader_l3.o (symbol from plugin)
                                                  C:\Users\apanchal\AppData\Local\Temp\ccGN1IRX.debug.temp.o
                                                  ./source/serial_reader.o (symbol from plugin)
TMR_SR_cmdSetReadWriteTxPower                     ./source/serial_reader_l3.o (symbol from plugin)
TMR_SR_cmdSetReaderConfiguration                  ./source/serial_reader_l3.o (symbol from plugin)
                                                  C:\Users\apanchal\AppData\Local\Temp\ccGN1IRX.debug.temp.o
                                                  ./source/serial_reader.o (symbol from plugin)
TMR_SR_cmdSetRegion                               ./source/serial_reader_l3.o (symbol from plugin)
                                                  C:\Users\apanchal\AppData\Local\Temp\ccGN1IRX.debug.temp.o
                                                  ./source/serial_reader.o (symbol from plugin)
TMR_SR_cmdSetTxRxPorts                            ./source/serial_reader_l3.o (symbol from plugin)
                                                  C:\Users\apanchal\AppData\Local\Temp\ccGN1IRX.debug.temp.o
                                                  ./source/serial_reader.o (symbol from plugin)
TMR_SR_cmdSetUserProfile                          ./source/serial_reader_l3.o (symbol from plugin)
                                                  C:\Users\apanchal\AppData\Local\Temp\ccGN1IRX.debug.temp.o
                                                  ./source/serial_reader.o (symbol from plugin)
TMR_SR_cmdSetWriteTxPower                         ./source/serial_reader_l3.o (symbol from plugin)
                                                  C:\Users\apanchal\AppData\Local\Temp\ccGN1IRX.debug.temp.o
                                                  ./source/serial_reader.o (symbol from plugin)
TMR_SR_cmdStopReading                             ./source/serial_reader_l3.o (symbol from plugin)
                                                  C:\Users\apanchal\AppData\Local\Temp\ccGN1IRX.debug.temp.o
                                                  ./source/serial_reader.o (symbol from plugin)
TMR_SR_cmdVersion                                 ./source/serial_reader_l3.o (symbol from plugin)
                                                  C:\Users\apanchal\AppData\Local\Temp\ccGN1IRX.debug.temp.o
                                                  ./source/serial_reader.o (symbol from plugin)
TMR_SR_cmdWriteFlashSector                        ./source/serial_reader_l3.o (symbol from plugin)
TMR_SR_cmdWriteMemory                             ./source/serial_reader_l3.o (symbol from plugin)
                                                  C:\Users\apanchal\AppData\Local\Temp\ccGN1IRX.debug.temp.o
                                                  ./source/serial_reader.o (symbol from plugin)
TMR_SR_cmdrebootReader                            ./source/serial_reader_l3.o (symbol from plugin)
                                                  C:\Users\apanchal\AppData\Local\Temp\ccGN1IRX.debug.temp.o
                                                  ./source/serial_reader.o (symbol from plugin)
TMR_SR_connect                                    ./source/serial_reader.o (symbol from plugin)
                                                  C:\Users\apanchal\AppData\Local\Temp\cc1MERss.debug.temp.o
                                                  ./source/readasync_baremetal.o (symbol from plugin)
TMR_SR_convertFromEBV                             ./source/tm_reader.o (symbol from plugin)
                                                  C:\Users\apanchal\AppData\Local\Temp\ccvxZcct.debug.temp.o
                                                  ./source/serial_reader_l3.o (symbol from plugin)
TMR_SR_convertToEBV                               ./source/tm_reader.o (symbol from plugin)
                                                  C:\Users\apanchal\AppData\Local\Temp\ccvxZcct.debug.temp.o
                                                  ./source/serial_reader_l3.o (symbol from plugin)
TMR_SR_destroy                                    ./source/serial_reader.o (symbol from plugin)
                                                  C:\Users\apanchal\AppData\Local\Temp\cc1MERss.debug.temp.o
                                                  ./source/readasync_baremetal.o (symbol from plugin)
TMR_SR_executeEmbeddedRead                        ./source/serial_reader_l3.o (symbol from plugin)
                                                  C:\Users\apanchal\AppData\Local\Temp\ccGN1IRX.debug.temp.o
                                                  ./source/serial_reader.o (symbol from plugin)
TMR_SR_executeTagOp                               ./source/serial_reader.o (symbol from plugin)
TMR_SR_getNextTag                                 ./source/serial_reader.o (symbol from plugin)
                                                  C:\Users\apanchal\AppData\Local\Temp\cc1MERss.debug.temp.o
                                                  ./source/readasync_baremetal.o (symbol from plugin)
TMR_SR_gpiGet                                     ./source/serial_reader.o (symbol from plugin)
TMR_SR_gpoSet                                     ./source/serial_reader.o (symbol from plugin)
TMR_SR_hasMoreTags                                ./source/serial_reader.o (symbol from plugin)
                                                  C:\Users\apanchal\AppData\Local\Temp\ccvxZcct.debug.temp.o
                                                  C:\Users\apanchal\AppData\Local\Temp\cc1MERss.debug.temp.o
                                                  ./source/serial_reader_l3.o (symbol from plugin)
                                                  ./source/readasync_baremetal.o (symbol from plugin)
TMR_SR_msgAddReadMemory                           ./source/serial_reader_l3.o (symbol from plugin)
                                                  C:\Users\apanchal\AppData\Local\Temp\ccGN1IRX.debug.temp.o
                                                  ./source/serial_reader.o (symbol from plugin)
TMR_SR_msgAddWriteMemory                          ./source/serial_reader_l3.o (symbol from plugin)
                                                  C:\Users\apanchal\AppData\Local\Temp\ccGN1IRX.debug.temp.o
                                                  ./source/serial_reader.o (symbol from plugin)
TMR_SR_msgSetupMultipleProtocolSearch             ./source/serial_reader_l3.o (symbol from plugin)
TMR_SR_msgSetupReadTagMultiple                    ./source/serial_reader_l3.o (symbol from plugin)
                                                  C:\Users\apanchal\AppData\Local\Temp\ccGN1IRX.debug.temp.o
                                                  ./source/serial_reader.o (symbol from plugin)
TMR_SR_msgSetupReadTagMultipleWithMetadata        ./source/serial_reader_l3.o (symbol from plugin)
TMR_SR_parseMetadataFromMessage                   ./source/serial_reader_l3.o (symbol from plugin)
                                                  C:\Users\apanchal\AppData\Local\Temp\ccGN1IRX.debug.temp.o
                                                  ./source/serial_reader.o (symbol from plugin)
TMR_SR_parseMetadataOnly                          ./source/serial_reader_l3.o (symbol from plugin)
TMR_SR_postprocessReaderSpecificMetadata          ./source/serial_reader_l3.o (symbol from plugin)
                                                  C:\Users\apanchal\AppData\Local\Temp\ccGN1IRX.debug.temp.o
                                                  ./source/serial_reader.o (symbol from plugin)
TMR_SR_read                                       ./source/serial_reader.o (symbol from plugin)
TMR_SR_reboot                                     ./source/serial_reader.o (symbol from plugin)
TMR_SR_receiveAutonomousReading                   ./source/serial_reader_l3.o (symbol from plugin)
                                                  C:\Users\apanchal\AppData\Local\Temp\ccbgQmUw.debug.temp.o