serial_reader_l3.c:83:1:tm_crc	24	static
serial_reader_l3.c:100:1:parseEBVdata	40	static
serial_reader_l3.c:125:1:TMR_SR_sendBytes	48	static
serial_reader_l3.c:150:1:TMR_SR_sendMessage	56	static
serial_reader_l3.c:239:1:isContinuousReadParamSupported	16	static
serial_reader_l3.c:285:1:TMR_SR_receiveMessage	88	static
serial_reader_l3.c:493:1:TMR_SR_sendTimeout	32	static
serial_reader_l3.c:543:1:TMR_SR_callSendCmd	32	static
serial_reader_l3.c:552:1:TMR_SR_sendCmd	24	static
serial_reader_l3.c:559:1:TMR_SR_send	16	static
serial_reader_l3.c:637:1:TMR_SR_cmdSetUserProfile	760	static
serial_reader_l3.c:1012:6:fillVersionInfo	24	static
serial_reader_l3.c:1037:1:TMR_SR_cmdVersion	288	static
serial_reader_l3.c:1073:1:TMR_SR_cmdBootFirmware	280	static
serial_reader_l3.c:1094:1:TMR_SR_cmdSetBaudRate	288	static
serial_reader_l3.c:1108:1:TMR_SR_cmdEraseFlash	296	static
serial_reader_l3.c:1124:1:TMR_SR_cmdWriteFlashSector	312	static
serial_reader_l3.c:1166:1:TMR_SR_cmdBootBootloader	272	static
serial_reader_l3.c:1178:1:TMR_SR_cmdGetHardwareVersion	296	static
serial_reader_l3.c:1209:1:TMR_SR_cmdGetCurrentProgram	280	static
serial_reader_l3.c:1237:1:TMR_SR_msgSetupReadTagMultiple	56	static
serial_reader_l3.c:1249:1:TMR_SR_msgSetupReadTagMultipleWithMetadata	80	static
serial_reader_l3.c:1486:1:TMR_SR_cmdReadTagMultiple	320	static
serial_reader_l3.c:1562:1:TMR_SR_executeEmbeddedRead	320	static
serial_reader_l3.c:1973:1:TMR_SR_cmdClearTagBuffer	272	static
serial_reader_l3.c:1980:12:TMR_SR_cmdGetTagsRemaining	280	static
serial_reader_l3.c:1996:1:TMR_SR_parseMetadataFromMessage	48	static
serial_reader_l3.c:2165:1:TMR_SR_parseMetadataOnly	56	static
serial_reader_l3.c:2357:1:TMR_SR_postprocessReaderSpecificMetadata	104	static
serial_reader_l3.c:2738:1:TMR_SR_cmdrebootReader	32	static
serial_reader_l3.c:2883:1:TMR_SR_cmdSetTxRxPorts	288	static
serial_reader_l3.c:2898:1:TMR_SR_cmdSetAntennaSearchList	296	static
serial_reader_l3.c:2970:12:TMR_SR_cmdSetReadWriteTxPower	296	static
serial_reader_l3.c:2990:1:TMR_SR_cmdSetReadTxPower	16	static
serial_reader_l3.c:2997:1:TMR_SR_cmdSetProtocolList	296	static
serial_reader_l3.c:3020:1:TMR_SR_cmdSetProtocol	288	static
serial_reader_l3.c:3033:1:TMR_SR_cmdSetWriteTxPower	16	static
serial_reader_l3.c:3109:1:TMR_SR_cmdSetGPIO	288	static
serial_reader_l3.c:3144:1:TMR_SR_cmdSetRegion	288	static
serial_reader_l3.c:3253:1:TMR_SR_cmdSetMode	288	static
serial_reader_l3.c:3266:1:TMR_SR_cmdSetPowerMode	16	static
serial_reader_l3.c:3281:1:TMR_SR_cmdSetReaderConfiguration	288	static
serial_reader_l3.c:3358:12:TMR_SR_cmdSetProtocolLicenseKey	296	static
serial_reader_l3.c:3395:1:TMR_SR_cmdSetProtocolConfiguration	352	static
serial_reader_l3.c:3704:12:TMR_SR_cmdGetTxRxPorts	280	static
serial_reader_l3.c:3728:1:TMR_SR_cmdAntennaDetect	296	static
serial_reader_l3.c:3864:1:TMR_SR_cmdGetReadWriteTxPower	296	static
serial_reader_l3.c:3886:1:TMR_SR_cmdGetReadTxPower	16	static
serial_reader_l3.c:3893:1:TMR_SR_cmdGetReadTxPowerWithLimits	280	static
serial_reader_l3.c:3918:1:TMR_SR_cmdGetWriteTxPower	16	static
serial_reader_l3.c:4003:1:TMR_SR_cmdGetGPIO	296	static
serial_reader_l3.c:4037:1:TMR_SR_cmdGetGPIODirection	296	static
serial_reader_l3.c:4058:1:TMR_SR_cmdSetGPIODirection	288	static
serial_reader_l3.c:4111:1:TMR_SR_cmdGetProtocolList	280	static
serial_reader_l3.c:4138:1:TMR_SR_cmdGetCurrentProtocol	280	static
serial_reader_l3.c:4154:1:TMR_SR_cmdGetRegion	280	static
serial_reader_l3.c:4214:1:TMR_SR_cmdGetPowerMode	280	static
serial_reader_l3.c:4251:1:TMR_SR_cmdGetReaderConfiguration	304	static
serial_reader_l3.c:4344:1:TMR_SR_cmdGetProtocolConfiguration	336	static
serial_reader_l3.c:4690:1:TMR_SR_msgSetupMultipleProtocolSearch	104	static
serial_reader_l3.c:4862:12:TMR_SR_cmdMultipleProtocolSearch	320	static
serial_reader_l3.c:4942:1:TMR_SR_cmdGetAvailableProtocols	280	static
serial_reader_l3.c:4972:1:TMR_SR_cmdGetAvailableRegions	280	static
serial_reader_l3.c:4996:1:TMR_SR_cmdGetTemperature	280	static
serial_reader_l3.c:5012:1:filterbytes	72	static
serial_reader_l3.c:8461:1:TMR_fillReaderStats	56	static
serial_reader_l3.c:8656:1:TMR_SR_cmdGetReaderStats	320	static
serial_reader_l3.c:8768:1:TMR_SR_cmdResetReaderStats	296	static
serial_reader_l3.c:8808:1:TMR_SR_receiveAutonomousReading	56	static
serial_reader_l3.c:8925:1:TMR_SR_cmdStopReading	288	static
serial_reader_l3.c:9826:1:TMR_SR_msgAddWriteMemory	40	static
serial_reader_l3.c:9837:1:TMR_SR_cmdWriteMemory	336	static
serial_reader_l3.c:9869:1:TMR_SR_msgAddReadMemory	40	static
serial_reader_l3.c:9885:1:TMR_SR_cmdReadMemory	336	static
serial_reader_l3.c:9939:1:TMR_SR_cmdPassThrough	312	static
