serial_reader.c:87:1:fillStaticTxRxMapData	40	static
serial_reader.c:107:1:initTxRxMapFromPorts	176	static
serial_reader.c:194:1:TMR_SR_boot	80	static
serial_reader.c:525:1:TMR_SR_cmdProbeBaudRate	40	static
serial_reader.c:624:1:TMR_SR_connect	40	static
serial_reader.c:732:1:TMR_SR_destroy	24	static
serial_reader.c:760:1:autoDetectAntennaList	304	static
serial_reader.c:809:1:setAntennaList	176	static
serial_reader.c:1056:1:setProtocol	24	static
serial_reader.c:1133:1:compareAntennas	32	static
serial_reader.c:1187:1:prepForSearch	32	static
serial_reader.c:1244:1:prepEmbReadTagMultiple	56	static
serial_reader.c:1261:1:TMR_SR_read_internal	440	static
serial_reader.c:1754:1:_resetReaderStats	24	static
serial_reader.c:1796:1:TMR_SR_read	32	static
serial_reader.c:1867:1:verifySearchStatus	32	static
serial_reader.c:1946:1:TMR_SR_hasMoreTags	40	static
serial_reader.c:2168:1:TMR_SR_getNextTag	56	static
serial_reader.c:2680:1:TMR_SR_reboot	24	static
serial_reader.c:2725:1:TMR_SR_gpoSet	32	static
serial_reader.c:2741:12:TMR_SR_gpiGet	64	static
serial_reader.c:2937:1:getHardwareInfo	288	static
serial_reader.c:2969:1:getSerialNumber	312	static
serial_reader.c:3141:1:TMR_SR_paramSet	208	static
serial_reader.c:4189:1:TMR_SR_paramGet	328	static
serial_reader.c:5209:1:TMR_SR_SerialReader_init	64	static
serial_reader.c:5323:1:TMR_SR_executeTagOp	88	static
serial_reader.c:6747:1:TMR_SR_addTagOp	88	static
serial_reader.c:7744:6:TMR_SR_updateBaseTimeStamp	80	static
