tm_reader.c:81:13:TMR_initSerialTransportTable	16	static
tm_reader.c:114:1:TMR_create_alloc	16	static
tm_reader.c:125:1:TMR_create	104	static
tm_reader.c:308:1:TMR_reader_init_internal	16	static
tm_reader.c:384:1:TMR_setSerialTransport	40	static
tm_reader.c:656:1:validateReadPlan	40	static
tm_reader.c:899:6:checkForAvailableReaderFeatures	16	static
tm_reader.c:992:1:TMR_paramSet	40	static
tm_reader.c:1071:1:TMR_paramGet	40	static
tm_reader.c:1123:1:TMR_addTransportListener	16	static
tm_reader.c:1134:1:TMR_removeTransportListener	24	static
tm_reader.c:1160:1:TMR__notifyTransportListeners	56	static
tm_reader.c:1175:1:TMR_memoryProvider	32	static
tm_reader.c:1230:1:TMR_TRD_init	16	static
tm_reader.c:1305:1:TMR_TRD_init_data	24	static
tm_reader.c:1616:1:TMR_GPITR_init_enable	16	static
tm_reader.c:1640:1:TMR_RP_init_simple	32	static
tm_reader.c:1676:1:TMR_RP_set_stopTrigger	16	static
tm_reader.c:1695:1:TMR_RP_set_filter	16	static
tm_reader.c:1745:1:TMR_RP_set_enableAutonomousRead	16	static
tm_reader.c:1758:1:TMR_RP_set_enableTriggerRead	16	static
tm_reader.c:1782:1:TMR_RP_set_tagop	16	static
tm_reader.c:1803:1:TMR_RP_init_multi	24	static
tm_reader.c:3445:1:TMR_init_UserConfigOp	16	static
tm_reader.c:4006:1:TMR_paramProbe	64	static
tm_reader.c:4042:1:TMR_paramList	40	static
tm_reader.c:4089:1:TMR_receiveAutonomousReading	32	static
tm_reader.c:4293:1:TMR_TagOp_init_WriteMemory	24	static
tm_reader.c:4313:1:TMR_TagOp_init_ReadMemory	32	static
tm_reader.c:4331:1:TMR_TagOp_init_PassThrough	24	static
tm_reader.c:4352:12:TMR_TF_init_uid_select	32	static
tm_reader.c:4368:12:TMR_TF_init_tagtype_select	24	static
tm_reader.c:4381:1:TMR_SR_convertToEBV	168	static
tm_reader.c:4444:1:TMR_SR_convertFromEBV	344	static
