Archive member included to satisfy reference by file (symbol)

c:/nxp/mcuxpressoide_11.2.0_4120/ide/plugins/com.nxp.mcuxpresso.tools.win32_11.2.0.202001021529/tools/bin/../lib/gcc/arm-none-eabi/9.2.1/../../../../arm-none-eabi/lib/thumb/v6-m/nofp\libcr_nohost_nf.a(__ciob.o)
                              ./source/readasync_baremetal.o (symbol from plugin) (__Ciob)
c:/nxp/mcuxpressoide_11.2.0_4120/ide/plugins/com.nxp.mcuxpresso.tools.win32_11.2.0.202001021529/tools/bin/../lib/gcc/arm-none-eabi/9.2.1/../../../../arm-none-eabi/lib/thumb/v6-m/nofp\libcr_nohost_nf.a(_cr__main.o)
                              ./startup/startup_mkl27z644.o (symbol from plugin) (__main)
c:/nxp/mcuxpressoide_11.2.0_4120/ide/plugins/com.nxp.mcuxpresso.tools.win32_11.2.0.202001021529/tools/bin/../lib/gcc/arm-none-eabi/9.2.1/../../../../arm-none-eabi/lib/thumb/v6-m/nofp\libcr_c.a(memcpy.o)
                              ./utilities/fsl_str.o (symbol from plugin) (memcpy)
c:/nxp/mcuxpressoide_11.2.0_4120/ide/plugins/com.nxp.mcuxpresso.tools.win32_11.2.0.202001021529/tools/bin/../lib/gcc/arm-none-eabi/9.2.1/../../../../arm-none-eabi/lib/thumb/v6-m/nofp\libcr_c.a(memmove.o)
                              ./source/serial_reader_l3.o (symbol from plugin) (memmove)
c:/nxp/mcuxpressoide_11.2.0_4120/ide/plugins/com.nxp.mcuxpresso.tools.win32_11.2.0.202001021529/tools/bin/../lib/gcc/arm-none-eabi/9.2.1/../../../../arm-none-eabi/lib/thumb/v6-m/nofp\libcr_c.a(memset.o)
                              ./utilities/fsl_debug_console.o (symbol from plugin) (memset)
c:/nxp/mcuxpressoide_11.2.0_4120/ide/plugins/com.nxp.mcuxpresso.tools.win32_11.2.0.202001021529/tools/bin/../lib/gcc/arm-none-eabi/9.2.1/../../../../arm-none-eabi/lib/thumb/v6-m/nofp\libcr_c.a(alloc.o)
                              ./source/serial_reader.o (symbol from plugin) (malloc)
c:/nxp/mcuxpressoide_11.2.0_4120/ide/plugins/com.nxp.mcuxpresso.tools.win32_11.2.0.202001021529/tools/bin/../lib/gcc/arm-none-eabi/9.2.1/../../../../arm-none-eabi/lib/thumb/v6-m/nofp\libcr_c.a(initio.o)
                              c:/nxp/mcuxpressoide_11.2.0_4120/ide/plugins/com.nxp.mcuxpresso.tools.win32_11.2.0.202001021529/tools/bin/../lib/gcc/arm-none-eabi/9.2.1/../../../../arm-none-eabi/lib/thumb/v6-m/nofp\libcr_nohost_nf.a(_cr__main.o) (_initio)
c:/nxp/mcuxpressoide_11.2.0_4120/ide/plugins/com.nxp.mcuxpresso.tools.win32_11.2.0.202001021529/tools/bin/../lib/gcc/arm-none-eabi/9.2.1/../../../../arm-none-eabi/lib/thumb/v6-m/nofp\libcr_c.a(printf.o)
                              ./source/readasync_baremetal.o (symbol from plugin) (_fprintf)
c:/nxp/mcuxpressoide_11.2.0_4120/ide/plugins/com.nxp.mcuxpresso.tools.win32_11.2.0.202001021529/tools/bin/../lib/gcc/arm-none-eabi/9.2.1/../../../../arm-none-eabi/lib/thumb/v6-m/nofp\libcr_c.a(scanf.o)
                              ./utilities/fsl_str.o (symbol from plugin) (strtoul)
c:/nxp/mcuxpressoide_11.2.0_4120/ide/plugins/com.nxp.mcuxpresso.tools.win32_11.2.0.202001021529/tools/bin/../lib/gcc/arm-none-eabi/9.2.1/../../../../arm-none-eabi/lib/thumb/v6-m/nofp\libcr_c.a(setvbuf.o)
                              c:/nxp/mcuxpressoide_11.2.0_4120/ide/plugins/com.nxp.mcuxpresso.tools.win32_11.2.0.202001021529/tools/bin/../lib/gcc/arm-none-eabi/9.2.1/../../../../arm-none-eabi/lib/thumb/v6-m/nofp\libcr_c.a(initio.o) (setvbuf)
c:/nxp/mcuxpressoide_11.2.0_4120/ide/plugins/com.nxp.mcuxpresso.tools.win32_11.2.0.202001021529/tools/bin/../lib/gcc/arm-none-eabi/9.2.1/../../../../arm-none-eabi/lib/thumb/v6-m/nofp\libcr_c.a(strcmp.o)
                              ./source/readasync_baremetal.o (symbol from plugin) (strcmp)
c:/nxp/mcuxpressoide_11.2.0_4120/ide/plugins/com.nxp.mcuxpresso.tools.win32_11.2.0.202001021529/tools/bin/../lib/gcc/arm-none-eabi/9.2.1/../../../../arm-none-eabi/lib/thumb/v6-m/nofp\libcr_c.a(strlen.o)
                              c:/nxp/mcuxpressoide_11.2.0_4120/ide/plugins/com.nxp.mcuxpresso.tools.win32_11.2.0.202001021529/tools/bin/../lib/gcc/arm-none-eabi/9.2.1/../../../../arm-none-eabi/lib/thumb/v6-m/nofp\libcr_c.a(printf.o) (strlen)
c:/nxp/mcuxpressoide_11.2.0_4120/ide/plugins/com.nxp.mcuxpresso.tools.win32_11.2.0.202001021529/tools/bin/../lib/gcc/arm-none-eabi/9.2.1/../../../../arm-none-eabi/lib/thumb/v6-m/nofp\libcr_c.a(strncmp.o)
                              ./source/tm_reader.o (symbol from plugin) (strncmp)
c:/nxp/mcuxpressoide_11.2.0_4120/ide/plugins/com.nxp.mcuxpresso.tools.win32_11.2.0.202001021529/tools/bin/../lib/gcc/arm-none-eabi/9.2.1/../../../../arm-none-eabi/lib/thumb/v6-m/nofp\libcr_c.a(strncpy.o)
                              ./source/tm_reader.o (symbol from plugin) (strncpy)
c:/nxp/mcuxpressoide_11.2.0_4120/ide/plugins/com.nxp.mcuxpresso.tools.win32_11.2.0.202001021529/tools/bin/../lib/gcc/arm-none-eabi/9.2.1/../../../../arm-none-eabi/lib/thumb/v6-m/nofp\libcr_c.a(strtok.o)
                              ./source/readasync_baremetal.o (symbol from plugin) (strtok)
[...]
Memory Configuration

Name             Origin             Length             Attributes
PROGRAM_FLASH    0x00000000         0x00010000         xr
SRAM             0x1ffff000         0x00004000         xrw
USB_RAM          0x400fe000         0x00000200         xrw
*default*        0x00000000         0xffffffff

Linker script and memory map

LOAD C:\Users\apanchal\AppData\Local\Temp\FRDMKL27Z.axf.KxHGvg.ltrans0.ltrans.o
LOAD C:\Users\apanchal\AppData\Local\Temp\ccP37Lgy.debug.temp.o
LOAD C:\Users\apanchal\AppData\Local\Temp\ccQ88fzJ.debug.temp.o
LOAD C:\Users\apanchal\AppData\Local\Temp\ccHWzcuT.debug.temp.o
LOAD C:\Users\apanchal\AppData\Local\Temp\ccw1bQa3.debug.temp.o
LOAD C:\Users\apanchal\AppData\Local\Temp\cczVW6Mc.debug.temp.o
LOAD C:\Users\apanchal\AppData\Local\Temp\cca3rekm.debug.temp.o
LOAD C:\Users\apanchal\AppData\Local\Temp\ccd5uKMw.debug.temp.o
LOAD C:\Users\apanchal\AppData\Local\Temp\ccAzJv6G.debug.temp.o
LOAD C:\Users\apanchal\AppData\Local\Temp\ccvXdniR.debug.temp.o
LOAD C:\Users\apanchal\AppData\Local\Temp\ccWzL6g1.debug.temp.o
LOAD C:\Users\apanchal\AppData\Local\Temp\cc7Fiixe.debug.temp.o
LOAD C:\Users\apanchal\AppData\Local\Temp\ccCe1IEr.debug.temp.o
LOAD C:\Users\apanchal\AppData\Local\Temp\ccJOAxEE.debug.temp.o
LOAD C:\Users\apanchal\AppData\Local\Temp\ccE4kZFS.debug.temp.o
LOAD C:\Users\apanchal\AppData\Local\Temp\ccDgSxx6.debug.temp.o
LOAD C:\Users\apanchal\AppData\Local\Temp\ccWoktkk.debug.temp.o
LOAD C:\Users\apanchal\AppData\Local\Temp\ccLBATSx.debug.temp.o
LOAD C:\Users\apanchal\AppData\Local\Temp\cc49t64J.debug.temp.o
LOAD C:\Users\apanchal\AppData\Local\Temp\ccTaM65V.debug.temp.o
LOAD C:\Users\apanchal\AppData\Local\Temp\ccuWv7U7.debug.temp.o
LOAD C:\Users\apanchal\AppData\Local\Temp\ccXtYLLk.debug.temp.o
LOAD C:\Users\apanchal\AppData\Local\Temp\ccgsxBix.debug.temp.o
LOAD C:\Users\apanchal\AppData\Local\Temp\ccJBRnGJ.debug.temp.o
LOAD C:\Users\apanchal\AppData\Local\Temp\cccLzKmZ.debug.temp.o
LOAD C:\Users\apanchal\AppData\Local\Temp\ccfTRuVe.debug.temp.o
LOAD C:\Users\apanchal\AppData\Local\Temp\ccMaTPgu.debug.temp.o
LOAD C:\Users\apanchal\AppData\Local\Temp\cc7HreAK.debug.temp.o
LOAD C:\Users\apanchal\AppData\Local\Temp\ccGw3jG0.debug.temp.o
LOAD C:\Users\apanchal\AppData\Local\Temp\ccfnWTzg.debug.temp.o
START GROUP
LOAD c:/nxp/mcuxpressoide_11.2.0_4120/ide/plugins/com.nxp.mcuxpresso.tools.win32_11.2.0.202001021529/tools/bin/../lib/gcc/arm-none-eabi/9.2.1/../../../../arm-none-eabi/lib/thumb/v6-m/nofp\libcr_nohost_nf.a
LOAD c:/nxp/mcuxpressoide_11.2.0_4120/ide/plugins/com.nxp.mcuxpresso.tools.win32_11.2.0.202001021529/tools/bin/../lib/gcc/arm-none-eabi/9.2.1/../../../../arm-none-eabi/lib/thumb/v6-m/nofp\libcr_c.a
LOAD c:/nxp/mcuxpressoide_11.2.0_4120/ide/plugins/com.nxp.mcuxpresso.tools.win32_11.2.0.202001021529/tools/bin/../lib/gcc/arm-none-eabi/9.2.1/thumb/v6-m/nofp\libcr_eabihelpers.a
LOAD c:/nxp/mcuxpressoide_11.2.0_4120/ide/plugins/com.nxp.mcuxpresso.tools.win32_11.2.0.202001021529/tools/bin/../lib/gcc/arm-none-eabi/9.2.1/thumb/v6-m/nofp\libgcc.a
END GROUP
                0x00000000                __base_PROGRAM_FLASH = 0x0
                0x00000000                __base_Flash = 0x0
                0x00010000                __top_PROGRAM_FLASH = 0x10000
                0x00010000                __top_Flash = 0x10000
                0x1ffff000                __base_SRAM = 0x1ffff000
                0x1ffff000                __base_RAM = 0x1ffff000
                0x20003000                __top_SRAM = 0x20003000
                0x20003000                __top_RAM = 0x20003000
                0x400fe000                __base_USB_RAM = 0x400fe000
                0x400fe000                __base_RAM2 = 0x400fe000
                0x400fe200                __top_USB_RAM = 0x400fe200
                0x400fe200                __top_RAM2 = 0x400fe200

.text           0x00000000     0x5554
 FILL mask 0xff
                0x00000000                __vectors_start__ = ABSOLUTE (.)
 *(SORT_BY_ALIGNMENT(.isr_vector))
 .isr_vector    0x00000000       0xc0 C:\Users\apanchal\AppData\Local\Temp\FRDMKL27Z.axf.KxHGvg.ltrans0.ltrans.o
                0x00000000                g_pfnVectors
                0x000000c0                . = ALIGN (0x4)
                0x000000c0                __section_table_start = .
                0x000000c0                __data_section_table = .
                0x000000c0        0x4 LONG 0x5554 LOADADDR (.data)
                0x000000c4        0x4 LONG 0x1ffff000 ADDR (.data)
                0x000000c8        0x4 LONG 0x8 SIZEOF (.data)
                0x000000cc        0x4 LONG 0x5554 LOADADDR (.data_RAM2)
                0x000000d0        0x4 LONG 0x400fe000 ADDR (.data_RAM2)
                0x000000d4        0x4 LONG 0x0 SIZEOF (.data_RAM2)
                0x000000d8                __data_section_table_end = .
                0x000000d8                __bss_section_table = .
                0x000000d8        0x4 LONG 0x1ffff008 ADDR (.bss)
                0x000000dc        0x4 LONG 0x420 SIZEOF (.bss)
                0x000000e0        0x4 LONG 0x400fe000 ADDR (.bss_RAM2)
                0x000000e4        0x4 LONG 0x0 SIZEOF (.bss_RAM2)
                0x000000e8                __bss_section_table_end = .
                0x000000e8                __section_table_end = .
 *(SORT_BY_ALIGNMENT(.after_vectors*))
 .after_vectors.reset
                0x000000e8       0x4c C:\Users\apanchal\AppData\Local\Temp\FRDMKL27Z.axf.KxHGvg.ltrans0.ltrans.o
                0x000000e8                ResetISR
 .after_vectors
                0x00000134      0x102 C:\Users\apanchal\AppData\Local\Temp\FRDMKL27Z.axf.KxHGvg.ltrans0.ltrans.o
 .after_vectors.init_bss
                0x00000236       0x10 C:\Users\apanchal\AppData\Local\Temp\FRDMKL27Z.axf.KxHGvg.ltrans0.ltrans.o
 .after_vectors.init_data
                0x00000246       0x12 C:\Users\apanchal\AppData\Local\Temp\FRDMKL27Z.axf.KxHGvg.ltrans0.ltrans.o
                0x00000400                . = 0x400
 *fill*         0x00000258      0x1a8 ff
                0x00000400                PROVIDE (__FLASH_CONFIG_START__ = .)
 *(SORT_BY_ALIGNMENT(.FlashConfig))
 .FlashConfig   0x00000400       0x10 C:\Users\apanchal\AppData\Local\Temp\FRDMKL27Z.axf.KxHGvg.ltrans0.ltrans.o
                0x00000400                Flash_Config
                0x00000410                PROVIDE (__FLASH_CONFIG_END__ = .)
                0x00000001                ASSERT (! ((__FLASH_CONFIG_START__ == __FLASH_CONFIG_END__)), Linker Flash Config Support Enabled, but no .FlashConfig section provided within application)
 *(SORT_BY_ALIGNMENT(.text*))
 .text          0x00000410     0x2d50 C:\Users\apanchal\AppData\Local\Temp\FRDMKL27Z.axf.KxHGvg.ltrans0.ltrans.o
 .text.startup  0x00003160      0x910 C:\Users\apanchal\AppData\Local\Temp\FRDMKL27Z.axf.KxHGvg.ltrans0.ltrans.o
                0x00003160                main
 .text.malloc   0x00003a70       0xd0 c:/nxp/mcuxpressoide_11.2.0_4120/ide/plugins/com.nxp.mcuxpresso.tools.win32_11.2.0.202001021529/tools/bin/../lib/gcc/arm-none-eabi/9.2.1/../../../../arm-none-eabi/lib/thumb/v6-m/nofp\libcr_c.a(alloc.o)
                0x00003a70                malloc
 .text._Csys_alloc
                0x00003b40       0x20 c:/nxp/mcuxpressoide_11.2.0_4120/ide/plugins/com.nxp.mcuxpresso.tools.win32_11.2.0.202001021529/tools/bin/../lib/gcc/arm-none-eabi/9.2.1/../../../../arm-none-eabi/lib/thumb/v6-m/nofp\libcr_c.a(alloc.o)
                0x00003b40                _Csys_alloc
 .text._initio  0x00003b60       0x7c c:/nxp/mcuxpressoide_11.2.0_4120/ide/plugins/com.nxp.mcuxpresso.tools.win32_11.2.0.202001021529/tools/bin/../lib/gcc/arm-none-eabi/9.2.1/../../../../arm-none-eabi/lib/thumb/v6-m/nofp\libcr_c.a(initio.o)
                0x00003b60                _initio
 .text.__vfprintf
                0x00003bdc      0xd40 c:/nxp/mcuxpressoide_11.2.0_4120/ide/plugins/com.nxp.mcuxpresso.tools.win32_11.2.0.202001021529/tools/bin/../lib/gcc/arm-none-eabi/9.2.1/../../../../arm-none-eabi/lib/thumb/v6-m/nofp\libcr_c.a(printf.o)
                0x00003bdc                __vfprintf
 .text._sprintf
                0x0000491c       0x6c c:/nxp/mcuxpressoide_11.2.0_4120/ide/plugins/com.nxp.mcuxpresso.tools.win32_11.2.0.202001021529/tools/bin/../lib/gcc/arm-none-eabi/9.2.1/../../../../arm-none-eabi/lib/thumb/v6-m/nofp\libcr_c.a(printf.o)
                0x0000491c                _sprintf
 .text._vsnprintf
                0x00004988       0x70 c:/nxp/mcuxpressoide_11.2.0_4120/ide/plugins/com.nxp.mcuxpresso.tools.win32_11.2.0.202001021529/tools/bin/../lib/gcc/arm-none-eabi/9.2.1/../../../../arm-none-eabi/lib/thumb/v6-m/nofp\libcr_c.a(printf.o)
                0x00004988                _vsnprintf
 .text._printf  0x000049f8       0x50 c:/nxp/mcuxpressoide_11.2.0_4120/ide/plugins/com.nxp.mcuxpresso.tools.win32_11.2.0.202001021529/tools/bin/../lib/gcc/arm-none-eabi/9.2.1/../../../../arm-none-eabi/lib/thumb/v6-m/nofp\libcr_c.a(printf.o)
                0x000049f8                _printf
 .text.setvbuf  0x00004a48       0x4c c:/nxp/mcuxpressoide_11.2.0_4120/ide/plugins/com.nxp.mcuxpresso.tools.win32_11.2.0.202001021529/tools/bin/../lib/gcc/arm-none-eabi/9.2.1/../../../../arm-none-eabi/lib/thumb/v6-m/nofp\libcr_c.a(setvbuf.o)
                0x00004a48                setvbuf
 .text.strcmp   0x00004a94       0x44 c:/nxp/mcuxpressoide_11.2.0_4120/ide/plugins/com.nxp.mcuxpresso.tools.win32_11.2.0.202001021529/tools/bin/../lib/gcc/arm-none-eabi/9.2.1/../../../../arm-none-eabi/lib/thumb/v6-m/nofp\libcr_c.a(strcmp.o)
                0x00004a94                strcmp
 .text.strlen   0x00004ad8       0x58 c:/nxp/mcuxpressoide_11.2.0_4120/ide/plugins/com.nxp.mcuxpresso.tools.win32_11.2.0.202001021529/tools/bin/../lib/gcc/arm-none-eabi/9.2.1/../../../../arm-none-eabi/lib/thumb/v6-m/nofp\libcr_c.a(strlen.o)
                0x00004ad8                strlen
 .text.strncmp  0x00004b30       0x50 c:/nxp/mcuxpressoide_11.2.0_4120/ide/plugins/com.nxp.mcuxpresso.tools.win32_11.2.0.202001021529/tools/bin/../lib/gcc/arm-none-eabi/9.2.1/../../../../arm-none-eabi/lib/thumb/v6-m/nofp\libcr_c.a(strncmp.o)
                0x00004b30                strncmp
 .text.strncpy  0x00004b80       0x58 c:/nxp/mcuxpressoide_11.2.0_4120/ide/plugins/com.nxp.mcuxpresso.tools.win32_11.2.0.202001021529/tools/bin/../lib/gcc/arm-none-eabi/9.2.1/../../../../arm-none-eabi/lib/thumb/v6-m/nofp\libcr_c.a(strncpy.o)
                0x00004b80                strncpy
 .text.strtok   0x00004bd8       0x44 c:/nxp/mcuxpressoide_11.2.0_4120/ide/plugins/com.nxp.mcuxpresso.tools.win32_11.2.0.202001021529/tools/bin/../lib/gcc/arm-none-eabi/9.2.1/../../../../arm-none-eabi/lib/thumb/v6-m/nofp\libcr_c.a(strtok.o)
                0x00004bd8                strtok
 .text._sbrk    0x00004c1c       0x44 c:/nxp/mcuxpressoide_11.2.0_4120/ide/plugins/com.nxp.mcuxpresso.tools.win32_11.2.0.202001021529/tools/bin/../lib/gcc/arm-none-eabi/9.2.1/../../../../arm-none-eabi/lib/thumb/v6-m/nofp\libcr_c.a(_cr_sbrk.o)
                0x00004c1c                _sbrk
 .text._deferredlazyseek
                0x00004c60       0x40 c:/nxp/mcuxpressoide_11.2.0_4120/ide/plugins/com.nxp.mcuxpresso.tools.win32_11.2.0.202001021529/tools/bin/../lib/gcc/arm-none-eabi/9.2.1/../../../../arm-none-eabi/lib/thumb/v6-m/nofp\libcr_c.a(_deferredlazyseek.o)
                0x00004c60                _deferredlazyseek
 .text.__flsbuf
                0x00004ca0      0x150 c:/nxp/mcuxpressoide_11.2.0_4120/ide/plugins/com.nxp.mcuxpresso.tools.win32_11.2.0.202001021529/tools/bin/../lib/gcc/arm-none-eabi/9.2.1/../../../../arm-none-eabi/lib/thumb/v6-m/nofp\libcr_c.a(_deferredlazyseek.o)
                0x00004ca0                __flsbuf
 .text._fdopen  0x00004df0       0x74 c:/nxp/mcuxpressoide_11.2.0_4120/ide/plugins/com.nxp.mcuxpresso.tools.win32_11.2.0.202001021529/tools/bin/../lib/gcc/arm-none-eabi/9.2.1/../../../../arm-none-eabi/lib/thumb/v6-m/nofp\libcr_c.a(_fdopen.o)
                0x00004df0                _fdopen
 .text._fflush  0x00004e64       0x60 c:/nxp/mcuxpressoide_11.2.0_4120/ide/plugins/com.nxp.mcuxpresso.tools.win32_11.2.0.202001021529/tools/bin/../lib/gcc/arm-none-eabi/9.2.1/../../../../arm-none-eabi/lib/thumb/v6-m/nofp\libcr_c.a(_fflush.o)
                0x00004e64                _fflush
 .text._Cwritebuf
                0x00004ec4       0x68 c:/nxp/mcuxpressoide_11.2.0_4120/ide/plugins/com.nxp.mcuxpresso.tools.win32_11.2.0.202001021529/tools/bin/../lib/gcc/arm-none-eabi/9.2.1/../../../../arm-none-eabi/lib/thumb/v6-m/nofp\libcr_c.a(_writebuf.o)
                0x00004ec4                _Cwritebuf
 .text.fclose   0x00004f2c       0x5c c:/nxp/mcuxpressoide_11.2.0_4120/ide/plugins/com.nxp.mcuxpresso.tools.win32_11.2.0.202001021529/tools/bin/../lib/gcc/arm-none-eabi/9.2.1/../../../../arm-none-eabi/lib/thumb/v6-m/nofp\libcr_c.a(fclose.o)
                0x00004f2c                fclose
 .text.fflush   0x00004f88       0x44 c:/nxp/mcuxpressoide_11.2.0_4120/ide/plugins/com.nxp.mcuxpresso.tools.win32_11.2.0.202001021529/tools/bin/../lib/gcc/arm-none-eabi/9.2.1/../../../../arm-none-eabi/lib/thumb/v6-m/nofp\libcr_c.a(fflush.o)
                0x00004f88                fflush
 .text.fseek    0x00004fcc       0xf4 c:/nxp/mcuxpressoide_11.2.0_4120/ide/plugins/com.nxp.mcuxpresso.tools.win32_11.2.0.202001021529/tools/bin/../lib/gcc/arm-none-eabi/9.2.1/../../../../arm-none-eabi/lib/thumb/v6-m/nofp\libcr_c.a(fseek.o)
                0x00004fcc                fseek
 .text.ftell    0x000050c0       0x48 c:/nxp/mcuxpressoide_11.2.0_4120/ide/plugins/com.nxp.mcuxpresso.tools.win32_11.2.0.202001021529/tools/bin/../lib/gcc/arm-none-eabi/9.2.1/../../../../arm-none-eabi/lib/thumb/v6-m/nofp\libcr_c.a(ftell.o)
                0x000050c0                ftell
 .text.__check_heap_overflow
                0x00005108       0x14 c:/nxp/mcuxpressoide_11.2.0_4120/ide/plugins/com.nxp.mcuxpresso.tools.win32_11.2.0.202001021529/tools/bin/../lib/gcc/arm-none-eabi/9.2.1/../../../../arm-none-eabi/lib/thumb/v6-m/nofp\libcr_c.a(_cr_check_heap.o)
                0x00005108                __check_heap_overflow
 .text._do_fflush
                0x0000511c       0x48 c:/nxp/mcuxpressoide_11.2.0_4120/ide/plugins/com.nxp.mcuxpresso.tools.win32_11.2.0.202001021529/tools/bin/../lib/gcc/arm-none-eabi/9.2.1/../../../../arm-none-eabi/lib/thumb/v6-m/nofp\libcr_c.a(_do_fflush.o)
                0x0000511c                _do_fflush
 .text.__main   0x00005164        0xc c:/nxp/mcuxpressoide_11.2.0_4120/ide/plugins/com.nxp.mcuxpresso.tools.win32_11.2.0.202001021529/tools/bin/../lib/gcc/arm-none-eabi/9.2.1/../../../../arm-none-eabi/lib/thumb/v6-m/nofp\libcr_nohost_nf.a(_cr__main.o)
                0x00005164                __main
 .text.memcpy   0x00005170        0x8 c:/nxp/mcuxpressoide_11.2.0_4120/ide/plugins/com.nxp.mcuxpresso.tools.win32_11.2.0.202001021529/tools/bin/../lib/gcc/arm-none-eabi/9.2.1/../../../../arm-none-eabi/lib/thumb/v6-m/nofp\libcr_c.a(memcpy.o)
                0x00005170                memcpy
 .text.memmove  0x00005178        0x8 c:/nxp/mcuxpressoide_11.2.0_4120/ide/plugins/com.nxp.mcuxpresso.tools.win32_11.2.0.202001021529/tools/bin/../lib/gcc/arm-none-eabi/9.2.1/../../../../arm-none-eabi/lib/thumb/v6-m/nofp\libcr_c.a(memmove.o)
                0x00005178                memmove
 .text.memset   0x00005180        0x8 c:/nxp/mcuxpressoide_11.2.0_4120/ide/plugins/com.nxp.mcuxpresso.tools.win32_11.2.0.202001021529/tools/bin/../lib/gcc/arm-none-eabi/9.2.1/../../../../arm-none-eabi/lib/thumb/v6-m/nofp\libcr_c.a(memset.o)
                0x00005180                memset
 .text.free     0x00005188       0x2c c:/nxp/mcuxpressoide_11.2.0_4120/ide/plugins/com.nxp.mcuxpresso.tools.win32_11.2.0.202001021529/tools/bin/../lib/gcc/arm-none-eabi/9.2.1/../../../../arm-none-eabi/lib/thumb/v6-m/nofp\libcr_c.a(alloc.o)
                0x00005188                free
 .text.no_fp_display
                0x000051b4        0x4 c:/nxp/mcuxpressoide_11.2.0_4120/ide/plugins/com.nxp.mcuxpresso.tools.win32_11.2.0.202001021529/tools/bin/../lib/gcc/arm-none-eabi/9.2.1/../../../../arm-none-eabi/lib/thumb/v6-m/nofp\libcr_c.a(printf.o)
 .text.remove   0x000051b8       0x12 c:/nxp/mcuxpressoide_11.2.0_4120/ide/plugins/com.nxp.mcuxpresso.tools.win32_11.2.0.202001021529/tools/bin/../lib/gcc/arm-none-eabi/9.2.1/../../../../arm-none-eabi/lib/thumb/v6-m/nofp\libcr_c.a(remove.o)
                0x000051b8                remove
 .text.strcspn  0x000051ca       0x22 c:/nxp/mcuxpressoide_11.2.0_4120/ide/plugins/com.nxp.mcuxpresso.tools.win32_11.2.0.202001021529/tools/bin/../lib/gcc/arm-none-eabi/9.2.1/../../../../arm-none-eabi/lib/thumb/v6-m/nofp\libcr_c.a(strcspn.o)
                0x000051ca                strcspn
 .text.strspn   0x000051ec       0x22 c:/nxp/mcuxpressoide_11.2.0_4120/ide/plugins/com.nxp.mcuxpresso.tools.win32_11.2.0.202001021529/tools/bin/../lib/gcc/arm-none-eabi/9.2.1/../../../../arm-none-eabi/lib/thumb/v6-m/nofp\libcr_c.a(strspn.o)
                0x000051ec                strspn
 .text.__aeabi_division_idivmod
                0x0000520e       0x78 c:/nxp/mcuxpressoide_11.2.0_4120/ide/plugins/com.nxp.mcuxpresso.tools.win32_11.2.0.202001021529/tools/bin/../lib/gcc/arm-none-eabi/9.2.1/thumb/v6-m/nofp\libcr_eabihelpers.a(division_32.o)
                0x0000520e                __aeabi_idivmod
                0x0000520e                __aeabi_idiv
                0x00005214                __aeabi_uidivmod
                0x00005214                __aeabi_uidiv
 .text.__aeabi_division_idiv0
                0x00005286        0x2 c:/nxp/mcuxpressoide_11.2.0_4120/ide/plugins/com.nxp.mcuxpresso.tools.win32_11.2.0.202001021529/tools/bin/../lib/gcc/arm-none-eabi/9.2.1/thumb/v6-m/nofp\libcr_eabihelpers.a(division_idiv0.o)
                0x00005286                __aeabi_idiv0
 .text.__aeabi_llong_lmul
                0x00005288       0x2e c:/nxp/mcuxpressoide_11.2.0_4120/ide/plugins/com.nxp.mcuxpresso.tools.win32_11.2.0.202001021529/tools/bin/../lib/gcc/arm-none-eabi/9.2.1/thumb/v6-m/nofp\libcr_eabihelpers.a(llong.o)
                0x00005288                __aeabi_lmul
 .text.__aeabi_memcpy
                0x000052b6       0x2c c:/nxp/mcuxpressoide_11.2.0_4120/ide/plugins/com.nxp.mcuxpresso.tools.win32_11.2.0.202001021529/tools/bin/../lib/gcc/arm-none-eabi/9.2.1/thumb/v6-m/nofp\libcr_eabihelpers.a(memcpy.o)
                0x000052b6                __aeabi_memcpy4
                0x000052b6                __aeabi_memcpy8
                0x000052b6                __aeabi_memcpy
 .text.__aeabi_memmove
                0x000052e2       0x1c c:/nxp/mcuxpressoide_11.2.0_4120/ide/plugins/com.nxp.mcuxpresso.tools.win32_11.2.0.202001021529/tools/bin/../lib/gcc/arm-none-eabi/9.2.1/thumb/v6-m/nofp\libcr_eabihelpers.a(memcpy.o)
                0x000052e2                __aeabi_memmove
                0x000052e2                __aeabi_memmove4
                0x000052e2                __aeabi_memmove8
 .text.__aeabi_memset_lowlevel
                0x000052fe       0x2a c:/nxp/mcuxpressoide_11.2.0_4120/ide/plugins/com.nxp.mcuxpresso.tools.win32_11.2.0.202001021529/tools/bin/../lib/gcc/arm-none-eabi/9.2.1/thumb/v6-m/nofp\libcr_eabihelpers.a(memcpy.o)
                0x000052fe                __aeabi_lowlevel_memset
 .text.__gnu_thumb1_case_uqi
                0x00005328       0x10 c:/nxp/mcuxpressoide_11.2.0_4120/ide/plugins/com.nxp.mcuxpresso.tools.win32_11.2.0.202001021529/tools/bin/../lib/gcc/arm-none-eabi/9.2.1/thumb/v6-m/nofp\libcr_eabihelpers.a(thumb1_switch_helpers.o)
                0x00005328                __gnu_thumb1_case_uqi
 .text.__gnu_thumb1_case_shi
                0x00005338       0x10 c:/nxp/mcuxpressoide_11.2.0_4120/ide/plugins/com.nxp.mcuxpresso.tools.win32_11.2.0.202001021529/tools/bin/../lib/gcc/arm-none-eabi/9.2.1/thumb/v6-m/nofp\libcr_eabihelpers.a(thumb1_switch_helpers.o)
                0x00005338                __gnu_thumb1_case_shi
 .text.__gnu_thumb1_case_uhi
                0x00005348       0x10 c:/nxp/mcuxpressoide_11.2.0_4120/ide/plugins/com.nxp.mcuxpresso.tools.win32_11.2.0.202001021529/tools/bin/../lib/gcc/arm-none-eabi/9.2.1/thumb/v6-m/nofp\libcr_eabihelpers.a(thumb1_switch_helpers.o)
                0x00005348                __gnu_thumb1_case_uhi
 .text.__sys_appexit
                0x00005358        0x2 c:/nxp/mcuxpressoide_11.2.0_4120/ide/plugins/com.nxp.mcuxpresso.tools.win32_11.2.0.202001021529/tools/bin/../lib/gcc/arm-none-eabi/9.2.1/../../../../arm-none-eabi/lib/thumb/v6-m/nofp\libcr_nohost_nf.a(__sys_appexit.o)
                0x00005358                __sys_appexit
                0x00005358                __exit
 .text.__sys_close
                0x0000535a        0x6 c:/nxp/mcuxpressoide_11.2.0_4120/ide/plugins/com.nxp.mcuxpresso.tools.win32_11.2.0.202001021529/tools/bin/../lib/gcc/arm-none-eabi/9.2.1/../../../../arm-none-eabi/lib/thumb/v6-m/nofp\libcr_nohost_nf.a(__sys_close.o)
                0x0000535a                __sys_close
 .text.__sys_flen
                0x00005360        0x6 c:/nxp/mcuxpressoide_11.2.0_4120/ide/plugins/com.nxp.mcuxpresso.tools.win32_11.2.0.202001021529/tools/bin/../lib/gcc/arm-none-eabi/9.2.1/../../../../arm-none-eabi/lib/thumb/v6-m/nofp\libcr_nohost_nf.a(__sys_flen.o)
                0x00005360                __sys_flen
 .text.__sys_istty
                0x00005366        0x6 c:/nxp/mcuxpressoide_11.2.0_4120/ide/plugins/com.nxp.mcuxpresso.tools.win32_11.2.0.202001021529/tools/bin/../lib/gcc/arm-none-eabi/9.2.1/../../../../arm-none-eabi/lib/thumb/v6-m/nofp\libcr_nohost_nf.a(__sys_istty.o)
                0x00005366                __sys_istty
 .text.__sys_remove
                0x0000536c        0x6 c:/nxp/mcuxpressoide_11.2.0_4120/ide/plugins/com.nxp.mcuxpresso.tools.win32_11.2.0.202001021529/tools/bin/../lib/gcc/arm-none-eabi/9.2.1/../../../../arm-none-eabi/lib/thumb/v6-m/nofp\libcr_nohost_nf.a(__sys_remove.o)
                0x0000536c                __sys_remove
 .text.__sys_seek
                0x00005372        0x6 c:/nxp/mcuxpressoide_11.2.0_4120/ide/plugins/com.nxp.mcuxpresso.tools.win32_11.2.0.202001021529/tools/bin/../lib/gcc/arm-none-eabi/9.2.1/../../../../arm-none-eabi/lib/thumb/v6-m/nofp\libcr_nohost_nf.a(__sys_seek.o)
                0x00005372                __sys_seek
 .text.__sys_tmpnam
                0x00005378        0x6 c:/nxp/mcuxpressoide_11.2.0_4120/ide/plugins/com.nxp.mcuxpresso.tools.win32_11.2.0.202001021529/tools/bin/../lib/gcc/arm-none-eabi/9.2.1/../../../../arm-none-eabi/lib/thumb/v6-m/nofp\libcr_nohost_nf.a(__sys_tmpnam.o)
                0x00005378                __sys_tmpnam
 .text.__sys_write
                0x0000537e        0x4 c:/nxp/mcuxpressoide_11.2.0_4120/ide/plugins/com.nxp.mcuxpresso.tools.win32_11.2.0.202001021529/tools/bin/../lib/gcc/arm-none-eabi/9.2.1/../../../../arm-none-eabi/lib/thumb/v6-m/nofp\libcr_nohost_nf.a(__sys_write.o)
                0x0000537e                __sys_write
 *(SORT_BY_ALIGNMENT(.rodata) SORT_BY_ALIGNMENT(.rodata.*) SORT_BY_ALIGNMENT(.constdata) SORT_BY_ALIGNMENT(.constdata.*))
 *fill*         0x00005382        0x2 ff
 .rodata        0x00005384       0x5c C:\Users\apanchal\AppData\Local\Temp\FRDMKL27Z.axf.KxHGvg.ltrans0.ltrans.o
 .rodata.__num_Ciob_streams
                0x000053e0        0x4 c:/nxp/mcuxpressoide_11.2.0_4120/ide/plugins/com.nxp.mcuxpresso.tools.win32_11.2.0.202001021529/tools/bin/../lib/gcc/arm-none-eabi/9.2.1/../../../../arm-none-eabi/lib/thumb/v6-m/nofp\libcr_nohost_nf.a(__ciob.o)
                0x000053e0                __num_Ciob_streams
 .rodata.str1.1
                0x000053e4      0x120 C:\Users\apanchal\AppData\Local\Temp\FRDMKL27Z.axf.KxHGvg.ltrans0.ltrans.o
 .rodata._Csys_alloc.str1.1
                0x00005504       0x18 c:/nxp/mcuxpressoide_11.2.0_4120/ide/plugins/com.nxp.mcuxpresso.tools.win32_11.2.0.202001021529/tools/bin/../lib/gcc/arm-none-eabi/9.2.1/../../../../arm-none-eabi/lib/thumb/v6-m/nofp\libcr_c.a(alloc.o)
 .rodata._initio.str1.1
                0x0000551c        0x2 c:/nxp/mcuxpressoide_11.2.0_4120/ide/plugins/com.nxp.mcuxpresso.tools.win32_11.2.0.202001021529/tools/bin/../lib/gcc/arm-none-eabi/9.2.1/../../../../arm-none-eabi/lib/thumb/v6-m/nofp\libcr_c.a(initio.o)
                                  0x4 (size before relaxing)
 .rodata.__vfprintf.str1.1
                0x0000551e       0x35 c:/nxp/mcuxpressoide_11.2.0_4120/ide/plugins/com.nxp.mcuxpresso.tools.win32_11.2.0.202001021529/tools/bin/../lib/gcc/arm-none-eabi/9.2.1/../../../../arm-none-eabi/lib/thumb/v6-m/nofp\libcr_c.a(printf.o)
                                 0x38 (size before relaxing)
 .rodata.str1.1
                0x00005553        0x1 c:/nxp/mcuxpressoide_11.2.0_4120/ide/plugins/com.nxp.mcuxpresso.tools.win32_11.2.0.202001021529/tools/bin/../lib/gcc/arm-none-eabi/9.2.1/../../../../arm-none-eabi/lib/thumb/v6-m/nofp\libcr_c.a(strtok.o)
                0x00005554                . = ALIGN (0x4)
 *fill*         0x00005553        0x1 ff

.glue_7         0x00005554        0x0
 .glue_7        0x00005554        0x0 linker stubs

.glue_7t        0x00005554        0x0
 .glue_7t       0x00005554        0x0 linker stubs

.vfp11_veneer   0x00005554        0x0
 .vfp11_veneer  0x00005554        0x0 linker stubs

.v4_bx          0x00005554        0x0
 .v4_bx         0x00005554        0x0 linker stubs

.iplt           0x00005554        0x0
 .iplt          0x00005554        0x0 c:/nxp/mcuxpressoide_11.2.0_4120/ide/plugins/com.nxp.mcuxpresso.tools.win32_11.2.0.202001021529/tools/bin/../lib/gcc/arm-none-eabi/9.2.1/../../../../arm-none-eabi/lib/thumb/v6-m/nofp\libcr_nohost_nf.a(_cr__main.o)

.rel.dyn        0x00005554        0x0
 .rel.iplt      0x00005554        0x0 c:/nxp/mcuxpressoide_11.2.0_4120/ide/plugins/com.nxp.mcuxpresso.tools.win32_11.2.0.202001021529/tools/bin/../lib/gcc/arm-none-eabi/9.2.1/../../../../arm-none-eabi/lib/thumb/v6-m/nofp\libcr_nohost_nf.a(_cr__main.o)

.ARM.extab
 *(SORT_BY_ALIGNMENT(.ARM.extab*) SORT_BY_ALIGNMENT(.gnu.linkonce.armextab.*))

.ARM.exidx      0x00005554        0x0
                0x00005554                __exidx_start = .
 *(SORT_BY_ALIGNMENT(.ARM.exidx*) SORT_BY_ALIGNMENT(.gnu.linkonce.armexidx.*))
                0x00005554                __exidx_end = .
                0x00005554                _etext = .

.m_usb_data
 *(SORT_BY_ALIGNMENT(m_usb_bdt))

.mtb_buffer_RAM2
 *(SORT_BY_ALIGNMENT(.mtb.$RAM2*))
 *(SORT_BY_ALIGNMENT(.mtb.$USB_RAM*))

.data_RAM2      0x400fe000        0x0 load address 0x00005554
 FILL mask 0xff
                [!provide]                PROVIDE (__start_data_RAM2 = .)
                [!provide]                PROVIDE (__start_data_USB_RAM = .)
 *(SORT_BY_ALIGNMENT(.ramfunc.$RAM2))
 *(SORT_BY_ALIGNMENT(.ramfunc.$USB_RAM))
 *(SORT_BY_ALIGNMENT(.data.$RAM2))
 *(SORT_BY_ALIGNMENT(.data.$USB_RAM))
 *(SORT_BY_ALIGNMENT(.data.$RAM2.*))
 *(SORT_BY_ALIGNMENT(.data.$USB_RAM.*))
                0x400fe000                . = ALIGN (0x4)
                [!provide]                PROVIDE (__end_data_RAM2 = .)
                [!provide]                PROVIDE (__end_data_USB_RAM = .)

.mtb_buffer_default
 *(SORT_BY_ALIGNMENT(.mtb*))

.uninit_RESERVED
                0x1ffff000        0x0
                0x1ffff000                _start_uninit_RESERVED = .
 *(SORT_BY_ALIGNMENT(.bss.$RESERVED*))
                0x1ffff000                . = ALIGN (0x4)
                0x1ffff000                _end_uninit_RESERVED = .

.data           0x1ffff000        0x8 load address 0x00005554
 FILL mask 0xff
                0x1ffff000                _data = .
                [!provide]                PROVIDE (__start_data_RAM = .)
                [!provide]                PROVIDE (__start_data_SRAM = .)
 *(SORT_BY_ALIGNMENT(vtable))
 *(SORT_BY_ALIGNMENT(.ramfunc*))
 *(SORT_BY_ALIGNMENT(CodeQuickAccess))
 *(SORT_BY_ALIGNMENT(DataQuickAccess))
 *(SORT_BY_ALIGNMENT(RamFunction))
 *(SORT_BY_ALIGNMENT(.data*))
 .data          0x1ffff000        0x4 C:\Users\apanchal\AppData\Local\Temp\FRDMKL27Z.axf.KxHGvg.ltrans0.ltrans.o
 .data.saves1.3879
                0x1ffff004        0x4 c:/nxp/mcuxpressoide_11.2.0_4120/ide/plugins/com.nxp.mcuxpresso.tools.win32_11.2.0.202001021529/tools/bin/../lib/gcc/arm-none-eabi/9.2.1/../../../../arm-none-eabi/lib/thumb/v6-m/nofp\libcr_c.a(strtok.o)
                0x1ffff008                . = ALIGN (0x4)
                0x1ffff008                _edata = .
                [!provide]                PROVIDE (__end_data_RAM = .)
                [!provide]                PROVIDE (__end_data_SRAM = .)

.igot.plt       0x1ffff008        0x0 load address 0x0000555c
 .igot.plt      0x1ffff008        0x0 c:/nxp/mcuxpressoide_11.2.0_4120/ide/plugins/com.nxp.mcuxpresso.tools.win32_11.2.0.202001021529/tools/bin/../lib/gcc/arm-none-eabi/9.2.1/../../../../arm-none-eabi/lib/thumb/v6-m/nofp\libcr_nohost_nf.a(_cr__main.o)

.bss_RAM2       0x400fe000        0x0
                [!provide]                PROVIDE (__start_bss_RAM2 = .)
                [!provide]                PROVIDE (__start_bss_USB_RAM = .)
 *(SORT_BY_ALIGNMENT(.bss.$RAM2))
 *(SORT_BY_ALIGNMENT(.bss.$USB_RAM))
 *(SORT_BY_ALIGNMENT(.bss.$RAM2.*))
 *(SORT_BY_ALIGNMENT(.bss.$USB_RAM.*))
                0x400fe000                . = ALIGN ((. != 0x0)?0x4:0x1)
                [!provide]                PROVIDE (__end_bss_RAM2 = .)
                [!provide]                PROVIDE (__end_bss_USB_RAM = .)

.bss            0x1ffff008      0x420
                0x1ffff008                _bss = .
                [!provide]                PROVIDE (__start_bss_RAM = .)
                [!provide]                PROVIDE (__start_bss_SRAM = .)
 *(SORT_BY_ALIGNMENT(.bss*))
 .bss           0x1ffff008      0x360 C:\Users\apanchal\AppData\Local\Temp\FRDMKL27Z.axf.KxHGvg.ltrans0.ltrans.o
 .bss.__Ciob    0x1ffff368       0xb4 c:/nxp/mcuxpressoide_11.2.0_4120/ide/plugins/com.nxp.mcuxpresso.tools.win32_11.2.0.202001021529/tools/bin/../lib/gcc/arm-none-eabi/9.2.1/../../../../arm-none-eabi/lib/thumb/v6-m/nofp\libcr_nohost_nf.a(__ciob.o)
                0x1ffff368                __Ciob
 .bss.__end_of_heap
                0x1ffff41c        0x4 c:/nxp/mcuxpressoide_11.2.0_4120/ide/plugins/com.nxp.mcuxpresso.tools.win32_11.2.0.202001021529/tools/bin/../lib/gcc/arm-none-eabi/9.2.1/../../../../arm-none-eabi/lib/thumb/v6-m/nofp\libcr_c.a(__init_alloc.o)
                0x1ffff41c                __end_of_heap
 .bss.__heaps   0x1ffff420        0x4 c:/nxp/mcuxpressoide_11.2.0_4120/ide/plugins/com.nxp.mcuxpresso.tools.win32_11.2.0.202001021529/tools/bin/../lib/gcc/arm-none-eabi/9.2.1/../../../../arm-none-eabi/lib/thumb/v6-m/nofp\libcr_c.a(__init_alloc.o)
                0x1ffff420                __heaps
 .bss.errno     0x1ffff424        0x4 c:/nxp/mcuxpressoide_11.2.0_4120/ide/plugins/com.nxp.mcuxpresso.tools.win32_11.2.0.202001021529/tools/bin/../lib/gcc/arm-none-eabi/9.2.1/../../../../arm-none-eabi/lib/thumb/v6-m/nofp\libcr_c.a(errno.o)
                0x1ffff424                errno
 *(SORT_BY_ALIGNMENT(COMMON))
                0x1ffff428                . = ALIGN (0x4)
                0x1ffff428                _ebss = .
                [!provide]                PROVIDE (__end_bss_RAM = .)
                [!provide]                PROVIDE (__end_bss_SRAM = .)
                [!provide]                PROVIDE (end = .)

.noinit_RAM2    0x400fe000        0x0
                [!provide]                PROVIDE (__start_noinit_RAM2 = .)
                [!provide]                PROVIDE (__start_noinit_USB_RAM = .)
 *(SORT_BY_ALIGNMENT(.noinit.$RAM2))
 *(SORT_BY_ALIGNMENT(.noinit.$USB_RAM))
 *(SORT_BY_ALIGNMENT(.noinit.$RAM2.*))
 *(SORT_BY_ALIGNMENT(.noinit.$USB_RAM.*))
                0x400fe000                . = ALIGN (0x4)
                [!provide]                PROVIDE (__end_noinit_RAM2 = .)
                [!provide]                PROVIDE (__end_noinit_USB_RAM = .)

.noinit         0x1ffff428        0x0
                0x1ffff428                _noinit = .
                [!provide]                PROVIDE (__start_noinit_RAM = .)
                [!provide]                PROVIDE (__start_noinit_SRAM = .)
 *(SORT_BY_ALIGNMENT(.noinit*))
                0x1ffff428                . = ALIGN (0x4)
                0x1ffff428                _end_noinit = .
                [!provide]                PROVIDE (__end_noinit_RAM = .)
                [!provide]                PROVIDE (__end_noinit_SRAM = .)
                0x00000400                _HeapSize = 0x400

.heap           0x1ffff428      0x400
                0x1ffff428                _pvHeapStart = .
                0x1ffff828                . = (. + _HeapSize)
 *fill*         0x1ffff428      0x400 
                0x1ffff828                . = ALIGN (0x4)
                0x1ffff828                _pvHeapLimit = .
                0x00000400                _StackSize = 0x400

.heap2stackfill
                0x1ffff828      0x400
                0x1ffffc28                . = (. + _StackSize)
 *fill*         0x1ffff828      0x400 

.stack          0x20002c00        0x0
                0x20002c00                _vStackBase = .
                0x20002c00                . = ALIGN (0x4)
                0x20003000                _vStackTop = (. + _StackSize)
                0x00000000                _image_start = LOADADDR (.text)
                0x0000555c                _image_end = (LOADADDR (.data) + SIZEOF (.data))
                0x0000555c                _image_size = (_image_end - _image_start)
OUTPUT(FRDMKL27Z.axf elf32-littlearm)

.comment        0x00000000       0x79
 .comment       0x00000000       0x7a C:\Users\apanchal\AppData\Local\Temp\FRDMKL27Z.axf.KxHGvg.ltrans0.ltrans.o
 .comment       0x00000000       0x79 c:/nxp/mcuxpressoide_11.2.0_4120/ide/plugins/com.nxp.mcuxpresso.tools.win32_11.2.0.202001021529/tools/bin/../lib/gcc/arm-none-eabi/9.2.1/../../../../arm-none-eabi/lib/thumb/v6-m/nofp\libcr_nohost_nf.a(__ciob.o)
                                 0x7a (size before relaxing)
 .comment       0x00000079       0x7a c:/nxp/mcuxpressoide_11.2.0_4120/ide/plugins/com.nxp.mcuxpresso.tools.win32_11.2.0.202001021529/tools/bin/../lib/gcc/arm-none-eabi/9.2.1/../../../../arm-none-eabi/lib/thumb/v6-m/nofp\libcr_nohost_nf.a(_cr__main.o)
 .comment       0x00000079       0x7a c:/nxp/mcuxpressoide_11.2.0_4120/ide/plugins/com.nxp.mcuxpresso.tools.win32_11.2.0.202001021529/tools/bin/../lib/gcc/arm-none-eabi/9.2.1/../../../../arm-none-eabi/lib/thumb/v6-m/nofp\libcr_c.a(memcpy.o)
 .comment       0x00000079       0x7a c:/nxp/mcuxpressoide_11.2.0_4120/ide/plugins/com.nxp.mcuxpresso.tools.win32_11.2.0.202001021529/tools/bin/../lib/gcc/arm-none-eabi/9.2.1/../../../../arm-none-eabi/lib/thumb/v6-m/nofp\libcr_c.a(memmove.o)
 .comment       0x00000079       0x7a c:/nxp/mcuxpressoide_11.2.0_4120/ide/plugins/com.nxp.mcuxpresso.tools.win32_11.2.0.202001021529/tools/bin/../lib/gcc/arm-none-eabi/9.2.1/../../../../arm-none-eabi/lib/thumb/v6-m/nofp\libcr_c.a(memset.o)
 .comment       0x00000079       0x7a c:/nxp/mcuxpressoide_11.2.0_4120/ide/plugins/com.nxp.mcuxpresso.tools.win32_11.2.0.202001021529/tools/bin/../lib/gcc/arm-none-eabi/9.2.1/../../../../arm-none-eabi/lib/thumb/v6-m/nofp\libcr_c.a(alloc.o)
 .comment       0x00000079       0x7a c:/nxp/mcuxpressoide_11.2.0_4120/ide/plugins/com.nxp.mcuxpresso.tools.win32_11.2.0.202001021529/tools/bin/../lib/gcc/arm-none-eabi/9.2.1/../../../../arm-none-eabi/lib/thumb/v6-m/nofp\libcr_c.a(initio.o)
 .comment       0x00000079       0x7a c:/nxp/mcuxpressoide_11.2.0_4120/ide/plugins/com.nxp.mcuxpresso.tools.win32_11.2.0.202001021529/tools/bin/../lib/gcc/arm-none-eabi/9.2.1/../../../../arm-none-eabi/lib/thumb/v6-m/nofp\libcr_c.a(printf.o)
 .comment       0x00000079       0x7a c:/nxp/mcuxpressoide_11.2.0_4120/ide/plugins/com.nxp.mcuxpresso.tools.win32_11.2.0.202001021529/tools/bin/../lib/gcc/arm-none-eabi/9.2.1/../../../../arm-none-eabi/lib/thumb/v6-m/nofp\libcr_c.a(setvbuf.o)
 .comment       0x00000079       0x7a c:/nxp/mcuxpressoide_11.2.0_4120/ide/plugins/com.nxp.mcuxpresso.tools.win32_11.2.0.202001021529/tools/bin/../lib/gcc/arm-none-eabi/9.2.1/../../../../arm-none-eabi/lib/thumb/v6-m/nofp\libcr_c.a(strcmp.o)
 .comment       0x00000079       0x7a c:/nxp/mcuxpressoide_11.2.0_4120/ide/plugins/com.nxp.mcuxpresso.tools.win32_11.2.0.202001021529/tools/bin/../lib/gcc/arm-none-eabi/9.2.1/../../../../arm-none-eabi/lib/thumb/v6-m/nofp\libcr_c.a(strlen.o)
 .comment       0x00000079       0x7a c:/nxp/mcuxpressoide_11.2.0_4120/ide/plugins/com.nxp.mcuxpresso.tools.win32_11.2.0.202001021529/tools/bin/../lib/gcc/arm-none-eabi/9.2.1/../../../../arm-none-eabi/lib/thumb/v6-m/nofp\libcr_c.a(strncmp.o)
 .comment       0x00000079       0x7a c:/nxp/mcuxpressoide_11.2.0_4120/ide/plugins/com.nxp.mcuxpresso.tools.win32_11.2.0.202001021529/tools/bin/../lib/gcc/arm-none-eabi/9.2.1/../../../../arm-none-eabi/lib/thumb/v6-m/nofp\libcr_c.a(strncpy.o)
 .comment       0x00000079       0x7a c:/nxp/mcuxpressoide_11.2.0_4120/ide/plugins/com.nxp.mcuxpresso.tools.win32_11.2.0.202001021529/tools/bin/../lib/gcc/arm-none-eabi/9.2.1/../../../../arm-none-eabi/lib/thumb/v6-m/nofp\libcr_c.a(strtok.o)
 .comment       0x00000079       0x7a c:/nxp/mcuxpressoide_11.2.0_4120/ide/plugins/com.nxp.mcuxpresso.tools.win32_11.2.0.202001021529/tools/bin/../lib/gcc/arm-none-eabi/9.2.1/../../../../arm-none-eabi/lib/thumb/v6-m/nofp\libcr_c.a(__init_alloc.o)
 .comment       0x00000079       0x7a c:/nxp/mcuxpressoide_11.2.0_4120/ide/plugins/com.nxp.mcuxpresso.tools.win32_11.2.0.202001021529/tools/bin/../lib/gcc/arm-none-eabi/9.2.1/../../../../arm-none-eabi/lib/thumb/v6-m/nofp\libcr_c.a(_cr_sbrk.o)
 .comment       0x00000079       0x7a c:/nxp/mcuxpressoide_11.2.0_4120/ide/plugins/com.nxp.mcuxpresso.tools.win32_11.2.0.202001021529/tools/bin/../lib/gcc/arm-none-eabi/9.2.1/../../../../arm-none-eabi/lib/thumb/v6-m/nofp\libcr_c.a(_deferredlazyseek.o)
 .comment       0x00000079       0x7a c:/nxp/mcuxpressoide_11.2.0_4120/ide/plugins/com.nxp.mcuxpresso.tools.win32_11.2.0.202001021529/tools/bin/../lib/gcc/arm-none-eabi/9.2.1/../../../../arm-none-eabi/lib/thumb/v6-m/nofp\libcr_c.a(_fdopen.o)
 .comment       0x00000079       0x7a c:/nxp/mcuxpressoide_11.2.0_4120/ide/plugins/com.nxp.mcuxpresso.tools.win32_11.2.0.202001021529/tools/bin/../lib/gcc/arm-none-eabi/9.2.1/../../../../arm-none-eabi/lib/thumb/v6-m/nofp\libcr_c.a(_fflush.o)
 .comment       0x00000079       0x7a c:/nxp/mcuxpressoide_11.2.0_4120/ide/plugins/com.nxp.mcuxpresso.tools.win32_11.2.0.202001021529/tools/bin/../lib/gcc/arm-none-eabi/9.2.1/../../../../arm-none-eabi/lib/thumb/v6-m/nofp\libcr_c.a(_writebuf.o)
 .comment       0x00000079       0x7a c:/nxp/mcuxpressoide_11.2.0_4120/ide/plugins/com.nxp.mcuxpresso.tools.win32_11.2.0.202001021529/tools/bin/../lib/gcc/arm-none-eabi/9.2.1/../../../../arm-none-eabi/lib/thumb/v6-m/nofp\libcr_c.a(errno.o)
 .comment       0x00000079       0x7a c:/nxp/mcuxpressoide_11.2.0_4120/ide/plugins/com.nxp.mcuxpresso.tools.win32_11.2.0.202001021529/tools/bin/../lib/gcc/arm-none-eabi/9.2.1/../../../../arm-none-eabi/lib/thumb/v6-m/nofp\libcr_c.a(fclose.o)
 .comment       0x00000079       0x7a c:/nxp/mcuxpressoide_11.2.0_4120/ide/plugins/com.nxp.mcuxpresso.tools.win32_11.2.0.202001021529/tools/bin/../lib/gcc/arm-none-eabi/9.2.1/../../../../arm-none-eabi/lib/thumb/v6-m/nofp\libcr_c.a(fflush.o)
 .comment       0x00000079       0x7a c:/nxp/mcuxpressoide_11.2.0_4120/ide/plugins/com.nxp.mcuxpresso.tools.win32_11.2.0.202001021529/tools/bin/../lib/gcc/arm-none-eabi/9.2.1/../../../../arm-none-eabi/lib/thumb/v6-m/nofp\libcr_c.a(fseek.o)
 .comment       0x00000079       0x7a c:/nxp/mcuxpressoide_11.2.0_4120/ide/plugins/com.nxp.mcuxpresso.tools.win32_11.2.0.202001021529/tools/bin/../lib/gcc/arm-none-eabi/9.2.1/../../../../arm-none-eabi/lib/thumb/v6-m/nofp\libcr_c.a(ftell.o)
 .comment       0x00000079       0x7a c:/nxp/mcuxpressoide_11.2.0_4120/ide/plugins/com.nxp.mcuxpresso.tools.win32_11.2.0.202001021529/tools/bin/../lib/gcc/arm-none-eabi/9.2.1/../../../../arm-none-eabi/lib/thumb/v6-m/nofp\libcr_c.a(remove.o)
 .comment       0x00000079       0x7a c:/nxp/mcuxpressoide_11.2.0_4120/ide/plugins/com.nxp.mcuxpresso.tools.win32_11.2.0.202001021529/tools/bin/../lib/gcc/arm-none-eabi/9.2.1/../../../../arm-none-eabi/lib/thumb/v6-m/nofp\libcr_c.a(strcspn.o)
 .comment       0x00000079       0x7a c:/nxp/mcuxpressoide_11.2.0_4120/ide/plugins/com.nxp.mcuxpresso.tools.win32_11.2.0.202001021529/tools/bin/../lib/gcc/arm-none-eabi/9.2.1/../../../../arm-none-eabi/lib/thumb/v6-m/nofp\libcr_c.a(strspn.o)
 .comment       0x00000079       0x7a c:/nxp/mcuxpressoide_11.2.0_4120/ide/plugins/com.nxp.mcuxpresso.tools.win32_11.2.0.202001021529/tools/bin/../lib/gcc/arm-none-eabi/9.2.1/../../../../arm-none-eabi/lib/thumb/v6-m/nofp\libcr_c.a(_cr_check_heap.o)
 .comment       0x00000079       0x7a c:/nxp/mcuxpressoide_11.2.0_4120/ide/plugins/com.nxp.mcuxpresso.tools.win32_11.2.0.202001021529/tools/bin/../lib/gcc/arm-none-eabi/9.2.1/../../../../arm-none-eabi/lib/thumb/v6-m/nofp\libcr_c.a(_do_fflush.o)
 .comment       0x00000079       0x7a c:/nxp/mcuxpressoide_11.2.0_4120/ide/plugins/com.nxp.mcuxpresso.tools.win32_11.2.0.202001021529/tools/bin/../lib/gcc/arm-none-eabi/9.2.1/../../../../arm-none-eabi/lib/thumb/v6-m/nofp\libcr_nohost_nf.a(__sys_appexit.o)
 .comment       0x00000079       0x7a c:/nxp/mcuxpressoide_11.2.0_4120/ide/plugins/com.nxp.mcuxpresso.tools.win32_11.2.0.202001021529/tools/bin/../lib/gcc/arm-none-eabi/9.2.1/../../../../arm-none-eabi/lib/thumb/v6-m/nofp\libcr_nohost_nf.a(__sys_close.o)
 .comment       0x00000079       0x7a c:/nxp/mcuxpressoide_11.2.0_4120/ide/plugins/com.nxp.mcuxpresso.tools.win32_11.2.0.202001021529/tools/bin/../lib/gcc/arm-none-eabi/9.2.1/../../../../arm-none-eabi/lib/thumb/v6-m/nofp\libcr_nohost_nf.a(__sys_flen.o)
 .comment       0x00000079       0x7a c:/nxp/mcuxpressoide_11.2.0_4120/ide/plugins/com.nxp.mcuxpresso.tools.win32_11.2.0.202001021529/tools/bin/../lib/gcc/arm-none-eabi/9.2.1/../../../../arm-none-eabi/lib/thumb/v6-m/nofp\libcr_nohost_nf.a(__sys_istty.o)
 .comment       0x00000079       0x7a c:/nxp/mcuxpressoide_11.2.0_4120/ide/plugins/com.nxp.mcuxpresso.tools.win32_11.2.0.202001021529/tools/bin/../lib/gcc/arm-none-eabi/9.2.1/../../../../arm-none-eabi/lib/thumb/v6-m/nofp\libcr_nohost_nf.a(__sys_remove.o)
 .comment       0x00000079       0x7a c:/nxp/mcuxpressoide_11.2.0_4120/ide/plugins/com.nxp.mcuxpresso.tools.win32_11.2.0.202001021529/tools/bin/../lib/gcc/arm-none-eabi/9.2.1/../../../../arm-none-eabi/lib/thumb/v6-m/nofp\libcr_nohost_nf.a(__sys_seek.o)
 .comment       0x00000079       0x7a c:/nxp/mcuxpressoide_11.2.0_4120/ide/plugins/com.nxp.mcuxpresso.tools.win32_11.2.0.202001021529/tools/bin/../lib/gcc/arm-none-eabi/9.2.1/../../../../arm-none-eabi/lib/thumb/v6-m/nofp\libcr_nohost_nf.a(__sys_tmpnam.o)
 .comment       0x00000079       0x7a c:/nxp/mcuxpressoide_11.2.0_4120/ide/plugins/com.nxp.mcuxpresso.tools.win32_11.2.0.202001021529/tools/bin/../lib/gcc/arm-none-eabi/9.2.1/../../../../arm-none-eabi/lib/thumb/v6-m/nofp\libcr_nohost_nf.a(__sys_write.o)

.ARM.attributes
                0x00000000       0x2a
 .ARM.attributes
                0x00000000       0x2a C:\Users\apanchal\AppData\Local\Temp\FRDMKL27Z.axf.KxHGvg.ltrans0.ltrans.o
 .ARM.attributes
                0x0000002a       0x31 c:/nxp/mcuxpressoide_11.2.0_4120/ide/plugins/com.nxp.mcuxpresso.tools.win32_11.2.0.202001021529/tools/bin/../lib/gcc/arm-none-eabi/9.2.1/../../../../arm-none-eabi/lib/thumb/v6-m/nofp\libcr_nohost_nf.a(__ciob.o)
 .ARM.attributes
                0x0000005b       0x2c c:/nxp/mcuxpressoide_11.2.0_4120/ide/plugins/com.nxp.mcuxpresso.tools.win32_11.2.0.202001021529/tools/bin/../lib/gcc/arm-none-eabi/9.2.1/../../../../arm-none-eabi/lib/thumb/v6-m/nofp\libcr_nohost_nf.a(_cr__main.o)
 .ARM.attributes
                0x00000087       0x2c c:/nxp/mcuxpressoide_11.2.0_4120/ide/plugins/com.nxp.mcuxpresso.tools.win32_11.2.0.202001021529/tools/bin/../lib/gcc/arm-none-eabi/9.2.1/../../../../arm-none-eabi/lib/thumb/v6-m/nofp\libcr_c.a(memcpy.o)
 .ARM.attributes
                0x000000b3       0x2c c:/nxp/mcuxpressoide_11.2.0_4120/ide/plugins/com.nxp.mcuxpresso.tools.win32_11.2.0.202001021529/tools/bin/../lib/gcc/arm-none-eabi/9.2.1/../../../../arm-none-eabi/lib/thumb/v6-m/nofp\libcr_c.a(memmove.o)
 .ARM.attributes
                0x000000df       0x2c c:/nxp/mcuxpressoide_11.2.0_4120/ide/plugins/com.nxp.mcuxpresso.tools.win32_11.2.0.202001021529/tools/bin/../lib/gcc/arm-none-eabi/9.2.1/../../../../arm-none-eabi/lib/thumb/v6-m/nofp\libcr_c.a(memset.o)
 .ARM.attributes
                0x0000010b       0x2c c:/nxp/mcuxpressoide_11.2.0_4120/ide/plugins/com.nxp.mcuxpresso.tools.win32_11.2.0.202001021529/tools/bin/../lib/gcc/arm-none-eabi/9.2.1/../../../../arm-none-eabi/lib/thumb/v6-m/nofp\libcr_c.a(alloc.o)
 .ARM.attributes
                0x00000137       0x2c c:/nxp/mcuxpressoide_11.2.0_4120/ide/plugins/com.nxp.mcuxpresso.tools.win32_11.2.0.202001021529/tools/bin/../lib/gcc/arm-none-eabi/9.2.1/../../../../arm-none-eabi/lib/thumb/v6-m/nofp\libcr_c.a(initio.o)
 .ARM.attributes
                0x00000163       0x2c c:/nxp/mcuxpressoide_11.2.0_4120/ide/plugins/com.nxp.mcuxpresso.tools.win32_11.2.0.202001021529/tools/bin/../lib/gcc/arm-none-eabi/9.2.1/../../../../arm-none-eabi/lib/thumb/v6-m/nofp\libcr_c.a(printf.o)
 .ARM.attributes
                0x0000018f       0x2c c:/nxp/mcuxpressoide_11.2.0_4120/ide/plugins/com.nxp.mcuxpresso.tools.win32_11.2.0.202001021529/tools/bin/../lib/gcc/arm-none-eabi/9.2.1/../../../../arm-none-eabi/lib/thumb/v6-m/nofp\libcr_c.a(setvbuf.o)
 .ARM.attributes
                0x000001bb       0x2c c:/nxp/mcuxpressoide_11.2.0_4120/ide/plugins/com.nxp.mcuxpresso.tools.win32_11.2.0.202001021529/tools/bin/../lib/gcc/arm-none-eabi/9.2.1/../../../../arm-none-eabi/lib/thumb/v6-m/nofp\libcr_c.a(strcmp.o)
 .ARM.attributes
                0x000001e7       0x2c c:/nxp/mcuxpressoide_11.2.0_4120/ide/plugins/com.nxp.mcuxpresso.tools.win32_11.2.0.202001021529/tools/bin/../lib/gcc/arm-none-eabi/9.2.1/../../../../arm-none-eabi/lib/thumb/v6-m/nofp\libcr_c.a(strlen.o)
 .ARM.attributes
                0x00000213       0x2c c:/nxp/mcuxpressoide_11.2.0_4120/ide/plugins/com.nxp.mcuxpresso.tools.win32_11.2.0.202001021529/tools/bin/../lib/gcc/arm-none-eabi/9.2.1/../../../../arm-none-eabi/lib/thumb/v6-m/nofp\libcr_c.a(strncmp.o)
 .ARM.attributes
                0x0000023f       0x2c c:/nxp/mcuxpressoide_11.2.0_4120/ide/plugins/com.nxp.mcuxpresso.tools.win32_11.2.0.202001021529/tools/bin/../lib/gcc/arm-none-eabi/9.2.1/../../../../arm-none-eabi/lib/thumb/v6-m/nofp\libcr_c.a(strncpy.o)
 .ARM.attributes
                0x0000026b       0x2c c:/nxp/mcuxpressoide_11.2.0_4120/ide/plugins/com.nxp.mcuxpresso.tools.win32_11.2.0.202001021529/tools/bin/../lib/gcc/arm-none-eabi/9.2.1/../../../../arm-none-eabi/lib/thumb/v6-m/nofp\libcr_c.a(strtok.o)
 .ARM.attributes
                0x00000297       0x2c c:/nxp/mcuxpressoide_11.2.0_4120/ide/plugins/com.nxp.mcuxpresso.tools.win32_11.2.0.202001021529/tools/bin/../lib/gcc/arm-none-eabi/9.2.1/../../../../arm-none-eabi/lib/thumb/v6-m/nofp\libcr_c.a(__init_alloc.o)
 .ARM.attributes
                0x000002c3       0x2c c:/nxp/mcuxpressoide_11.2.0_4120/ide/plugins/com.nxp.mcuxpresso.tools.win32_11.2.0.202001021529/tools/bin/../lib/gcc/arm-none-eabi/9.2.1/../../../../arm-none-eabi/lib/thumb/v6-m/nofp\libcr_c.a(_cr_sbrk.o)
 .ARM.attributes
                0x000002ef       0x2c c:/nxp/mcuxpressoide_11.2.0_4120/ide/plugins/com.nxp.mcuxpresso.tools.win32_11.2.0.202001021529/tools/bin/../lib/gcc/arm-none-eabi/9.2.1/../../../../arm-none-eabi/lib/thumb/v6-m/nofp\libcr_c.a(_deferredlazyseek.o)
 .ARM.attributes
                0x0000031b       0x2c c:/nxp/mcuxpressoide_11.2.0_4120/ide/plugins/com.nxp.mcuxpresso.tools.win32_11.2.0.202001021529/tools/bin/../lib/gcc/arm-none-eabi/9.2.1/../../../../arm-none-eabi/lib/thumb/v6-m/nofp\libcr_c.a(_fdopen.o)
 .ARM.attributes
                0x00000347       0x2c c:/nxp/mcuxpressoide_11.2.0_4120/ide/plugins/com.nxp.mcuxpresso.tools.win32_11.2.0.202001021529/tools/bin/../lib/gcc/arm-none-eabi/9.2.1/../../../../arm-none-eabi/lib/thumb/v6-m/nofp\libcr_c.a(_fflush.o)
 .ARM.attributes
                0x00000373       0x2c c:/nxp/mcuxpressoide_11.2.0_4120/ide/plugins/com.nxp.mcuxpresso.tools.win32_11.2.0.202001021529/tools/bin/../lib/gcc/arm-none-eabi/9.2.1/../../../../arm-none-eabi/lib/thumb/v6-m/nofp\libcr_c.a(_writebuf.o)
 .ARM.attributes
                0x0000039f       0x31 c:/nxp/mcuxpressoide_11.2.0_4120/ide/plugins/com.nxp.mcuxpresso.tools.win32_11.2.0.202001021529/tools/bin/../lib/gcc/arm-none-eabi/9.2.1/../../../../arm-none-eabi/lib/thumb/v6-m/nofp\libcr_c.a(errno.o)
 .ARM.attributes
                0x000003d0       0x2c c:/nxp/mcuxpressoide_11.2.0_4120/ide/plugins/com.nxp.mcuxpresso.tools.win32_11.2.0.202001021529/tools/bin/../lib/gcc/arm-none-eabi/9.2.1/../../../../arm-none-eabi/lib/thumb/v6-m/nofp\libcr_c.a(fclose.o)
 .ARM.attributes
                0x000003fc       0x2c c:/nxp/mcuxpressoide_11.2.0_4120/ide/plugins/com.nxp.mcuxpresso.tools.win32_11.2.0.202001021529/tools/bin/../lib/gcc/arm-none-eabi/9.2.1/../../../../arm-none-eabi/lib/thumb/v6-m/nofp\libcr_c.a(fflush.o)
 .ARM.attributes
                0x00000428       0x2c c:/nxp/mcuxpressoide_11.2.0_4120/ide/plugins/com.nxp.mcuxpresso.tools.win32_11.2.0.202001021529/tools/bin/../lib/gcc/arm-none-eabi/9.2.1/../../../../arm-none-eabi/lib/thumb/v6-m/nofp\libcr_c.a(fseek.o)
 .ARM.attributes
                0x00000454       0x2c c:/nxp/mcuxpressoide_11.2.0_4120/ide/plugins/com.nxp.mcuxpresso.tools.win32_11.2.0.202001021529/tools/bin/../lib/gcc/arm-none-eabi/9.2.1/../../../../arm-none-eabi/lib/thumb/v6-m/nofp\libcr_c.a(ftell.o)
 .ARM.attributes
                0x00000480       0x2c c:/nxp/mcuxpressoide_11.2.0_4120/ide/plugins/com.nxp.mcuxpresso.tools.win32_11.2.0.202001021529/tools/bin/../lib/gcc/arm-none-eabi/9.2.1/../../../../arm-none-eabi/lib/thumb/v6-m/nofp\libcr_c.a(remove.o)
 .ARM.attributes
                0x000004ac       0x2c c:/nxp/mcuxpressoide_11.2.0_4120/ide/plugins/com.nxp.mcuxpresso.tools.win32_11.2.0.202001021529/tools/bin/../lib/gcc/arm-none-eabi/9.2.1/../../../../arm-none-eabi/lib/thumb/v6-m/nofp\libcr_c.a(strcspn.o)
 .ARM.attributes
                0x000004d8       0x2c c:/nxp/mcuxpressoide_11.2.0_4120/ide/plugins/com.nxp.mcuxpresso.tools.win32_11.2.0.202001021529/tools/bin/../lib/gcc/arm-none-eabi/9.2.1/../../../../arm-none-eabi/lib/thumb/v6-m/nofp\libcr_c.a(strspn.o)
 .ARM.attributes
                0x00000504       0x2c c:/nxp/mcuxpressoide_11.2.0_4120/ide/plugins/com.nxp.mcuxpresso.tools.win32_11.2.0.202001021529/tools/bin/../lib/gcc/arm-none-eabi/9.2.1/../../../../arm-none-eabi/lib/thumb/v6-m/nofp\libcr_c.a(_cr_check_heap.o)
 .ARM.attributes
                0x00000530       0x2c c:/nxp/mcuxpressoide_11.2.0_4120/ide/plugins/com.nxp.mcuxpresso.tools.win32_11.2.0.202001021529/tools/bin/../lib/gcc/arm-none-eabi/9.2.1/../../../../arm-none-eabi/lib/thumb/v6-m/nofp\libcr_c.a(_do_fflush.o)
 .ARM.attributes
                0x0000055c       0x1c c:/nxp/mcuxpressoide_11.2.0_4120/ide/plugins/com.nxp.mcuxpresso.tools.win32_11.2.0.202001021529/tools/bin/../lib/gcc/arm-none-eabi/9.2.1/thumb/v6-m/nofp\libcr_eabihelpers.a(division_32.o)
 .ARM.attributes
                0x00000578       0x1c c:/nxp/mcuxpressoide_11.2.0_4120/ide/plugins/com.nxp.mcuxpresso.tools.win32_11.2.0.202001021529/tools/bin/../lib/gcc/arm-none-eabi/9.2.1/thumb/v6-m/nofp\libcr_eabihelpers.a(division_idiv0.o)
 .ARM.attributes
                0x00000594       0x1c c:/nxp/mcuxpressoide_11.2.0_4120/ide/plugins/com.nxp.mcuxpresso.tools.win32_11.2.0.202001021529/tools/bin/../lib/gcc/arm-none-eabi/9.2.1/thumb/v6-m/nofp\libcr_eabihelpers.a(llong.o)
 .ARM.attributes
                0x000005b0       0x1c c:/nxp/mcuxpressoide_11.2.0_4120/ide/plugins/com.nxp.mcuxpresso.tools.win32_11.2.0.202001021529/tools/bin/../lib/gcc/arm-none-eabi/9.2.1/thumb/v6-m/nofp\libcr_eabihelpers.a(memcpy.o)
 .ARM.attributes
                0x000005cc       0x1c c:/nxp/mcuxpressoide_11.2.0_4120/ide/plugins/com.nxp.mcuxpresso.tools.win32_11.2.0.202001021529/tools/bin/../lib/gcc/arm-none-eabi/9.2.1/thumb/v6-m/nofp\libcr_eabihelpers.a(thumb1_switch_helpers.o)
 .ARM.attributes
                0x000005e8       0x2c c:/nxp/mcuxpressoide_11.2.0_4120/ide/plugins/com.nxp.mcuxpresso.tools.win32_11.2.0.202001021529/tools/bin/../lib/gcc/arm-none-eabi/9.2.1/../../../../arm-none-eabi/lib/thumb/v6-m/nofp\libcr_nohost_nf.a(__sys_appexit.o)
 .ARM.attributes
                0x00000614       0x2c c:/nxp/mcuxpressoide_11.2.0_4120/ide/plugins/com.nxp.mcuxpresso.tools.win32_11.2.0.202001021529/tools/bin/../lib/gcc/arm-none-eabi/9.2.1/../../../../arm-none-eabi/lib/thumb/v6-m/nofp\libcr_nohost_nf.a(__sys_close.o)
 .ARM.attributes
                0x00000640       0x2c c:/nxp/mcuxpressoide_11.2.0_4120/ide/plugins/com.nxp.mcuxpresso.tools.win32_11.2.0.202001021529/tools/bin/../lib/gcc/arm-none-eabi/9.2.1/../../../../arm-none-eabi/lib/thumb/v6-m/nofp\libcr_nohost_nf.a(__sys_flen.o)
 .ARM.attributes
                0x0000066c       0x2c c:/nxp/mcuxpressoide_11.2.0_4120/ide/plugins/com.nxp.mcuxpresso.tools.win32_11.2.0.202001021529/tools/bin/../lib/gcc/arm-none-eabi/9.2.1/../../../../arm-none-eabi/lib/thumb/v6-m/nofp\libcr_nohost_nf.a(__sys_istty.o)
 .ARM.attributes
                0x00000698       0x2c c:/nxp/mcuxpressoide_11.2.0_4120/ide/plugins/com.nxp.mcuxpresso.tools.win32_11.2.0.202001021529/tools/bin/../lib/gcc/arm-none-eabi/9.2.1/../../../../arm-none-eabi/lib/thumb/v6-m/nofp\libcr_nohost_nf.a(__sys_remove.o)
 .ARM.attributes
                0x000006c4       0x2c c:/nxp/mcuxpressoide_11.2.0_4120/ide/plugins/com.nxp.mcuxpresso.tools.win32_11.2.0.202001021529/tools/bin/../lib/gcc/arm-none-eabi/9.2.1/../../../../arm-none-eabi/lib/thumb/v6-m/nofp\libcr_nohost_nf.a(__sys_seek.o)
 .ARM.attributes
                0x000006f0       0x2c c:/nxp/mcuxpressoide_11.2.0_4120/ide/plugins/com.nxp.mcuxpresso.tools.win32_11.2.0.202001021529/tools/bin/../lib/gcc/arm-none-eabi/9.2.1/../../../../arm-none-eabi/lib/thumb/v6-m/nofp\libcr_nohost_nf.a(__sys_tmpnam.o)
 .ARM.attributes
                0x0000071c       0x2c c:/nxp/mcuxpressoide_11.2.0_4120/ide/plugins/com.nxp.mcuxpresso.tools.win32_11.2.0.202001021529/tools/bin/../lib/gcc/arm-none-eabi/9.2.1/../../../../arm-none-eabi/lib/thumb/v6-m/nofp\libcr_nohost_nf.a(__sys_write.o)

Cross Reference Table

Symbol                                            File
ADC0_DriverIRQHandler                             ./startup/startup_mkl27z644.o (symbol from plugin)
ADC0_IRQHandler                                   ./startup/startup_mkl27z644.o (symbol from plugin)
BOARD_BootClockRUN                                ./board/clock_config.o (symbol from plugin)
                                                  C:\Users\apanchal\AppData\Local\Temp\ccWzL6g1.debug.temp.o
                                                  ./source/serial_transport_KL2xZ.o (symbol from plugin)
BOARD_BootClockVLPR                               ./board/clock_config.o (symbol from plugin)
BOARD_InitBootClocks                              ./board/clock_config.o (symbol from plugin)
BOARD_InitDebugConsole                            ./board/board.o (symbol from plugin)
BOARD_InitPins                                    ./board/pin_mux.o (symbol from plugin)
                                                  C:\Users\apanchal\AppData\Local\Temp\ccWzL6g1.debug.temp.o
                                                  ./source/serial_transport_KL2xZ.o (symbol from plugin)
CLOCK_DeinitOsc0                                  ./drivers/fsl_clock.o (symbol from plugin)
CLOCK_EnableUsbfs0Clock                           ./drivers/fsl_clock.o (symbol from plugin)
CLOCK_GetBusClkFreq                               ./drivers/fsl_clock.o (symbol from plugin)
CLOCK_GetCoreSysClkFreq                           ./drivers/fsl_clock.o (symbol from plugin)
CLOCK_GetEr32kClkFreq                             ./drivers/fsl_clock.o (symbol from plugin)
CLOCK_GetFlashClkFreq                             ./drivers/fsl_clock.o (symbol from plugin)
CLOCK_GetFreq                                     ./drivers/fsl_clock.o (symbol from plugin)
                                                  C:\Users\apanchal\AppData\Local\Temp\ccWzL6g1.debug.temp.o
                                                  ./source/serial_transport_KL2xZ.o (symbol from plugin)
CLOCK_GetInternalRefClkFreq                       ./drivers/fsl_clock.o (symbol from plugin)
CLOCK_GetMode                                     ./drivers/fsl_clock.o (symbol from plugin)
CLOCK_GetOsc0ErClkFreq                            ./drivers/fsl_clock.o (symbol from plugin)
CLOCK_GetOutClkFreq                               ./drivers/fsl_clock.o (symbol from plugin)
CLOCK_GetPeriphClkFreq                            ./drivers/fsl_clock.o (symbol from plugin)
                                                  C:\Users\apanchal\AppData\Local\Temp\cc7HreAK.debug.temp.o
                                                  ./board/board.o (symbol from plugin)
CLOCK_GetPlatClkFreq                              ./drivers/fsl_clock.o (symbol from plugin)
CLOCK_InitOsc0                                    ./drivers/fsl_clock.o (symbol from plugin)
CLOCK_SetMcgliteConfig                            ./drivers/fsl_clock.o (symbol from plugin)
                                                  C:\Users\apanchal\AppData\Local\Temp\ccGw3jG0.debug.temp.o
                                                  ./board/clock_config.o (symbol from plugin)
CLOCK_SetSimConfig                                ./drivers/fsl_clock.o (symbol from plugin)
                                                  C:\Users\apanchal\AppData\Local\Temp\ccGw3jG0.debug.temp.o
                                                  ./board/clock_config.o (symbol from plugin)
CMP0_DriverIRQHandler                             ./startup/startup_mkl27z644.o (symbol from plugin)
CMP0_IRQHandler                                   ./startup/startup_mkl27z644.o (symbol from plugin)
DMA0_DriverIRQHandler                             ./startup/startup_mkl27z644.o (symbol from plugin)
DMA0_IRQHandler                                   ./startup/startup_mkl27z644.o (symbol from plugin)
DMA1_DriverIRQHandler                             ./startup/startup_mkl27z644.o (symbol from plugin)
DMA1_IRQHandler                                   ./startup/startup_mkl27z644.o (symbol from plugin)
DMA2_DriverIRQHandler                             ./startup/startup_mkl27z644.o (symbol from plugin)
DMA2_IRQHandler                                   ./startup/startup_mkl27z644.o (symbol from plugin)
DMA3_DriverIRQHandler                             ./startup/startup_mkl27z644.o (symbol from plugin)
DMA3_IRQHandler                                   ./startup/startup_mkl27z644.o (symbol from plugin)
DbgConsole_BlockingPrintf                         ./utilities/fsl_debug_console.o (symbol from plugin)
DbgConsole_Deinit                                 ./utilities/fsl_debug_console.o (symbol from plugin)
DbgConsole_Flush                                  ./utilities/fsl_debug_console.o (symbol from plugin)
DbgConsole_Getchar                                ./utilities/fsl_debug_console.o (symbol from plugin)
DbgConsole_Init                                   ./utilities/fsl_debug_console.o (symbol from plugin)
                                                  C:\Users\apanchal\AppData\Local\Temp\cc7HreAK.debug.temp.o
                                                  ./board/board.o (symbol from plugin)
DbgConsole_Printf                                 ./utilities/fsl_debug_console.o (symbol from plugin)
                                                  C:\Users\apanchal\AppData\Local\Temp\ccP37Lgy.debug.temp.o
                                                  ./utilities/fsl_assert.o (symbol from plugin)
DbgConsole_Putchar                                ./utilities/fsl_debug_console.o (symbol from plugin)
DbgConsole_ReadCharacter                          ./utilities/fsl_debug_console.o (symbol from plugin)
DbgConsole_ReadLine                               ./utilities/fsl_debug_console.o (symbol from plugin)
DbgConsole_ReadOneCharacter                       ./utilities/fsl_debug_console.o (symbol from plugin)
DbgConsole_Scanf                                  ./utilities/fsl_debug_console.o (symbol from plugin)
DbgConsole_SendData                               ./utilities/fsl_debug_console.o (symbol from plugin)
DbgConsole_SendDataReliable                       ./utilities/fsl_debug_console.o (symbol from plugin)
FGPIO_PinInit                                     ./drivers/fsl_gpio.o (symbol from plugin)
FGPIO_PortClearInterruptFlags                     ./drivers/fsl_gpio.o (symbol from plugin)
FGPIO_PortGetInterruptFlags                       ./drivers/fsl_gpio.o (symbol from plugin)
FTFA_DriverIRQHandler                             ./startup/startup_mkl27z644.o (symbol from plugin)
FTFA_IRQHandler                                   ./startup/startup_mkl27z644.o (symbol from plugin)
Flash_Config                                      C:\Users\apanchal\AppData\Local\Temp\FRDMKL27Z.axf.KxHGvg.ltrans0.ltrans.o
                                                  ./startup/startup_mkl27z644.o (symbol from plugin)
GPIO_PinInit                                      ./drivers/fsl_gpio.o (symbol from plugin)
GPIO_PortClearInterruptFlags                      ./drivers/fsl_gpio.o (symbol from plugin)
GPIO_PortGetInterruptFlags                        ./drivers/fsl_gpio.o (symbol from plugin)
HAL_UartDeinit                                    ./component/uart/lpuart_adapter.o (symbol from plugin)
                                                  C:\Users\apanchal\AppData\Local\Temp\ccfTRuVe.debug.temp.o
                                                  ./component/serial_manager/serial_port_uart.o (symbol from plugin)
HAL_UartEnterLowpower                             ./component/uart/lpuart_adapter.o (symbol from plugin)
                                                  C:\Users\apanchal\AppData\Local\Temp\ccfTRuVe.debug.temp.o
                                                  ./component/serial_manager/serial_port_uart.o (symbol from plugin)
HAL_UartExitLowpower                              ./component/uart/lpuart_adapter.o (symbol from plugin)
                                                  C:\Users\apanchal\AppData\Local\Temp\ccfTRuVe.debug.temp.o
                                                  ./component/serial_manager/serial_port_uart.o (symbol from plugin)
HAL_UartInit                                      ./component/uart/lpuart_adapter.o (symbol from plugin)
                                                  C:\Users\apanchal\AppData\Local\Temp\ccfTRuVe.debug.temp.o
                                                  ./component/serial_manager/serial_port_uart.o (symbol from plugin)
HAL_UartReceiveBlocking                           ./component/uart/lpuart_adapter.o (symbol from plugin)
                                                  C:\Users\apanchal\AppData\Local\Temp\ccfTRuVe.debug.temp.o
                                                  ./component/serial_manager/serial_port_uart.o (symbol from plugin)
HAL_UartSendBlocking                              ./component/uart/lpuart_adapter.o (symbol from plugin)
                                                  C:\Users\apanchal\AppData\Local\Temp\ccfTRuVe.debug.temp.o
                                                  ./component/serial_manager/serial_port_uart.o (symbol from plugin)
HardFault_Handler                                 ./startup/startup_mkl27z644.o (symbol from plugin)
I2C0_DriverIRQHandler                             ./startup/startup_mkl27z644.o (symbol from plugin)
I2C0_IRQHandler                                   ./startup/startup_mkl27z644.o (symbol from plugin)
I2C1_DriverIRQHandler                             ./startup/startup_mkl27z644.o (symbol from plugin)
I2C1_IRQHandler                                   ./startup/startup_mkl27z644.o (symbol from plugin)
IntDefaultHandler                                 ./startup/startup_mkl27z644.o (symbol from plugin)
LIST_AddHead                                      ./component/lists/generic_list.o (symbol from plugin)
LIST_AddPrevElement                               ./component/lists/generic_list.o (symbol from plugin)
LIST_AddTail                                      ./component/lists/generic_list.o (symbol from plugin)
LIST_GetAvailableSize                             ./component/lists/generic_list.o (symbol from plugin)
LIST_GetHead                                      ./component/lists/generic_list.o (symbol from plugin)
LIST_GetList                                      ./component/lists/generic_list.o (symbol from plugin)
LIST_GetNext                                      ./component/lists/generic_list.o (symbol from plugin)
LIST_GetPrev                                      ./component/lists/generic_list.o (symbol from plugin)
LIST_GetSize                                      ./component/lists/generic_list.o (symbol from plugin)
LIST_Init                                         ./component/lists/generic_list.o (symbol from plugin)
LIST_RemoveElement                                ./component/lists/generic_list.o (symbol from plugin)
LIST_RemoveHead                                   ./component/lists/generic_list.o (symbol from plugin)
LLWU_DriverIRQHandler                             ./startup/startup_mkl27z644.o (symbol from plugin)
LLWU_IRQHandler                                   ./startup/startup_mkl27z644.o (symbol from plugin)
LPTMR0_DriverIRQHandler                           ./startup/startup_mkl27z644.o (symbol from plugin)
LPTMR0_IRQHandler                                 ./startup/startup_mkl27z644.o (symbol from plugin)
LPUART0_DriverIRQHandler                          ./drivers/fsl_lpuart.o (symbol from plugin)
                                                  ./startup/startup_mkl27z644.o (symbol from plugin)
LPUART0_IRQHandler                                ./startup/startup_mkl27z644.o (symbol from plugin)
LPUART1_DriverIRQHandler                          ./drivers/fsl_lpuart.o (symbol from plugin)
                                                  ./startup/startup_mkl27z644.o (symbol from plugin)
LPUART1_IRQHandler                                ./startup/startup_mkl27z644.o (symbol from plugin)
LPUART_ClearStatusFlags                           ./drivers/fsl_lpuart.o (symbol from plugin)
LPUART_Deinit                                     ./drivers/fsl_lpuart.o (symbol from plugin)
                                                  C:\Users\apanchal\AppData\Local\Temp\ccJBRnGJ.debug.temp.o
                                                  ./component/uart/lpuart_adapter.o (symbol from plugin)
LPUART_DisableInterrupts                          ./drivers/fsl_lpuart.o (symbol from plugin)
LPUART_EnableInterrupts                           ./drivers/fsl_lpuart.o (symbol from plugin)
LPUART_GetDefaultConfig                           ./drivers/fsl_lpuart.o (symbol from plugin)
                                                  C:\Users\apanchal\AppData\Local\Temp\ccJBRnGJ.debug.temp.o
                                                  ./component/uart/lpuart_adapter.o (symbol from plugin)
LPUART_GetEnabledInterrupts                       ./drivers/fsl_lpuart.o (symbol from plugin)
LPUART_GetInstance                                ./drivers/fsl_lpuart.o (symbol from plugin)
LPUART_GetStatusFlags                             ./drivers/fsl_lpuart.o (symbol from plugin)
LPUART_Init                                       ./drivers/fsl_lpuart.o (symbol from plugin)
                                                  C:\Users\apanchal\AppData\Local\Temp\ccJBRnGJ.debug.temp.o
                                                  ./component/uart/lpuart_adapter.o (symbol from plugin)
LPUART_ReadBlocking                               ./drivers/fsl_lpuart.o (symbol from plugin)
                                                  C:\Users\apanchal\AppData\Local\Temp\ccJBRnGJ.debug.temp.o
                                                  ./component/uart/lpuart_adapter.o (symbol from plugin)
LPUART_SetBaudRate                                ./drivers/fsl_lpuart.o (symbol from plugin)
LPUART_TransferAbortReceive                       ./drivers/fsl_lpuart.o (symbol from plugin)
LPUART_TransferAbortSend                          ./drivers/fsl_lpuart.o (symbol from plugin)
LPUART_TransferCreateHandle                       ./drivers/fsl_lpuart.o (symbol from plugin)
LPUART_TransferGetReceiveCount                    ./drivers/fsl_lpuart.o (symbol from plugin)
LPUART_TransferGetRxRingBufferLength              ./drivers/fsl_lpuart.o (symbol from plugin)
LPUART_TransferGetSendCount                       ./drivers/fsl_lpuart.o (symbol from plugin)
LPUART_TransferHandleErrorIRQ                     ./drivers/fsl_lpuart.o (symbol from plugin)
LPUART_TransferHandleIRQ                          ./drivers/fsl_lpuart.o (symbol from plugin)
LPUART_TransferReceiveNonBlocking                 ./drivers/fsl_lpuart.o (symbol from plugin)
LPUART_TransferSendNonBlocking                    ./drivers/fsl_lpuart.o (symbol from plugin)
LPUART_TransferStartRingBuffer                    ./drivers/fsl_lpuart.o (symbol from plugin)
LPUART_TransferStopRingBuffer                     ./drivers/fsl_lpuart.o (symbol from plugin)
LPUART_WriteBlocking                              ./drivers/fsl_lpuart.o (symbol from plugin)
                                                  C:\Users\apanchal\AppData\Local\Temp\ccJBRnGJ.debug.temp.o
                                                  ./component/uart/lpuart_adapter.o (symbol from plugin)
LastDSPMicro                                      ./source/serial_reader_l3.o (symbol from plugin)
                                                  C:\Users\apanchal\AppData\Local\Temp\ccAzJv6G.debug.temp.o
                                                  ./source/serial_reader.o (symbol from plugin)
NMI_Handler                                       ./startup/startup_mkl27z644.o (symbol from plugin)
PIT_DriverIRQHandler                              ./startup/startup_mkl27z644.o (symbol from plugin)
PIT_IRQHandler                                    ./startup/startup_mkl27z644.o (symbol from plugin)
PMC_DriverIRQHandler                              ./startup/startup_mkl27z644.o (symbol from plugin)
PMC_IRQHandler                                    ./startup/startup_mkl27z644.o (symbol from plugin)
PORTA_DriverIRQHandler                            ./startup/startup_mkl27z644.o (symbol from plugin)
PORTA_IRQHandler                                  ./startup/startup_mkl27z644.o (symbol from plugin)
PORTB_PORTC_PORTD_PORTE_DriverIRQHandler          ./startup/startup_mkl27z644.o (symbol from plugin)
PORTB_PORTC_PORTD_PORTE_IRQHandler                ./startup/startup_mkl27z644.o (symbol from plugin)
PendSV_Handler                                    ./startup/startup_mkl27z644.o (symbol from plugin)
PrevSysTime                                       ./source/serial_reader.o (symbol from plugin)
RTC_DriverIRQHandler                              ./startup/startup_mkl27z644.o (symbol from plugin)
RTC_IRQHandler                                    ./startup/startup_mkl27z644.o (symbol from plugin)
RTC_Seconds_DriverIRQHandler                      ./startup/startup_mkl27z644.o (symbol from plugin)
RTC_Seconds_IRQHandler                            ./startup/startup_mkl27z644.o (symbol from plugin)
Reserved20_DriverIRQHandler                       ./startup/startup_mkl27z644.o (symbol from plugin)
Reserved20_IRQHandler                             ./startup/startup_mkl27z644.o (symbol from plugin)
Reserved39_DriverIRQHandler                       ./startup/startup_mkl27z644.o (symbol from plugin)
Reserved39_IRQHandler                             ./startup/startup_mkl27z644.o (symbol from plugin)
Reserved41_DriverIRQHandler                       ./startup/startup_mkl27z644.o (symbol from plugin)
Reserved41_IRQHandler                             ./startup/startup_mkl27z644.o (symbol from plugin)
Reserved42_DriverIRQHandler                       ./startup/startup_mkl27z644.o (symbol from plugin)
Reserved42_IRQHandler                             ./startup/startup_mkl27z644.o (symbol from plugin)
Reserved43_DriverIRQHandler                       ./startup/startup_mkl27z644.o (symbol from plugin)
Reserved43_IRQHandler                             ./startup/startup_mkl27z644.o (symbol from plugin)
Reserved45_DriverIRQHandler                       ./startup/startup_mkl27z644.o (symbol from plugin)
Reserved45_IRQHandler                             ./startup/startup_mkl27z644.o (symbol from plugin)
ResetISR                                          C:\Users\apanchal\AppData\Local\Temp\FRDMKL27Z.axf.KxHGvg.ltrans0.ltrans.o
                                                  ./startup/startup_mkl27z644.o (symbol from plugin)
SDK_DelayAtLeastUs                                ./drivers/fsl_common.o (symbol from plugin)
SDK_Free                                          ./drivers/fsl_common.o (symbol from plugin)
SDK_Malloc                                        ./drivers/fsl_common.o (symbol from plugin)
SMC_PostExitStopModes                             ./drivers/fsl_smc.o (symbol from plugin)
SMC_PostExitWaitModes                             ./drivers/fsl_smc.o (symbol from plugin)
SMC_PreEnterStopModes                             ./drivers/fsl_smc.o (symbol from plugin)
SMC_PreEnterWaitModes                             ./drivers/fsl_smc.o (symbol from plugin)
SMC_SetPowerModeLls                               ./drivers/fsl_smc.o (symbol from plugin)
SMC_SetPowerModeRun                               ./drivers/fsl_smc.o (symbol from plugin)
SMC_SetPowerModeStop                              ./drivers/fsl_smc.o (symbol from plugin)
SMC_SetPowerModeVlls                              ./drivers/fsl_smc.o (symbol from plugin)
SMC_SetPowerModeVlpr                              ./drivers/fsl_smc.o (symbol from plugin)
                                                  C:\Users\apanchal\AppData\Local\Temp\ccGw3jG0.debug.temp.o
                                                  ./board/clock_config.o (symbol from plugin)
SMC_SetPowerModeVlps                              ./drivers/fsl_smc.o (symbol from plugin)
SMC_SetPowerModeVlpw                              ./drivers/fsl_smc.o (symbol from plugin)
SMC_SetPowerModeWait                              ./drivers/fsl_smc.o (symbol from plugin)
SPI0_DriverIRQHandler                             ./startup/startup_mkl27z644.o (symbol from plugin)
SPI0_IRQHandler                                   ./startup/startup_mkl27z644.o (symbol from plugin)
SPI1_DriverIRQHandler                             ./startup/startup_mkl27z644.o (symbol from plugin)
SPI1_IRQHandler                                   ./startup/startup_mkl27z644.o (symbol from plugin)
SVC_Handler                                       ./startup/startup_mkl27z644.o (symbol from plugin)
SerialManager_CloseReadHandle                     ./component/serial_manager/serial_manager.o (symbol from plugin)
                                                  C:\Users\apanchal\AppData\Local\Temp\ccQ88fzJ.debug.temp.o
                                                  ./utilities/fsl_debug_console.o (symbol from plugin)
SerialManager_CloseWriteHandle                    ./component/serial_manager/serial_manager.o (symbol from plugin)
                                                  C:\Users\apanchal\AppData\Local\Temp\ccQ88fzJ.debug.temp.o
                                                  ./utilities/fsl_debug_console.o (symbol from plugin)
SerialManager_Deinit                              ./component/serial_manager/serial_manager.o (symbol from plugin)
                                                  C:\Users\apanchal\AppData\Local\Temp\ccQ88fzJ.debug.temp.o
                                                  ./utilities/fsl_debug_console.o (symbol from plugin)
SerialManager_EnterLowpower                       ./component/serial_manager/serial_manager.o (symbol from plugin)
SerialManager_ExitLowpower                        ./component/serial_manager/serial_manager.o (symbol from plugin)
SerialManager_Init                                ./component/serial_manager/serial_manager.o (symbol from plugin)
                                                  C:\Users\apanchal\AppData\Local\Temp\ccQ88fzJ.debug.temp.o
                                                  ./utilities/fsl_debug_console.o (symbol from plugin)
SerialManager_OpenReadHandle                      ./component/serial_manager/serial_manager.o (symbol from plugin)
                                                  C:\Users\apanchal\AppData\Local\Temp\ccQ88fzJ.debug.temp.o
                                                  ./utilities/fsl_debug_console.o (symbol from plugin)
SerialManager_OpenWriteHandle                     ./component/serial_manager/serial_manager.o (symbol from plugin)
                                                  C:\Users\apanchal\AppData\Local\Temp\ccQ88fzJ.debug.temp.o
                                                  ./utilities/fsl_debug_console.o (symbol from plugin)
SerialManager_ReadBlocking                        ./component/serial_manager/serial_manager.o (symbol from plugin)
                                                  C:\Users\apanchal\AppData\Local\Temp\ccQ88fzJ.debug.temp.o
                                                  ./utilities/fsl_debug_console.o (symbol from plugin)
SerialManager_WriteBlocking                       ./component/serial_manager/serial_manager.o (symbol from plugin)
                                                  C:\Users\apanchal\AppData\Local\Temp\ccQ88fzJ.debug.temp.o
                                                  ./utilities/fsl_debug_console.o (symbol from plugin)
Serial_UartDeinit                                 ./component/serial_manager/serial_port_uart.o (symbol from plugin)
                                                  C:\Users\apanchal\AppData\Local\Temp\cccLzKmZ.debug.temp.o
                                                  ./component/serial_manager/serial_manager.o (symbol from plugin)
Serial_UartEnterLowpower                          ./component/serial_manager/serial_port_uart.o (symbol from plugin)
                                                  C:\Users\apanchal\AppData\Local\Temp\cccLzKmZ.debug.temp.o
                                                  ./component/serial_manager/serial_manager.o (symbol from plugin)
Serial_UartExitLowpower                           ./component/serial_manager/serial_port_uart.o (symbol from plugin)
                                                  C:\Users\apanchal\AppData\Local\Temp\cccLzKmZ.debug.temp.o
                                                  ./component/serial_manager/serial_manager.o (symbol from plugin)
Serial_UartInit                                   ./component/serial_manager/serial_port_uart.o (symbol from plugin)
                                                  C:\Users\apanchal\AppData\Local\Temp\cccLzKmZ.debug.temp.o
                                                  ./component/serial_manager/serial_manager.o (symbol from plugin)
Serial_UartRead                                   ./component/serial_manager/serial_port_uart.o (symbol from plugin)
                                                  C:\Users\apanchal\AppData\Local\Temp\cccLzKmZ.debug.temp.o
                                                  ./component/serial_manager/serial_manager.o (symbol from plugin)
Serial_UartWrite                                  ./component/serial_manager/serial_port_uart.o (symbol from plugin)
                                                  C:\Users\apanchal\AppData\Local\Temp\cccLzKmZ.debug.temp.o
                                                  ./component/serial_manager/serial_manager.o (symbol from plugin)
StrFormatPrintf                                   ./utilities/fsl_str.o (symbol from plugin)
                                                  C:\Users\apanchal\AppData\Local\Temp\ccQ88fzJ.debug.temp.o
                                                  ./utilities/fsl_debug_console.o (symbol from plugin)
StrFormatScanf                                    ./utilities/fsl_str.o (symbol from plugin)
                                                  C:\Users\apanchal\AppData\Local\Temp\ccQ88fzJ.debug.temp.o
                                                  ./utilities/fsl_debug_console.o (symbol from plugin)
SysTick_Handler                                   ./source/osdep_KL2xZ.o (symbol from plugin)
                                                  ./startup/startup_mkl27z644.o (symbol from plugin)
SystemCoreClock                                   ./device/system_MKL27Z644.o (symbol from plugin)
                                                  C:\Users\apanchal\AppData\Local\Temp\ccGw3jG0.debug.temp.o
                                                  C:\Users\apanchal\AppData\Local\Temp\cca3rekm.debug.temp.o
                                                  ./board/clock_config.o (symbol from plugin)
                                                  ./source/osdep_KL2xZ.o (symbol from plugin)
SystemCoreClockUpdate                             ./device/system_MKL27Z644.o (symbol from plugin)
SystemInit                                        ./device/system_MKL27Z644.o (symbol from plugin)
                                                  C:\Users\apanchal\AppData\Local\Temp\ccw1bQa3.debug.temp.o
                                                  ./startup/startup_mkl27z644.o (symbol from plugin)
SystemInitHook                                    ./device/system_MKL27Z644.o (symbol from plugin)
TMR_GPITR_init_enable                             ./source/tm_reader.o (symbol from plugin)
TMR_RP_init_multi                                 ./source/tm_reader.o (symbol from plugin)
TMR_RP_init_simple                                ./source/tm_reader.o (symbol from plugin)
                                                  C:\Users\apanchal\AppData\Local\Temp\ccvXdniR.debug.temp.o
                                                  C:\Users\apanchal\AppData\Local\Temp\ccAzJv6G.debug.temp.o
                                                  C:\Users\apanchal\AppData\Local\Temp\ccd5uKMw.debug.temp.o
                                                  ./source/serial_reader_l3.o (symbol from plugin)
                                                  ./source/serial_reader.o (symbol from plugin)
                                                  ./source/readasync_baremetal.o (symbol from plugin)
TMR_RP_set_enableAutonomousRead                   ./source/tm_reader.o (symbol from plugin)
TMR_RP_set_enableTriggerRead                      ./source/tm_reader.o (symbol from plugin)
TMR_RP_set_filter                                 ./source/tm_reader.o (symbol from plugin)
TMR_RP_set_stopTrigger                            ./source/tm_reader.o (symbol from plugin)
TMR_RP_set_tagop                                  ./source/tm_reader.o (symbol from plugin)
TMR_SR_SerialReader_init                          ./source/serial_reader.o (symbol from plugin)
                                                  C:\Users\apanchal\AppData\Local\Temp\cc7Fiixe.debug.temp.o
                                                  ./source/tm_reader.o (symbol from plugin)
TMR_SR_SerialTransportNativeInit                  ./source/serial_transport_KL2xZ.o (symbol from plugin)
                                                  C:\Users\apanchal\AppData\Local\Temp\cc7Fiixe.debug.temp.o
                                                  ./source/tm_reader.o (symbol from plugin)
TMR_SR_addTagOp                                   ./source/serial_reader.o (symbol from plugin)
TMR_SR_callSendCmd                                ./source/serial_reader_l3.o (symbol from plugin)
TMR_SR_cmdAntennaDetect                           ./source/serial_reader_l3.o (symbol from plugin)
                                                  C:\Users\apanchal\AppData\Local\Temp\ccAzJv6G.debug.temp.o
                                                  ./source/serial_reader.o (symbol from plugin)
TMR_SR_cmdBootBootloader                          ./source/serial_reader_l3.o (symbol from plugin)
TMR_SR_cmdBootFirmware                            ./source/serial_reader_l3.o (symbol from plugin)
                                                  C:\Users\apanchal\AppData\Local\Temp\ccAzJv6G.debug.temp.o
                                                  ./source/serial_reader.o (symbol from plugin)
TMR_SR_cmdClearTagBuffer                          ./source/serial_reader_l3.o (symbol from plugin)
                                                  C:\Users\apanchal\AppData\Local\Temp\ccAzJv6G.debug.temp.o
                                                  ./source/serial_reader.o (symbol from plugin)
TMR_SR_cmdEraseFlash                              ./source/serial_reader_l3.o (symbol from plugin)
TMR_SR_cmdGetAvailableProtocols                   ./source/serial_reader_l3.o (symbol from plugin)
                                                  C:\Users\apanchal\AppData\Local\Temp\ccAzJv6G.debug.temp.o
                                                  ./source/serial_reader.o (symbol from plugin)
TMR_SR_cmdGetAvailableRegions                     ./source/serial_reader_l3.o (symbol from plugin)
                                                  C:\Users\apanchal\AppData\Local\Temp\ccAzJv6G.debug.temp.o
                                                  ./source/serial_reader.o (symbol from plugin)
TMR_SR_cmdGetCurrentProgram                       ./source/serial_reader_l3.o (symbol from plugin)
                                                  C:\Users\apanchal\AppData\Local\Temp\ccAzJv6G.debug.temp.o
                                                  ./source/serial_reader.o (symbol from plugin)
TMR_SR_cmdGetCurrentProtocol                      ./source/serial_reader_l3.o (symbol from plugin)
                                                  C:\Users\apanchal\AppData\Local\Temp\ccAzJv6G.debug.temp.o
                                                  ./source/serial_reader.o (symbol from plugin)
TMR_SR_cmdGetGPIO                                 ./source/serial_reader_l3.o (symbol from plugin)
                                                  C:\Users\apanchal\AppData\Local\Temp\ccAzJv6G.debug.temp.o
                                                  ./source/serial_reader.o (symbol from plugin)
TMR_SR_cmdGetGPIODirection                        ./source/serial_reader_l3.o (symbol from plugin)
                                                  C:\Users\apanchal\AppData\Local\Temp\ccAzJv6G.debug.temp.o
                                                  ./source/serial_reader.o (symbol from plugin)
TMR_SR_cmdGetHardwareVersion                      ./source/serial_reader_l3.o (symbol from plugin)
                                                  C:\Users\apanchal\AppData\Local\Temp\ccAzJv6G.debug.temp.o
                                                  ./source/serial_reader.o (symbol from plugin)
TMR_SR_cmdGetPowerMode                            ./source/serial_reader_l3.o (symbol from plugin)
                                                  C:\Users\apanchal\AppData\Local\Temp\ccAzJv6G.debug.temp.o
                                                  ./source/serial_reader.o (symbol from plugin)
TMR_SR_cmdGetProtocolConfiguration                ./source/serial_reader_l3.o (symbol from plugin)
                                                  C:\Users\apanchal\AppData\Local\Temp\ccAzJv6G.debug.temp.o
                                                  ./source/serial_reader.o (symbol from plugin)
TMR_SR_cmdGetProtocolList                         ./source/serial_reader_l3.o (symbol from plugin)
                                                  C:\Users\apanchal\AppData\Local\Temp\ccAzJv6G.debug.temp.o
                                                  ./source/serial_reader.o (symbol from plugin)
TMR_SR_cmdGetReadTxPower                          ./source/serial_reader_l3.o (symbol from plugin)
                                                  C:\Users\apanchal\AppData\Local\Temp\ccAzJv6G.debug.temp.o
                                                  ./source/serial_reader.o (symbol from plugin)
TMR_SR_cmdGetReadTxPowerWithLimits                ./source/serial_reader_l3.o (symbol from plugin)
                                                  C:\Users\apanchal\AppData\Local\Temp\ccAzJv6G.debug.temp.o
                                                  ./source/serial_reader.o (symbol from plugin)
TMR_SR_cmdGetReadWriteTxPower                     ./source/serial_reader_l3.o (symbol from plugin)
TMR_SR_cmdGetReaderConfiguration                  ./source/serial_reader_l3.o (symbol from plugin)
                                                  C:\Users\apanchal\AppData\Local\Temp\ccAzJv6G.debug.temp.o
                                                  ./source/serial_reader.o (symbol from plugin)
TMR_SR_cmdGetReaderStats                          ./source/serial_reader_l3.o (symbol from plugin)
                                                  C:\Users\apanchal\AppData\Local\Temp\ccAzJv6G.debug.temp.o
                                                  ./source/serial_reader.o (symbol from plugin)
TMR_SR_cmdGetRegion                               ./source/serial_reader_l3.o (symbol from plugin)
                                                  C:\Users\apanchal\AppData\Local\Temp\ccAzJv6G.debug.temp.o
                                                  ./source/serial_reader.o (symbol from plugin)
TMR_SR_cmdGetTagsRemaining                        ./source/serial_reader_l3.o (symbol from plugin)
                                                  C:\Users\apanchal\AppData\Local\Temp\ccAzJv6G.debug.temp.o
                                                  ./source/serial_reader.o (symbol from plugin)
TMR_SR_cmdGetTemperature                          ./source/serial_reader_l3.o (symbol from plugin)
                                                  C:\Users\apanchal\AppData\Local\Temp\ccAzJv6G.debug.temp.o
                                                  ./source/serial_reader.o (symbol from plugin)
TMR_SR_cmdGetTxRxPorts                            ./source/serial_reader_l3.o (symbol from plugin)
TMR_SR_cmdGetWriteTxPower                         ./source/serial_reader_l3.o (symbol from plugin)
                                                  C:\Users\apanchal\AppData\Local\Temp\ccAzJv6G.debug.temp.o
                                                  ./source/serial_reader.o (symbol from plugin)
TMR_SR_cmdMultipleProtocolSearch                  ./source/serial_reader_l3.o (symbol from plugin)
                                                  C:\Users\apanchal\AppData\Local\Temp\ccAzJv6G.debug.temp.o
                                                  ./source/serial_reader.o (symbol from plugin)
TMR_SR_cmdPassThrough                             ./source/serial_reader_l3.o (symbol from plugin)
                                                  C:\Users\apanchal\AppData\Local\Temp\ccAzJv6G.debug.temp.o
                                                  ./source/serial_reader.o (symbol from plugin)
TMR_SR_cmdProbeBaudRate                           ./source/serial_reader.o (symbol from plugin)
                                                  C:\Users\apanchal\AppData\Local\Temp\ccvXdniR.debug.temp.o
                                                  ./source/serial_reader_l3.o (symbol from plugin)
TMR_SR_cmdReadMemory                              ./source/serial_reader_l3.o (symbol from plugin)
                                                  C:\Users\apanchal\AppData\Local\Temp\ccAzJv6G.debug.temp.o
                                                  ./source/serial_reader.o (symbol from plugin)
TMR_SR_cmdReadTagMultiple                         ./source/serial_reader_l3.o (symbol from plugin)
                                                  C:\Users\apanchal\AppData\Local\Temp\ccAzJv6G.debug.temp.o
                                                  ./source/serial_reader.o (symbol from plugin)
TMR_SR_cmdResetReaderStats                        ./source/serial_reader_l3.o (symbol from plugin)
                                                  C:\Users\apanchal\AppData\Local\Temp\ccAzJv6G.debug.temp.o
                                                  ./source/serial_reader.o (symbol from plugin)
TMR_SR_cmdSetAntennaSearchList                    ./source/serial_reader_l3.o (symbol from plugin)
                                                  C:\Users\apanchal\AppData\Local\Temp\ccAzJv6G.debug.temp.o
                                                  ./source/serial_reader.o (symbol from plugin)
TMR_SR_cmdSetBaudRate                             ./source/serial_reader_l3.o (symbol from plugin)
                                                  C:\Users\apanchal\AppData\Local\Temp\ccAzJv6G.debug.temp.o
                                                  ./source/serial_reader.o (symbol from plugin)
TMR_SR_cmdSetGPIO                                 ./source/serial_reader_l3.o (symbol from plugin)
                                                  C:\Users\apanchal\AppData\Local\Temp\ccAzJv6G.debug.temp.o
                                                  ./source/serial_reader.o (symbol from plugin)
TMR_SR_cmdSetGPIODirection                        ./source/serial_reader_l3.o (symbol from plugin)
                                                  C:\Users\apanchal\AppData\Local\Temp\ccAzJv6G.debug.temp.o
                                                  ./source/serial_reader.o (symbol from plugin)
TMR_SR_cmdSetMode                                 ./source/serial_reader_l3.o (symbol from plugin)
TMR_SR_cmdSetPowerMode                            ./source/serial_reader_l3.o (symbol from plugin)
                                                  C:\Users\apanchal\AppData\Local\Temp\ccAzJv6G.debug.temp.o
                                                  ./source/serial_reader.o (symbol from plugin)
TMR_SR_cmdSetProtocol                             ./source/serial_reader_l3.o (symbol from plugin)
                                                  C:\Users\apanchal\AppData\Local\Temp\ccAzJv6G.debug.temp.o
                                                  ./source/serial_reader.o (symbol from plugin)
TMR_SR_cmdSetProtocolConfiguration                ./source/serial_reader_l3.o (symbol from plugin)
                                                  C:\Users\apanchal\AppData\Local\Temp\ccAzJv6G.debug.temp.o
                                                  ./source/serial_reader.o (symbol from plugin)
TMR_SR_cmdSetProtocolLicenseKey                   ./source/serial_reader_l3.o (symbol from plugin)